[2026-05-22 08:36:18] : Begin
--------------------
*MCUTYPE* : STC8H3K64S4
*FILENAME* : E:\HuaweiMoveData\Users\胡珂\Desktop\主控板程序框架(新)\主控板程序框架\主控板程序框架\Objects\程序.hex
*FILETIME* : 2026年05月22日, 08:35:30
*FILESIZE* : 5573 (0x0015C5)
*CODESIZE* : 3871 (0x000F1F)
*CHECKSUM* : 0x000B1F31
*ISPMODE* : 2
*ISPRESULT* : 4
--------------------
[2026-05-22 08:36:19] : End
--------------------------------------------------
[2026-05-22 08:36:47] : Begin
--------------------
*MCUTYPE* : STC8H3K64S4
*FILENAME* : E:\HuaweiMoveData\Users\胡珂\Desktop\主控板程序框架(新)\主控板程序框架\主控板程序框架\Objects\程序.hex
*FILETIME* : 2026年05月22日, 08:35:30
*FILESIZE* : 5573 (0x0015C5)
*CODESIZE* : 3871 (0x000F1F)
*CHECKSUM* : 0x000B1F31
*ISPMODE* : 2
*ISPRESULT* : 4
--------------------
[2026-05-22 08:36:49] : End
--------------------------------------------------
[2026-05-22 08:37:14] : Begin
--------------------
*MCUTYPE* : STC8H3K64S4
*FILENAME* : E:\HuaweiMoveData\Users\胡珂\Desktop\主控板程序框架(新)\主控板程序框架\主控板程序框架\Objects\程序.hex
*FILETIME* : 2026年05月22日, 08:35:30
*FILESIZE* : 5573 (0x0015C5)
*CODESIZE* : 3871 (0x000F1F)
*CHECKSUM* : 0x000B1F31
*ISPMODE* : 2
*ISPRESULT* : 4
--------------------
[2026-05-22 08:37:18] : End
--------------------------------------------------
[2026-05-22 08:38:07] : Begin
--------------------
*MCUTYPE* : STC8H3K64S4
*MCUID* : F744C52917BC28
*FILENAME* : E:\HuaweiMoveData\Users\胡珂\Desktop\主控板程序框架(新)\主控板程序框架\主控板程序框架\Objects\程序.hex
*FILETIME* : 2026年05月22日, 08:35:30
*FILESIZE* : 5573 (0x0015C5)
*CODESIZE* : 3871 (0x000F1F)
*CHECKSUM* : 0x000B1F31
*ISPMODE* : 2
*ISPRESULT* : 0
--------------------
[2026-05-22 08:38:11] : End
--------------------------------------------------
[2026-05-22 08:44:40] : Begin
--------------------
*MCUTYPE* : STC15W408AS
*FILENAME* : D:\downloads\Edge\红绿灯程序框架（新）\红绿灯程序框架\Objects\程序.hex
*FILETIME* : 2026年05月22日, 08:41:59
*FILESIZE* : 1638 (0x000666)
*CODESIZE* : 2572 (0x000A0C)
*CHECKSUM* : 0x0008F8AF
*ISPMODE* : 2
*ISPRESULT* : 4
--------------------
[2026-05-22 08:44:44] : End
--------------------------------------------------
[2026-05-22 08:45:11] : Begin
--------------------
*MCUTYPE* : STC15W408AS
*MCUID* : F51FC38A0A9B2F
*FILENAME* : D:\downloads\Edge\红绿灯程序框架（新）\红绿灯程序框架\Objects\程序.hex
*FILETIME* : 2026年05月22日, 08:41:59
*FILESIZE* : 1638 (0x000666)
*CODESIZE* : 2572 (0x000A0C)
*CHECKSUM* : 0x0008F8AF
*ISPMODE* : 2
*ISPRESULT* : 0
--------------------
[2026-05-22 08:45:17] : End
--------------------------------------------------
[2026-05-22 08:56:19] : Begin
--------------------
*MCUTYPE* : STC8H3K64S4
*FILENAME* : D:\downloads\Edge\红绿灯程序框架（新）\红绿灯程序框架\Objects\程序.hex
*FILETIME* : 2026年05月22日, 08:41:59
*FILESIZE* : 1638 (0x000666)
*CODESIZE* : 2572 (0x000A0C)
*CHECKSUM* : 0x0008F8AF
*ISPMODE* : 2
*ISPRESULT* : 4
--------------------
[2026-05-22 08:56:23] : End
--------------------------------------------------
[2026-05-22 08:56:48] : Begin
--------------------
*MCUTYPE* : STC8H3K64S4
*MCUID* : F744C62C136E7D
*FILENAME* : D:\downloads\Edge\红绿灯程序框架（新）\红绿灯程序框架\Objects\程序.hex
*FILETIME* : 2026年05月22日, 08:41:59
*FILESIZE* : 1638 (0x000666)
*CODESIZE* : 2572 (0x000A0C)
*CHECKSUM* : 0x0008F8AF
*ISPMODE* : 2
*ISPRESULT* : 0
--------------------
[2026-05-22 08:56:53] : End
--------------------------------------------------
[2026-05-22 09:45:27] : Begin
--------------------
*MCUTYPE* : STC15W408AS
*FILENAME* : D:\downloads\Edge\红绿灯程序框架（新）\红绿灯程序框架\Objects\程序.hex
*FILETIME* : 2026年05月22日, 09:45:27
*FILESIZE* : 2164 (0x000874)
*CODESIZE* : 2744 (0x000AB8)
*CHECKSUM* : 0x000937D7
*ISPMODE* : 2
*ISPRESULT* : 4
--------------------
[2026-05-22 09:45:32] : End
--------------------------------------------------
[2026-05-22 09:46:07] : Begin
--------------------
*MCUTYPE* : STC15W408AS
*MCUID* : F51FC38A0A9B2F
*FILENAME* : E:\HuaweiMoveData\Users\胡珂\Desktop\红绿灯程序框架（新）\红绿灯程序框架\Objects\程序.hex
*FILETIME* : 2026年05月22日, 08:41:59
*FILESIZE* : 1638 (0x000666)
*CODESIZE* : 2572 (0x000A0C)
*CHECKSUM* : 0x0008F8AF
*ISPMODE* : 2
*ISPRESULT* : 0
--------------------
[2026-05-22 09:46:13] : End
--------------------------------------------------
[2026-05-22 09:48:03] : Begin
--------------------
*MCUTYPE* : STC15W408AS
*MCUID* : F51FC38A0A9B2F
*FILENAME* : E:\HuaweiMoveData\Users\胡珂\Desktop\红绿灯程序框架（新）\红绿灯程序框架\Objects\程序.hex
*FILETIME* : 2026年05月22日, 08:41:59
*FILESIZE* : 1638 (0x000666)
*CODESIZE* : 2572 (0x000A0C)
*CHECKSUM* : 0x0008F8AF
*ISPMODE* : 2
*ISPRESULT* : 0
--------------------
[2026-05-22 09:48:08] : End
--------------------------------------------------
[2026-05-22 09:49:36] : Begin
--------------------
*MCUTYPE* : STC15W408AS
*MCUID* : F51FC38A0A9B2F
*FILENAME* : D:\downloads\Edge\红绿灯程序框架（新）\红绿灯程序框架\Objects\程序.hex
*FILETIME* : 2026年05月22日, 09:45:27
*FILESIZE* : 2164 (0x000874)
*CODESIZE* : 2744 (0x000AB8)
*CHECKSUM* : 0x000937D7
*ISPMODE* : 2
*ISPRESULT* : 0
--------------------
[2026-05-22 09:49:41] : End
--------------------------------------------------
[2026-05-22 10:08:32] : Begin
--------------------
*MCUTYPE* : STC15W408AS
*MCUID* : F51FC38A0A9B2F
*FILENAME* : D:\downloads\Edge\红绿灯程序框架（新）\红绿灯程序框架\Objects\程序.hex
*FILETIME* : 2026年05月22日, 09:45:27
*FILESIZE* : 2164 (0x000874)
*CODESIZE* : 2744 (0x000AB8)
*CHECKSUM* : 0x000937D7
*ISPMODE* : 2
*ISPRESULT* : 0
--------------------
[2026-05-22 10:08:36] : End
--------------------------------------------------
[2026-05-22 10:08:51] : Begin
--------------------
*MCUTYPE* : STC15W408AS
*MCUID* : F51FC38A0A9B2F
*FILENAME* : D:\downloads\Edge\红绿灯程序框架（新）\红绿灯程序框架\Objects\程序.hex
*FILETIME* : 2026年05月22日, 09:45:27
*FILESIZE* : 2164 (0x000874)
*CODESIZE* : 2744 (0x000AB8)
*CHECKSUM* : 0x000937D7
*ISPMODE* : 2
*ISPRESULT* : 0
--------------------
[2026-05-22 10:08:55] : End
--------------------------------------------------
[2026-05-22 10:19:22] : Begin
--------------------
*MCUTYPE* : STC8H3K64S4
*FILENAME* : E:\HuaweiMoveData\Users\胡珂\Desktop\主控板程序框架(新)红绿灯\主控板程序框架\主控板程序框架\Objects\程序.hex
*FILETIME* : 2026年05月22日, 08:35:30
*FILESIZE* : 5573 (0x0015C5)
*CODESIZE* : 3871 (0x000F1F)
*CHECKSUM* : 0x000B1F31
*ISPMODE* : 2
*ISPRESULT* : 4
--------------------
[2026-05-22 10:19:27] : End
--------------------------------------------------
[2026-05-22 10:19:38] : Begin
--------------------
*MCUTYPE* : STC8H3K64S4
*MCUID* : F744C62C136E7D
*FILENAME* : E:\HuaweiMoveData\Users\胡珂\Desktop\主控板程序框架(新)红绿灯\主控板程序框架\主控板程序框架\Objects\程序.hex
*FILETIME* : 2026年05月22日, 08:35:30
*FILESIZE* : 5573 (0x0015C5)
*CODESIZE* : 3871 (0x000F1F)
*CHECKSUM* : 0x000B1F31
*ISPMODE* : 2
*ISPRESULT* : 0
--------------------
[2026-05-22 10:19:44] : End
--------------------------------------------------
[2026-05-22 10:43:24] : Begin
--------------------
*MCUTYPE* : STC8H3K64S4
*MCUID* : F744C52917BC28
*FILENAME* : E:\HuaweiMoveData\Users\胡珂\Desktop\停车场\主控板程序框架(入口)\主控板程序框架\主控板程序框架\Objects\程序.hex
*FILETIME* : 2026年05月22日, 08:35:30
*FILESIZE* : 5573 (0x0015C5)
*CODESIZE* : 3871 (0x000F1F)
*CHECKSUM* : 0x000B1F31
*ISPMODE* : 2
*ISPRESULT* : 0
--------------------
[2026-05-22 10:43:30] : End
--------------------------------------------------
[2026-05-22 10:44:26] : Begin
--------------------
*MCUTYPE* : STC8H3K64S4
*FILENAME* : E:\HuaweiMoveData\Users\胡珂\Desktop\停车场\主控板程序框架(入口)\主控板程序框架\主控板程序框架\Objects\程序.hex
*FILETIME* : 2026年05月22日, 10:44:25
*FILESIZE* : 4952 (0x001358)
*CODESIZE* : 3658 (0x000E4A)
*CHECKSUM* : 0x000AC5AE
*ISPMODE* : 2
*ISPRESULT* : -1
--------------------
[2026-05-22 10:44:35] : End
--------------------------------------------------
[2026-05-22 10:45:13] : Begin
--------------------
*MCUTYPE* : STC8H3K64S4
*MCUID* : F744C4471813CF
*FILENAME* : E:\HuaweiMoveData\Users\胡珂\Desktop\停车场\主控板程序框架(入口)\主控板程序框架\主控板程序框架\Objects\程序.hex
*FILETIME* : 2026年05月22日, 10:44:25
*FILESIZE* : 4952 (0x001358)
*CODESIZE* : 3658 (0x000E4A)
*CHECKSUM* : 0x000AC5AE
*ISPMODE* : 2
*ISPRESULT* : 0
--------------------
[2026-05-22 10:45:19] : End
--------------------------------------------------
[2026-05-22 10:45:32] : Begin
--------------------
*MCUTYPE* : STC8H3K64S4
*MCUID* : F744C52917BC28
*FILENAME* : E:\HuaweiMoveData\Users\胡珂\Desktop\停车场\主控板程序框架(入口)\主控板程序框架\主控板程序框架\Objects\程序.hex
*FILETIME* : 2026年05月22日, 10:44:25
*FILESIZE* : 4952 (0x001358)
*CODESIZE* : 3658 (0x000E4A)
*CHECKSUM* : 0x000AC5AE
*ISPMODE* : 2
*ISPRESULT* : 0
--------------------
[2026-05-22 10:45:35] : End
--------------------------------------------------
[2026-05-22 10:46:35] : Begin
--------------------
*MCUTYPE* : STC8H3K64S4
*MCUID* : F744C4471813CF
*FILENAME* : E:\HuaweiMoveData\Users\胡珂\Desktop\停车场\主控板程序框架(出口)\主控板程序框架(新)(1)\主控板程序框架(新)\主控板程序框架\主控板程序框架\Objects\程序.hex
*FILETIME* : 2026年05月22日, 10:45:56
*FILESIZE* : 5615 (0x0015EF)
*CODESIZE* : 3895 (0x000F37)
*CHECKSUM* : 0x000B351D
*ISPMODE* : 2
*ISPRESULT* : 0
--------------------
[2026-05-22 10:46:41] : End
--------------------------------------------------
[2026-05-22 14:05:18] : Begin
--------------------
*MCUTYPE* : STC8H3K64S4
*MCUID* : F744C52917BC28
*FILENAME* : E:\HuaweiMoveData\Users\胡珂\Desktop\停车场\主控板程序框架(入口)\主控板程序框架\主控板程序框架\Objects\程序.hex
*FILETIME* : 2026年05月22日, 14:04:12
*FILESIZE* : 5335 (0x0014D7)
*CODESIZE* : 3791 (0x000ECF)
*CHECKSUM* : 0x000AFF36
*ISPMODE* : 2
*ISPRESULT* : 0
--------------------
[2026-05-22 14:05:22] : End
--------------------------------------------------
[2026-05-22 14:05:52] : Begin
--------------------
*MCUTYPE* : STC8H3K64S4
*MCUID* : F744C4471813CF
*FILENAME* : E:\HuaweiMoveData\Users\胡珂\Desktop\停车场\主控板程序框架(出口)\主控板程序框架(新)(1)\主控板程序框架(新)\主控板程序框架\主控板程序框架\Objects\程序.hex
*FILETIME* : 2026年05月22日, 11:15:46
*FILESIZE* : 5627 (0x0015FB)
*CODESIZE* : 3901 (0x000F3D)
*CHECKSUM* : 0x000B38AF
*ISPMODE* : 2
*ISPRESULT* : 0
--------------------
[2026-05-22 14:05:58] : End
--------------------------------------------------
[2026-05-22 14:06:40] : Begin
--------------------
*MCUTYPE* : STC8H3K64S4
*MCUID* : F744C5431806A9
*FILENAME* : E:\HuaweiMoveData\Users\胡珂\Desktop\停车场\智能小车程序框架_latest\智能小车程序框架\智能小车.hex
*FILETIME* : 2026年05月22日, 11:34:58
*FILESIZE* : 6094 (0x0017CE)
*CODESIZE* : 2034 (0x0007F2)
*CHECKSUM* : 0x0003E9C3
*ISPMODE* : 2
*ISPRESULT* : 0
--------------------
[2026-05-22 14:06:49] : End
--------------------------------------------------
[2026-05-22 14:32:01] : Begin
--------------------
*MCUTYPE* : STC8H3K64S4
*MCUID* : F744C52917BC28
*FILENAME* : E:\HuaweiMoveData\Users\胡珂\Desktop\停车场\主控板程序框架(入口)\主控板程序框架\主控板程序框架\Objects\程序.hex
*FILETIME* : 2026年05月22日, 14:31:26
*FILESIZE* : 5313 (0x0014C1)
*CODESIZE* : 3793 (0x000ED1)
*CHECKSUM* : 0x000AFE7F
*ISPMODE* : 2
*ISPRESULT* : 0
--------------------
[2026-05-22 14:32:05] : End
--------------------------------------------------
[2026-05-22 14:41:22] : Begin
--------------------
*MCUTYPE* : STC8H3K64S4
*FILENAME* : E:\HuaweiMoveData\Users\胡珂\Desktop\停车场\主控板程序框架(入口)\主控板程序框架\主控板程序框架\Objects\程序.hex
*FILETIME* : 2026年05月22日, 14:41:21
*FILESIZE* : 5280 (0x0014A0)
*CODESIZE* : 3783 (0x000EC7)
*CHECKSUM* : 0x000AF6D9
*ISPMODE* : 2
*ISPRESULT* : -1
--------------------
[2026-05-22 14:41:28] : End
--------------------------------------------------
[2026-05-22 14:41:50] : Begin
--------------------
*MCUTYPE* : STC8H3K64S4
*MCUID* : F744C52917BC28
*FILENAME* : E:\HuaweiMoveData\Users\胡珂\Desktop\停车场\主控板程序框架(入口)\主控板程序框架\主控板程序框架\Objects\程序.hex
*FILETIME* : 2026年05月22日, 14:41:21
*FILESIZE* : 5280 (0x0014A0)
*CODESIZE* : 3783 (0x000EC7)
*CHECKSUM* : 0x000AF6D9
*ISPMODE* : 2
*ISPRESULT* : 0
--------------------
[2026-05-22 14:41:56] : End
--------------------------------------------------
[2026-05-22 14:59:32] : Begin
--------------------
*MCUTYPE* : STC8H3K64S4
*FILENAME* : E:\HuaweiMoveData\Users\胡珂\Desktop\停车场\主控板程序框架(入口)\主控板程序框架\主控板程序框架\Objects\程序.hex
*FILETIME* : 2026年05月22日, 14:59:32
*FILESIZE* : 4929 (0x001341)
*CODESIZE* : 3653 (0x000E45)
*CHECKSUM* : 0x000AB02C
*ISPMODE* : 2
*ISPRESULT* : -1
--------------------
[2026-05-22 14:59:43] : End
--------------------------------------------------
[2026-05-22 15:00:17] : Begin
--------------------
*MCUTYPE* : STC8H3K64S4
*MCUID* : F744C52917BC28
*FILENAME* : E:\HuaweiMoveData\Users\胡珂\Desktop\停车场\主控板程序框架(入口)\主控板程序框架\主控板程序框架\Objects\程序.hex
*FILETIME* : 2026年05月22日, 14:59:32
*FILESIZE* : 4929 (0x001341)
*CODESIZE* : 3653 (0x000E45)
*CHECKSUM* : 0x000AB02C
*ISPMODE* : 2
*ISPRESULT* : 0
--------------------
[2026-05-22 15:00:22] : End
--------------------------------------------------
[2026-05-22 15:12:53] : Begin
--------------------
*MCUTYPE* : STC8H3K64S4
*MCUID* : F744C52917BC28
*FILENAME* : E:\HuaweiMoveData\Users\胡珂\Desktop\停车场\主控板程序框架(入口)\主控板程序框架\主控板程序框架\Objects\程序.hex
*FILETIME* : 2026年05月22日, 14:59:32
*FILESIZE* : 4929 (0x001341)
*CODESIZE* : 3653 (0x000E45)
*CHECKSUM* : 0x000AB02C
*ISPMODE* : 2
*ISPRESULT* : 0
--------------------
[2026-05-22 15:12:59] : End
--------------------------------------------------
[2026-05-22 15:16:27] : Begin
[2026-05-22 15:17:11] : Begin
--------------------
*MCUTYPE* : STC8H3K64S4
*MCUID* : F744C52917BC28
*FILENAME* : E:\HuaweiMoveData\Users\胡珂\Desktop\停车场\主控板程序框架(入口)\主控板程序框架\主控板程序框架\Objects\程序.hex
*FILETIME* : 2026年05月22日, 15:16:25
*FILESIZE* : 5184 (0x001440)
*CODESIZE* : 3735 (0x000E97)
*CHECKSUM* : 0x000AE3A3
*ISPMODE* : 2
*ISPRESULT* : 0
--------------------
[2026-05-22 15:17:15] : End
--------------------------------------------------
[2026-05-22 15:18:23] : Begin
--------------------
*MCUTYPE* : STC8H3K64S4
*MCUID* : F744C4471813CF
*FILENAME* : E:\HuaweiMoveData\Users\胡珂\Desktop\停车场\主控板程序框架(出口)\主控板程序框架(新)(1)\主控板程序框架(新)\主控板程序框架\主控板程序框架\Objects\程序.hex
*FILETIME* : 2026年05月22日, 15:17:56
*FILESIZE* : 5633 (0x001601)
*CODESIZE* : 3904 (0x000F40)
*CHECKSUM* : 0x000B3AFE
*ISPMODE* : 2
*ISPRESULT* : 0
--------------------
[2026-05-22 15:18:28] : End
--------------------------------------------------
