C51 COMPILER V9.60.0.0   ________                                                          05/15/2026 11:11:13 PAGE 1   


C51 COMPILER V9.60.0.0, COMPILATION OF MODULE ________
OBJECT MODULE PLACED IN 智能小车.OBJ
COMPILER INVOKED BY: D:\keil5\C51\BIN\C51.EXE 智能小车.c OPTIMIZE(8,SPEED) BROWSE DEBUG OBJECTEXTEND TABS(2)

line level    source

   1          /* ?????????11.0592MHZ */
   2          #include "stc15.h"
   3          #include "intrins.h"
   4          #include "stdio.h"
   5          #define  uchar unsigned char
   6          #define  uint  unsigned int
   7          
   8          /////////////////////////////////////////////////??????
   9          uchar xdata BT = 0;             //??????
  10          //////////////////////////////PWM?????????
  11          uchar  SPEED_L = 10;   // ?????????
  12          uchar  SPEED_R = 10;   // ?????????
  13          uchar  t_count = 0;    // PWM????? 0~99
  14          /////////////////////////// (??) ????
  15          // ???????
  16          sbit   PWM1_L = P1^2;
  17          sbit   PWM2_L = P1^3;
  18          // ???????
  19          sbit   PWM1_R = P1^4;
  20          sbit   PWM2_R = P1^5;
  21          //?????????
  22          uchar  DIR_L,DIR_R;
  23          /////////////////////////////////////??????
  24          sbit   HWL =  P1^6;    //????IO??
  25          sbit   HWZ =  P3^4;    //????IO??
  26          sbit   HWR =  P1^7;    //????IO??
  27          ////////////////////////////////////
  28          sbit   led =  P5^4;     //???IO??,??????
  29          ////////////////////////////////////????
  30          void delayms(uint xms)
  31          {
  32   1        uchar j;uint i;
  33   1        for(i=xms;i>0;i--)
  34   1        for(j=110;j>0;j--);
  35   1      }
  36          //////////////////////////////////???????(?????????????????)
  37          void uart_fa(uchar dat)
  38          {
  39   1         SBUF = dat ;
  40   1         while(!TI);
  41   1         TI = 0;
  42   1      }
  43          // ???putchar
  44          char putchar(char c) {
  45   1          SBUF = c;
  46   1          while(!TI);
  47   1          TI = 0;
  48   1          return c;
  49   1      }
  50          //////////////////////////////////???T0???
  51          void Timer0_Init( )   //100??@11.0592MHz
  52          {
  53   1        AUXR &= 0x7F;     //?????12T??
  54   1        TMOD &= 0xF0;     //???????
  55   1        TL0   = 0xA4;       //???????
C51 COMPILER V9.60.0.0   ________                                                          05/15/2026 11:11:13 PAGE 2   

  56   1        TH0   = 0xFF;       //???????
  57   1        ET0   = 1;          //??T0????
  58   1        TR0   = 0;          //?????0
  59   1      }
  60          //////////////////////////////////////???T2???9600
  61          void Uart1_Init(void) //9600bps@11.0592MHz
  62          {
  63   1        SCON = 0x50;    //8???,?????
  64   1        AUXR |= 0x01;   //??1?????2???????
  65   1        AUXR &= 0xFB;   //?????12T??
  66   1        T2L = 0xE8;     //???????
  67   1        T2H = 0xFF;     //???????
  68   1        AUXR |= 0x10;   //???2????
  69   1      }
  70          ///////////////////////////////////////////////??
  71          void Stop( )
  72          {
  73   1        TR0    = 0;                     //?????T0
  74   1        PWM1_L = 0;
  75   1        PWM2_L = 0;
  76   1        PWM1_R = 0;
  77   1        PWM2_R = 0;
  78   1      }
  79          ///////////////////////////////////////////////??
  80          void Forward (uchar speed_L, uchar speed_R)
  81          {
  82   1        TR0 =  1;   //????T0
  83   1        DIR_L= 1; SPEED_L = speed_L;
  84   1        DIR_R= 0; SPEED_R = speed_R;
  85   1      }
  86          ///////////////////////////////////////////////??
  87          void Backward (uchar speed_L, uchar speed_R)
  88          {
  89   1        TR0 =  1;   //????T0
  90   1        DIR_L= 0; SPEED_L = speed_L;
  91   1        DIR_R= 1; SPEED_R = speed_R;
  92   1      }
  93          ///////////////////////////////////////////////??
  94          void Left (uchar speed_L, uchar speed_R)
  95          {
  96   1        TR0 =  1;   //????T0
  97   1        DIR_L= 1; SPEED_L = speed_L;
  98   1        DIR_R= 1; SPEED_R = speed_R;
  99   1      }
 100          ///////////////////////////////////////////////??
 101          void Right (uchar speed_L, uchar speed_R)
 102          {
 103   1        TR0 =  1;   //????T0
 104   1        DIR_L= 0; SPEED_L = speed_L;
 105   1        DIR_R= 0; SPEED_R = speed_R;
 106   1      }
 107          //////////////////////////////////////////////????
 108          void init( )
 109          {
 110   1        P1M0 = 0xFF; P1M1 = 0x00;
 111   1        P2M0 = 0x00; P2M1 = 0x00;
 112   1        P3M0 = 0x00; P3M1 = 0x00;
 113   1        P5M0 = 0x00; P5M1 = 0x00;
 114   1        Timer0_Init( );             //???T0???
 115   1        Uart1_Init( );              //???????
 116   1        ES    = 1;                  //????1??
 117   1        EA    = 1;                  //?????
C51 COMPILER V9.60.0.0   ________                                                          05/15/2026 11:11:13 PAGE 3   

 118   1        P_SW1 = 0x40;               //????1???P3.6?P3.7????
 119   1      }
 120          void main()
 121          {
 122   1        uint a;
 123   1        init();                     //?????
 124   1      
 125   1        delayms(1000);
 126   1        printf("AT+BMHK\r\n");
 127   1        delayms(1000);
 128   1        printf("AT+BDHK\r\n");
 129   1        delayms(1000);
 130   1      
 131   1        while(1)
 132   1        {
 133   2          ///////////////////////////////////????????
 134   2          a++;
 135   2          if(a==50000){a=0;led=~led;}
 136   2      
 137   2          //////////////////////////////////????
 138   2          if(BT==0x01)
 139   2          {
 140   3            BT = 0;
 141   3            Forward (80,80);
 142   3          }
 143   2          if(BT==0x02)
 144   2          {
 145   3            BT = 0;
 146   3            Stop( );
 147   3          }
 148   2      
 149   2          //////////////////////////////////??(???????)
 150   2          if(BT == 0x0C)
 151   2          {
 152   3            uchar left  = HWL;
 153   3            uchar mid   = HWZ;
 154   3            uchar right = HWR;
 155   3      
 156   3            if(left == 0 && mid == 0 && right == 0)
 157   3            {
 158   4              Stop();
 159   4            }
 160   3            else if(left == 1 && mid == 1 && right == 1)
 161   3            {
 162   4              Forward(75,75);
 163   4            }
 164   3            else if(left == 0 && mid == 1 && right == 0)
 165   3            {
 166   4              Forward(60,60);
 167   4            }
 168   3            else if(left == 1 && mid == 1 && right == 0)
 169   3            {
 170   4              Forward(55,70);
 171   4            }
 172   3            else if(left == 0 && mid == 1 && right == 1)
 173   3            {
 174   4              Forward(70,55);
 175   4            }
 176   3            else if(left == 1 && mid == 0 && right == 0)
 177   3            {
 178   4              Forward(45,80);
 179   4            }
C51 COMPILER V9.60.0.0   ________                                                          05/15/2026 11:11:13 PAGE 4   

 180   3            else if(left == 0 && mid == 0 && right == 1)
 181   3            {
 182   4              Forward(80,45);
 183   4            }
 184   3            else if(left == 1 && mid == 0 && right == 1)
 185   3            {
 186   4              Forward(60,60);
 187   4            }
 188   3          }
 189   2        }
 190   1      }
 191          //////////////////////////////////////////////// ???0,100us?????? - ??PWM??
 192          void Timer0_ISR( ) interrupt 1
 193          {
 194   1        t_count++;
 195   1        if(t_count >= 100){t_count = 0;}
 196   1      
 197   1      ////////////////////////////////////////// ??? PWM
 198   1        if(DIR_L==0)
 199   1        {
 200   2          PWM2_L = 1;
 201   2          if(t_count < SPEED_L)
 202   2          PWM1_L = 1;
 203   2          else
 204   2          PWM1_L = 0;
 205   2        }
 206   1        if(DIR_L==1)
 207   1        {
 208   2          PWM1_L = 1;
 209   2          if(t_count < SPEED_L)
 210   2          PWM2_L = 1;
 211   2          else
 212   2          PWM2_L = 0;
 213   2        }
 214   1      
 215   1      ////////////////////////////////////////////??? PWM
 216   1        if(DIR_R==0)
 217   1        {
 218   2          PWM2_R = 1;
 219   2          if(t_count < SPEED_R)
 220   2          PWM1_R = 1;
 221   2          else
 222   2          PWM1_R = 0;
 223   2        }
 224   1        if(DIR_R==1)
 225   1        {
 226   2          PWM1_R = 1;
 227   2          if(t_count < SPEED_R)
 228   2          PWM2_R = 1;
 229   2          else
 230   2          PWM2_R = 0;
 231   2        }
 232   1      }
 233          ///////////////////////////////////////////??????
 234          void Uart_1( ) interrupt 4
 235          {
 236   1        if(RI)
 237   1        {
 238   2          RI = 0;
 239   2          BT = SBUF;
 240   2        }
 241   1      }
C51 COMPILER V9.60.0.0   ________                                                          05/15/2026 11:11:13 PAGE 5   



MODULE INFORMATION:   STATIC OVERLAYABLE
   CODE SIZE        =    636    ----
   CONSTANT SIZE    =     20    ----
   XDATA SIZE       =      1    ----
   PDATA SIZE       =   ----    ----
   DATA SIZE        =      5       5
   IDATA SIZE       =   ----    ----
   BIT SIZE         =   ----    ----
END OF MODULE INFORMATION.


C51 COMPILATION COMPLETE.  0 WARNING(S),  0 ERROR(S)
