BL51 BANKED LINKER/LOCATER V6.22.4.0                                                    05/22/2026  09:43:46  PAGE 1


BL51 BANKED LINKER/LOCATER V6.22.4.0, INVOKED BY:
D:\KEIL5\C51\BIN\BL51.EXE .\Objects\STARTUP.obj, .\Objects\程序.obj TO .\Objects\程序 PRINT (.\Listings\程序.m51) RAMSIZ
>> E (256)


MEMORY MODEL: SMALL


INPUT MODULES INCLUDED:
  .\Objects\STARTUP.obj (?C_STARTUP)
  .\Objects\程序.obj (____)
  D:\KEIL5\C51\LIB\C51S.LIB (?C_INIT)
  D:\KEIL5\C51\LIB\C51S.LIB (?C?CLDOPTR)
  D:\KEIL5\C51\LIB\C51S.LIB (?C?UIDIV)


LINK MAP OF MODULE:  .\Objects\程序 (?C_STARTUP)


            TYPE    BASE      LENGTH    RELOCATION   SEGMENT NAME
            -----------------------------------------------------

            * * * * * * *   D A T A   M E M O R Y   * * * * * * *
            REG     0000H     0008H     ABSOLUTE     "REG BANK 0"
            DATA    0008H     0007H     UNIT         _DATA_GROUP_
            DATA    000FH     0004H     UNIT         ?DT?_SPEECH?____
                    0013H     000DH                  *** GAP ***
            BIT     0020H.0   0001H.0   UNIT         ?BI?____
            DATA    0021H     001DH     UNIT         ?DT?____
            IDATA   003EH     0001H     UNIT         ?STACK

            * * * * * * *  X D A T A   M E M O R Y  * * * * * * *
            XDATA   0000H     0040H     UNIT         ?XD?____

            * * * * * * *   C O D E   M E M O R Y   * * * * * * *
            CODE    0000H     0003H     ABSOLUTE     
            CODE    0003H     0008H     UNIT         ?PR?_UART_FA?____
            CODE    000BH     0003H     ABSOLUTE     
            CODE    000EH     000CH     UNIT         ?PR?INIT1650?____
                    001AH     0001H                  *** GAP ***
            CODE    001BH     0003H     ABSOLUTE     
            CODE    001EH     0022H     UNIT         ?PR?_WRBYTE1650?____
                    0040H     0003H                  *** GAP ***
            CODE    0043H     0003H     ABSOLUTE     
            CODE    0046H     0038H     UNIT         ?PR?UART2ISR?____
            CODE    007EH     000AH     UNIT         ?PR?START1650?____
                    0088H     0003H                  *** GAP ***
            CODE    008BH     0003H     ABSOLUTE     
                    008EH     0005H                  *** GAP ***
            CODE    0093H     0003H     ABSOLUTE     
            CODE    0096H     00DFH     UNIT         ?PR?_SPEECH_START?____
            CODE    0175H     008CH     UNIT         ?C_C51STARTUP
            CODE    0201H     0082H     UNIT         ?C?LIB_CODE
            CODE    0283H     007FH     UNIT         ?PR?_SPEECH?____
            CODE    0302H     0068H     UNIT         ?PR?MAIN?____
            CODE    036AH     0064H     UNIT         ?PR?DISPLAY?____
            CODE    03CEH     005BH     UNIT         ?PR?INIT?____
            CODE    0429H     0055H     UNIT         ?PR?UART4ISR?____
BL51 BANKED LINKER/LOCATER V6.22.4.0                                                  05/22/2026  09:43:46  PAGE 2


            CODE    047EH     004AH     UNIT         ?PR?TIMER0_ISR?____
            CODE    04C8H     004AH     UNIT         ?CO?____
            CODE    0512H     0046H     UNIT         ?PR?TIMER1_ISR?____
            CODE    0558H     0030H     UNIT         ?C_INITSEG
            CODE    0588H     0020H     UNIT         ?PR?_DELAYMS?____
            CODE    05A8H     0020H     UNIT         ?PR?IR_DETECT_PROCESS?____
            CODE    05C8H     001CH     UNIT         ?PR?_DELAY_US?____
            CODE    05E4H     001AH     UNIT         ?PR?_SET1650?____
            CODE    05FEH     0019H     UNIT         ?PR?ASK1650?____
            CODE    0617H     0017H     UNIT         ?PR?UART3ISR?____
            CODE    062EH     0011H     UNIT         ?PR?_TIMER0?____
            CODE    063FH     000AH     UNIT         ?PR?STOP1650?____
            CODE    0649H     0008H     UNIT         ?PR?_UART2SEND?____
            CODE    0651H     0008H     UNIT         ?PR?_UART3SEND?____
            CODE    0659H     0008H     UNIT         ?PR?_UART4SEND?____
            CODE    0661H     0007H     UNIT         ?PR?_SERVO_CONTROL?____



OVERLAY MAP OF MODULE:   .\Objects\程序 (?C_STARTUP)


SEGMENT                              DATA_GROUP 
  +--> CALLED SEGMENT              START    LENGTH
--------------------------------------------------
?C_C51STARTUP                      -----    -----
  +--> ?PR?MAIN?____
  +--> ?C_INITSEG

?PR?MAIN?____                      0008H    0002H
  +--> ?PR?INIT?____
  +--> ?CO?____
  +--> ?PR?INIT1650?____
  +--> ?PR?DISPLAY?____
  +--> ?PR?IR_DETECT_PROCESS?____
  +--> ?PR?_SERVO_CONTROL?____
  +--> ?PR?_SPEECH_START?____

?PR?INIT1650?____                  -----    -----
  +--> ?PR?_SET1650?____

?PR?_SET1650?____                  -----    -----
  +--> ?PR?START1650?____
  +--> ?PR?_WRBYTE1650?____
  +--> ?PR?ASK1650?____
  +--> ?PR?STOP1650?____

?PR?START1650?____                 -----    -----
  +--> ?PR?_DELAY_US?____

?PR?_WRBYTE1650?____               -----    -----
  +--> ?PR?_DELAY_US?____

?PR?ASK1650?____                   -----    -----
  +--> ?PR?_DELAY_US?____

?PR?STOP1650?____                  -----    -----
BL51 BANKED LINKER/LOCATER V6.22.4.0                                                  05/22/2026  09:43:46  PAGE 3


  +--> ?PR?_DELAY_US?____

?PR?DISPLAY?____                   -----    -----
  +--> ?CO?____
  +--> ?PR?_SET1650?____

?PR?_SERVO_CONTROL?____            -----    -----
  +--> ?PR?_TIMER0?____

?PR?_SPEECH_START?____             000AH    0005H
  +--> ?CO?____

*** NEW ROOT ***************************************************

?PR?TIMER0_ISR?____                -----    -----
  +--> ?PR?_TIMER0?____



SYMBOL TABLE OF MODULE:  .\Objects\程序 (?C_STARTUP)

  VALUE           TYPE          NAME
  ----------------------------------

  -------         MODULE        ?C_STARTUP
  C:0175H         SEGMENT       ?C_C51STARTUP
  I:003EH         SEGMENT       ?STACK
  C:0000H         PUBLIC        ?C_STARTUP
  D:00E0H         SYMBOL        ACC
  D:00F0H         SYMBOL        B
  D:0083H         SYMBOL        DPH
  D:0082H         SYMBOL        DPL
  N:0000H         SYMBOL        IBPSTACK
  N:0100H         SYMBOL        IBPSTACKTOP
  N:0080H         SYMBOL        IDATALEN
  C:0178H         SYMBOL        IDATALOOP
  N:0000H         SYMBOL        PBPSTACK
  N:0100H         SYMBOL        PBPSTACKTOP
  N:0000H         SYMBOL        PDATALEN
  N:0000H         SYMBOL        PDATASTART
  N:0000H         SYMBOL        PPAGE
  N:0000H         SYMBOL        PPAGEENABLE
  D:00A0H         SYMBOL        PPAGE_SFR
  D:0081H         SYMBOL        SP
  C:0175H         SYMBOL        STARTUP1
  N:0000H         SYMBOL        XBPSTACK
  N:0000H         SYMBOL        XBPSTACKTOP
  N:0000H         SYMBOL        XDATALEN
  N:0000H         SYMBOL        XDATASTART
  C:0000H         LINE#         126
  C:0175H         LINE#         133
  C:0177H         LINE#         134
  C:0178H         LINE#         135
  C:0179H         LINE#         136
  C:017BH         LINE#         185
  C:017EH         LINE#         196
  -------         ENDMOD        ?C_STARTUP
BL51 BANKED LINKER/LOCATER V6.22.4.0                                                  05/22/2026  09:43:46  PAGE 4



  -------         MODULE        ____
  C:0000H         SYMBOL        _ICE_DUMMY_
  D:0093H         PUBLIC        P0M1
  D:0092H         PUBLIC        P1M0
  D:0096H         PUBLIC        P2M0
  D:0091H         PUBLIC        P1M1
  D:0080H         PUBLIC        P0
  C:0046H         PUBLIC        Uart2Isr
  D:00B2H         PUBLIC        P3M0
  D:0095H         PUBLIC        P2M1
  D:0090H         PUBLIC        P1
  C:0617H         PUBLIC        Uart3Isr
  D:00B4H         PUBLIC        P4M0
  D:00B1H         PUBLIC        P3M1
  D:00A0H         PUBLIC        P2
  C:0429H         PUBLIC        Uart4Isr
  D:00CAH         PUBLIC        P5M0
  D:00B3H         PUBLIC        P4M1
  D:00B0H         PUBLIC        P3
  D:00C9H         PUBLIC        P5M1
  D:00C0H         PUBLIC        P4
  D:00C8H         PUBLIC        P5
  D:00E8H         PUBLIC        P6
  B:00A8H.7       PUBLIC        EA
  D:00F8H         PUBLIC        P7
  D:0025H         PUBLIC        Servo1PwmDat_Open
  D:0027H         PUBLIC        nBkm
  D:0028H         PUBLIC        table
  D:00A8H         PUBLIC        IE
  B:00B0H.2       PUBLIC        IR_IN
  C:04F8H         PUBLIC        head
  D:002CH         PUBLIC        Servo1PwmDat
  B:00A8H.4       PUBLIC        ES
  D:00B8H         PUBLIC        IP
  X:0000H         PUBLIC        speechBuf
  B:00D0H.7       PUBLIC        CY
  C:05A8H         PUBLIC        IR_Detect_Process
  D:002EH         PUBLIC        speechLen
  B:0098H.1       PUBLIC        TI
  B:00A0H.5       PUBLIC        PWM1
  C:0302H         PUBLIC        main
  D:0030H         PUBLIC        PC_dat
  C:001EH         PUBLIC        _WrByte1650
  D:0031H         PUBLIC        speechPos
  D:0099H         PUBLIC        SBUF
  C:062EH         PUBLIC        _Timer0
  D:0098H         PUBLIC        SCON
  D:0089H         PUBLIC        TMOD
  D:0088H         PUBLIC        TCON
  C:03CEH         PUBLIC        init
  B:00C8H.5       PUBLIC        led
  C:04EEH         PUBLIC        tab
  D:0033H         PUBLIC        dat
  C:05CEH         PUBLIC        _Delay_us
  D:00AFH         PUBLIC        IE2
  D:008EH         PUBLIC        AUXR
BL51 BANKED LINKER/LOCATER V6.22.4.0                                                  05/22/2026  09:43:46  PAGE 5


  B:0090H.2       PUBLIC        BUSY
  B:0020H.0       PUBLIC        busy
  C:0507H         PUBLIC        yingliang
  B:0020H.1       PUBLIC        speechSending
  B:00A8H.1       PUBLIC        ET0
  B:00A8H.3       PUBLIC        ET1
  B:0088H.5       PUBLIC        TF0
  D:008CH         PUBLIC        TH0
  C:0096H         PUBLIC        _Speech_Start
  B:0020H.2       PUBLIC        flag1
  D:008DH         PUBLIC        TH1
  B:0020H.3       PUBLIC        flag2
  D:00D6H         PUBLIC        T2H
  B:0020H.4       PUBLIC        flag3
  B:0020H.5       PUBLIC        IR_Car_Detect
  B:0020H.6       PUBLIC        flag4
  D:0034H         PUBLIC        ld
  D:008AH         PUBLIC        TL0
  C:04FDH         PUBLIC        shu
  D:008BH         PUBLIC        TL1
  D:00D7H         PUBLIC        T2L
  D:0035H         PUBLIC        sum
  B:0088H.4       PUBLIC        TR0
  B:0088H.6       PUBLIC        TR1
  C:0661H         PUBLIC        _Servo_Control
  D:0037H         PUBLIC        IR_Delay_Count
  B:0090H.6       PUBLIC        CLK
  C:0283H         PUBLIC        _Speech
  B:0090H.7       PUBLIC        DIO
  C:0649H         PUBLIC        _Uart2Send
  C:0651H         PUBLIC        _Uart3Send
  C:007EH         PUBLIC        Start1650
  C:0659H         PUBLIC        _Uart4Send
  C:000EH         PUBLIC        Init1650
  D:009BH         PUBLIC        S2BUF
  C:047EH         PUBLIC        Timer0_isr
  D:00ADH         PUBLIC        S3BUF
  C:0512H         PUBLIC        Timer1_isr
  D:0085H         PUBLIC        S4BUF
  C:0003H         PUBLIC        _uart_fa
  D:009AH         PUBLIC        S2CON
  D:0039H         PUBLIC        Gate_State
  D:003AH         PUBLIC        Gate_Timer
  D:00ACH         PUBLIC        S3CON
  D:0084H         PUBLIC        S4CON
  C:05FEH         PUBLIC        Ask1650
  D:003CH         PUBLIC        Servo1PwmDat_Close
  C:0588H         PUBLIC        _delayms
  C:063FH         PUBLIC        Stop1650
  C:036AH         PUBLIC        display
  B:0020H.7       PUBLIC        Servo_Status
  C:05E4H         PUBLIC        _Set1650
  D:00D0H         PUBLIC        PSW
  D:0094H         PUBLIC        P0M0
  -------         PROC          INIT1650
  C:000EH         LINE#         19
  C:000EH         LINE#         20
BL51 BANKED LINKER/LOCATER V6.22.4.0                                                  05/22/2026  09:43:46  PAGE 6


  -------         ENDPROC       INIT1650
  C:05CAH         SYMBOL        L?0117
  -------         PROC          L?0116
  -------         ENDPROC       L?0116
  C:05CAH         SYMBOL        L?0117
  -------         PROC          _DELAY_US
  D:0006H         SYMBOL        i
  C:05CEH         LINE#         24
  C:05CEH         LINE#         25
  C:05D7H         LINE#         26
  C:05D8H         LINE#         27
  C:05D9H         LINE#         28
  C:05DAH         LINE#         29
  C:05DBH         LINE#         30
  C:05DCH         LINE#         31
  C:05E3H         LINE#         32
  -------         ENDPROC       _DELAY_US
  -------         PROC          START1650
  C:007EH         LINE#         34
  C:007EH         LINE#         35
  C:0080H         LINE#         36
  C:0082H         LINE#         37
  C:0085H         LINE#         38
  C:0087H         LINE#         39
  -------         ENDPROC       START1650
  -------         PROC          ASK1650
  -------         DO            
  D:0005H         SYMBOL        timeout
  -------         ENDDO         
  C:05FEH         LINE#         41
  C:05FEH         LINE#         42
  C:0600H         LINE#         43
  C:0600H         LINE#         44
  C:0603H         LINE#         45
  C:0605H         LINE#         46
  C:060EH         LINE#         47
  C:060FH         LINE#         48
  C:0611H         LINE#         49
  C:0614H         LINE#         50
  C:0616H         LINE#         51
  -------         ENDPROC       ASK1650
  -------         PROC          STOP1650
  C:063FH         LINE#         53
  C:063FH         LINE#         54
  C:0641H         LINE#         55
  C:0643H         LINE#         56
  C:0646H         LINE#         57
  C:0648H         LINE#         58
  -------         ENDPROC       STOP1650
  -------         PROC          _WRBYTE1650
  D:0005H         SYMBOL        oneByte
  -------         DO            
  D:0004H         SYMBOL        i
  -------         ENDDO         
  C:001EH         LINE#         60
  C:0020H         LINE#         62
  C:0022H         LINE#         63
BL51 BANKED LINKER/LOCATER V6.22.4.0                                                  05/22/2026  09:43:46  PAGE 7


  C:0029H         LINE#         64
  C:002BH         LINE#         65
  C:002FH         LINE#         66
  C:0031H         LINE#         67
  C:0033H         LINE#         68
  C:0036H         LINE#         69
  C:0036H         LINE#         70
  C:0039H         LINE#         71
  C:003BH         LINE#         72
  C:003FH         LINE#         73
  -------         ENDPROC       _WRBYTE1650
  -------         PROC          _SET1650
  D:0005H         SYMBOL        add
  D:0003H         SYMBOL        dat
  C:05E4H         LINE#         76
  C:05E8H         LINE#         78
  C:05EBH         LINE#         79
  C:05F0H         LINE#         80
  C:05F3H         LINE#         81
  C:05F8H         LINE#         82
  C:05FBH         LINE#         83
  -------         ENDPROC       _SET1650
  -------         PROC          _DELAYMS
  D:0006H         SYMBOL        ms
  -------         DO            
  D:0004H         SYMBOL        i
  D:0002H         SYMBOL        j
  -------         ENDDO         
  C:0588H         LINE#         49
  C:0588H         LINE#         50
  C:0588H         LINE#         52
  C:058BH         LINE#         53
  C:05A7H         LINE#         54
  -------         ENDPROC       _DELAYMS
  -------         PROC          _UART_FA
  D:0007H         SYMBOL        dat
  C:0003H         LINE#         56
  C:0003H         LINE#         57
  C:0003H         LINE#         58
  C:0005H         LINE#         59
  C:0008H         LINE#         60
  C:000AH         LINE#         61
  -------         ENDPROC       _UART_FA
  -------         PROC          _UART2SEND
  D:0007H         SYMBOL        dat
  C:0649H         LINE#         63
  C:0649H         LINE#         64
  C:0649H         LINE#         65
  C:064CH         LINE#         66
  C:064EH         LINE#         67
  C:0650H         LINE#         68
  -------         ENDPROC       _UART2SEND
  -------         PROC          _UART3SEND
  D:0007H         SYMBOL        dat
  C:0651H         LINE#         70
  C:0651H         LINE#         71
  C:0651H         LINE#         72
BL51 BANKED LINKER/LOCATER V6.22.4.0                                                  05/22/2026  09:43:46  PAGE 8


  C:0654H         LINE#         73
  C:0656H         LINE#         74
  C:0658H         LINE#         75
  -------         ENDPROC       _UART3SEND
  -------         PROC          _UART4SEND
  D:0007H         SYMBOL        dat
  C:0659H         LINE#         77
  C:0659H         LINE#         78
  C:0659H         LINE#         79
  C:065CH         LINE#         80
  C:065EH         LINE#         81
  C:0660H         LINE#         82
  -------         ENDPROC       _UART4SEND
  -------         PROC          _SPEECH
  D:000FH         SYMBOL        buf
  -------         DO            
  D:0006H         SYMBOL        i
  D:0005H         SYMBOL        xor
  D:0004H         SYMBOL        ch
  D:0012H         SYMBOL        len
  -------         ENDDO         
  C:0283H         LINE#         84
  C:0289H         LINE#         85
  C:0289H         LINE#         86
  C:028BH         LINE#         87
  C:028CH         LINE#         88
  C:028DH         LINE#         89
  C:028FH         LINE#         90
  C:02A3H         LINE#         92
  C:02A4H         LINE#         93
  C:02A4H         LINE#         94
  C:02A7H         LINE#         95
  C:02B1H         LINE#         96
  C:02B4H         LINE#         97
  C:02BBH         LINE#         99
  C:02C1H         LINE#         100
  C:02C4H         LINE#         101
  C:02C9H         LINE#         102
  C:02CDH         LINE#         104
  C:02D5H         LINE#         105
  C:02D5H         LINE#         106
  C:02E6H         LINE#         107
  C:02E9H         LINE#         108
  C:02ECH         LINE#         109
  C:02F1H         LINE#         110
  C:02F8H         LINE#         111
  C:02FBH         LINE#         112
  -------         ENDPROC       _SPEECH
  -------         PROC          _SPEECH_START
  D:000AH         SYMBOL        buf
  -------         DO            
  D:0007H         SYMBOL        i
  D:000DH         SYMBOL        xor
  D:000EH         SYMBOL        ch
  D:0006H         SYMBOL        len
  -------         ENDDO         
  C:0096H         LINE#         122
BL51 BANKED LINKER/LOCATER V6.22.4.0                                                  05/22/2026  09:43:46  PAGE 9


  C:009CH         LINE#         123
  C:009CH         LINE#         124
  C:009EH         LINE#         125
  C:00A0H         LINE#         126
  C:00A2H         LINE#         127
  C:00A3H         LINE#         129
  C:00B6H         LINE#         131
  C:00CBH         LINE#         132
  C:00CDH         LINE#         133
  C:00CDH         LINE#         134
  C:00D0H         LINE#         135
  C:00DBH         LINE#         136
  C:00DEH         LINE#         137
  C:00E5H         LINE#         139
  C:00ECH         LINE#         140
  C:00F9H         LINE#         141
  C:00FBH         LINE#         142
  C:00FFH         LINE#         144
  C:0106H         LINE#         145
  C:0106H         LINE#         146
  C:0121H         LINE#         147
  C:012BH         LINE#         148
  C:012EH         LINE#         149
  C:013BH         LINE#         150
  C:0146H         LINE#         151
  C:014BH         LINE#         152
  C:014DH         LINE#         154
  C:015BH         LINE#         155
  C:015BH         LINE#         156
  C:015DH         LINE#         157
  C:0174H         LINE#         158
  C:0174H         LINE#         159
  -------         ENDPROC       _SPEECH_START
  -------         PROC          _TIMER0
  D:0006H         SYMBOL        pwm
  -------         DO            
  D:0006H         SYMBOL        value
  -------         ENDDO         
  C:062EH         LINE#         161
  C:062EH         LINE#         162
  C:062EH         LINE#         164
  C:0636H         LINE#         165
  C:0638H         LINE#         166
  C:063AH         LINE#         167
  C:063CH         LINE#         168
  C:063EH         LINE#         169
  -------         ENDPROC       _TIMER0
  -------         PROC          _SERVO_CONTROL
  D:0006H         SYMBOL        pwm_val
  C:0661H         LINE#         171
  C:0661H         LINE#         172
  C:0661H         LINE#         173
  C:0665H         LINE#         174
  -------         ENDPROC       _SERVO_CONTROL
  -------         PROC          IR_DETECT_PROCESS
  C:05A8H         LINE#         178
  C:05A8H         LINE#         179
BL51 BANKED LINKER/LOCATER V6.22.4.0                                                  05/22/2026  09:43:46  PAGE 10


  C:05A8H         LINE#         181
  C:05ABH         LINE#         182
  C:05ABH         LINE#         183
  C:05B3H         LINE#         184
  C:05BCH         LINE#         185
  C:05BCH         LINE#         186
  C:05BEH         LINE#         187
  C:05BEH         LINE#         188
  C:05BEH         LINE#         189
  C:05C0H         LINE#         191
  C:05C0H         LINE#         192
  C:05C2H         LINE#         193
  C:05C7H         LINE#         194
  C:05C7H         LINE#         195
  -------         ENDPROC       IR_DETECT_PROCESS
  -------         PROC          INIT
  C:03CEH         LINE#         197
  C:03CEH         LINE#         198
  C:03CEH         LINE#         200
  C:03D3H         LINE#         201
  C:03D7H         LINE#         202
  C:03DBH         LINE#         203
  C:03E0H         LINE#         204
  C:03E4H         LINE#         205
  C:03E8H         LINE#         207
  C:03EBH         LINE#         208
  C:03EEH         LINE#         209
  C:03F0H         LINE#         210
  C:03F2H         LINE#         211
  C:03F4H         LINE#         212
  C:03F6H         LINE#         213
  C:03F8H         LINE#         215
  C:03FBH         LINE#         216
  C:03FEH         LINE#         217
  C:0400H         LINE#         218
  C:0403H         LINE#         219
  C:0405H         LINE#         220
  C:0407H         LINE#         222
  C:040AH         LINE#         223
  C:040DH         LINE#         224
  C:0410H         LINE#         225
  C:0413H         LINE#         226
  C:0416H         LINE#         227
  C:0419H         LINE#         228
  C:041CH         LINE#         229
  C:041FH         LINE#         230
  C:0421H         LINE#         232
  C:0424H         LINE#         233
  C:0426H         LINE#         234
  C:0428H         LINE#         235
  -------         ENDPROC       INIT
  -------         PROC          DISPLAY
  C:036AH         LINE#         237
  C:036AH         LINE#         238
  C:036AH         LINE#         239
  C:0387H         LINE#         240
  C:03B1H         LINE#         241
BL51 BANKED LINKER/LOCATER V6.22.4.0                                                  05/22/2026  09:43:46  PAGE 11


  -------         ENDPROC       DISPLAY
  -------         PROC          MAIN
  -------         DO            
  D:0008H         SYMBOL        a
  -------         ENDDO         
  C:0302H         LINE#         244
  C:0302H         LINE#         245
  C:0302H         LINE#         248
  C:0305H         LINE#         250
  C:030DH         LINE#         251
  C:030DH         LINE#         252
  C:030DH         LINE#         254
  C:0310H         LINE#         255
  C:0313H         LINE#         257
  C:031BH         LINE#         258
  C:032AH         LINE#         261
  C:032DH         LINE#         263
  C:0334H         LINE#         264
  C:0334H         LINE#         265
  C:033BH         LINE#         266
  C:033DH         LINE#         267
  C:0340H         LINE#         268
  C:0346H         LINE#         269
  C:034FH         LINE#         270
  C:0351H         LINE#         271
  C:035CH         LINE#         272
  C:035CH         LINE#         273
  C:0363H         LINE#         274
  C:0365H         LINE#         275
  C:0368H         LINE#         276
  C:0368H         LINE#         277
  -------         ENDPROC       MAIN
  -------         PROC          TIMER0_ISR
  -------         DO            
  D:0021H         SYMBOL        i
  -------         ENDDO         
  C:047EH         LINE#         281
  C:0489H         LINE#         284
  C:0496H         LINE#         285
  C:0496H         LINE#         286
  C:0498H         LINE#         287
  C:04A1H         LINE#         288
  C:04A3H         LINE#         289
  C:04B7H         LINE#         291
  C:04B7H         LINE#         292
  C:04BFH         LINE#         293
  -------         ENDPROC       TIMER0_ISR
  -------         PROC          TIMER1_ISR
  -------         DO            
  D:0023H         SYMBOL        t1
  D:0024H         SYMBOL        t2
  -------         ENDDO         
  C:0512H         LINE#         295
  C:0516H         LINE#         298
  C:051AH         LINE#         299
  C:051DH         LINE#         300
  C:051DH         LINE#         301
BL51 BANKED LINKER/LOCATER V6.22.4.0                                                  05/22/2026  09:43:46  PAGE 12


  C:0522H         LINE#         302
  C:0522H         LINE#         303
  C:0525H         LINE#         304
  C:052DH         LINE#         305
  C:053BH         LINE#         306
  C:053BH         LINE#         307
  C:053DH         LINE#         308
  C:0540H         LINE#         310
  C:054BH         LINE#         311
  C:054BH         LINE#         312
  C:0553H         LINE#         313
  C:0553H         LINE#         314
  -------         ENDPROC       TIMER1_ISR
  -------         PROC          UART2ISR
  C:0046H         LINE#         316
  C:0051H         LINE#         318
  C:0056H         LINE#         319
  C:0056H         LINE#         320
  C:0059H         LINE#         321
  C:005BH         LINE#         322
  C:005BH         LINE#         323
  C:0060H         LINE#         324
  C:0060H         LINE#         325
  C:0063H         LINE#         326
  C:006DH         LINE#         327
  C:0075H         LINE#         329
  C:0075H         LINE#         330
  -------         ENDPROC       UART2ISR
  -------         PROC          UART3ISR
  C:0617H         LINE#         332
  C:0619H         LINE#         334
  C:061EH         LINE#         335
  C:061EH         LINE#         336
  C:0621H         LINE#         337
  C:0623H         LINE#         338
  C:0623H         LINE#         339
  C:0628H         LINE#         340
  C:0628H         LINE#         341
  C:062BH         LINE#         342
  C:062BH         LINE#         343
  -------         ENDPROC       UART3ISR
  -------         PROC          UART4ISR
  C:0429H         LINE#         345
  C:0436H         LINE#         347
  C:043BH         LINE#         348
  C:043BH         LINE#         349
  C:043EH         LINE#         351
  C:044CH         LINE#         352
  C:044CH         LINE#         353
  C:0463H         LINE#         354
  C:0465H         LINE#         355
  C:0467H         LINE#         357
  C:0467H         LINE#         358
  C:0469H         LINE#         359
  C:046BH         LINE#         360
  C:046BH         LINE#         361
  C:046BH         LINE#         362
BL51 BANKED LINKER/LOCATER V6.22.4.0                                                  05/22/2026  09:43:46  PAGE 13


  C:0470H         LINE#         363
  C:0470H         LINE#         364
  C:0473H         LINE#         365
  C:0473H         LINE#         366
  -------         ENDPROC       UART4ISR
  -------         ENDMOD        ____

  -------         MODULE        ?C?CLDOPTR
  C:0201H         PUBLIC        ?C?CLDOPTR
  -------         ENDMOD        ?C?CLDOPTR

  -------         MODULE        ?C?UIDIV
  C:022EH         PUBLIC        ?C?UIDIV
  -------         ENDMOD        ?C?UIDIV

*** WARNING L16: UNCALLED SEGMENT, IGNORED FOR OVERLAY PROCESS
    SEGMENT: ?PR?_UART_FA?____

*** WARNING L16: UNCALLED SEGMENT, IGNORED FOR OVERLAY PROCESS
    SEGMENT: ?PR?_UART2SEND?____

*** WARNING L16: UNCALLED SEGMENT, IGNORED FOR OVERLAY PROCESS
    SEGMENT: ?PR?_UART3SEND?____

*** WARNING L16: UNCALLED SEGMENT, IGNORED FOR OVERLAY PROCESS
    SEGMENT: ?PR?_SPEECH?____

Program Size: data=50.0 xdata=64 code=1628
LINK/LOCATE RUN COMPLETE.  4 WARNING(S),  0 ERROR(S)
