C51 COMPILER V9.60.7.0   ____                                                              05/22/2026 09:43:46 PAGE 1   


C51 COMPILER V9.60.7.0, COMPILATION OF MODULE ____
OBJECT MODULE PLACED IN .\Objects\程序.obj
COMPILER INVOKED BY: D:\keil5\C51\BIN\C51.EXE 程序.c OPTIMIZE(8,SPEED) BROWSE DEBUG OBJECTEXTEND PRINT(.\Listings\程序.l
                    -st) TABS(2) OBJECT(.\Objects\程序.obj)

line level    source

   1          /*单片机晶振频率选用11.0592MHZ*/
   2          #include   "STC8H.h"               //单片机型号stc8h3k64s4
   3          #include   "intrins.h"          //
   4          #include   "tm1650.h"
   5          #define     uchar  unsigned char  //                       
   6          #define     uint   unsigned int   //
   7          /////////////////////////////////////////////////////语音播报相关定义
   8          #define HEADLEN       5  //数据包头的长度
   9          #define BKM_OFFSET    4  //背景音乐命令偏移
  10          #define LEN_OFFSET    2  //长度字节的偏移量（一般不会超过255字节，因此只使用1字节长度）
  11          sbit    BUSY = P1^2;     //开发板上SYN6288的BUSY引脚固定连接
  12          uchar   nBkm = 0x00;
  13          uchar   code head[HEADLEN] = {0xfd,0x00,0x00,0x01,0x00};//
  14          uchar   code shu[10] = {0,1,2,3,4,5,6,7,8,9};
  15          uchar   code yingliang[11]={0xFD, 0x00, 0x08, 0x01, 0x01, 0x5B, 0x76, 0x31, 0x32, 0x5D, 0x86 };
  16          //////////////////////////////////////////////////////////
  17          bit    busy;    
  18          //////////////////////////////////IO名称定义    
  19          sbit   PWM1 = P2^5;             //舵机1输出定义
  20          sbit   PWM2 = P2^6;             //舵机2输出定义
  21          sbit  IR_IN = P3^2;             //红外传感器输入定义  检测到物体输出低电平
  22          sbit    IN2 = P3^3;             //输入2定义
  23          sbit    IN3 = P3^4;             //输入3定义
  24          sbit    IN4 = P3^5;             //输入4定义
  25          sbit     RR = P2^0;             //交通灯红灯定义      低电平点亮        
  26          sbit     YY = P2^1;             //交通灯黄灯定义      低电平点亮 
  27          sbit     GG = P2^2;             //交通灯绿灯定义      低电平点亮 
  28          sbit    led = P5^5;             //指示灯IO定义，可以用于调试
  29          sbit    k1  = P3^7;             //按键k1IO定义
  30          sbit    k2  = P3^6;             //按键k2IO定义
  31          //////////////////////////////////变量定义
  32          uint   Servo1PwmDat = 810;      //舵机关闭=(1600~1750) 打开=(700~850) 单片机时钟对应角度，500~2500对应0-18
             -0度
  33          uint   Servo1PwmDat_Open = 750; //舵机抬杆角度PWM值（对应约30度，可根据实际调整）
  34          uint   Servo1PwmDat_Close = 1700;//舵机落杆角度PWM值（对应约90度，可根据实际调整）
  35          
  36          #define GATE_TIMER_COUNT 300   //门杆保持计时（单位：10ms），100*10ms=1s，可改小以加速落杆
  37          
  38          uchar  PC_dat;                  //接收到电脑发送的存储数据 
  39          uchar  table[4];               //串口2接收数据缓存数组
  40          uchar  dat;                    //串口2计数
  41          uint   sum;                     //计数总和
  42          bit    flag1,flag2,flag3,flag4; //功能标志位
  43          bit    IR_Car_Detect = 0;       //车辆检测标志位
  44          bit    Servo_Status = 0;        //舵机状态：0-落杆 1-抬杆
  45          uint   IR_Delay_Count = 0;      //红外检测消抖计数
  46          uint   Gate_Timer = 0;          //门杆开关计时（单位：10ms）
  47          uchar  Gate_State = 0;          //门杆状态机：0=落杆待触发，1=抬杆计时，2=落杆后复检
  48          //////////////////////////////////延时子程               
  49          void delayms(uint ms)
  50          {
  51   1          uint i,j;
  52   1          for(i=0;i<85;i++)        
  53   1          for(j=0;j<ms;j++);
C51 COMPILER V9.60.7.0   ____                                                              05/22/2026 09:43:46 PAGE 2   

  54   1      }
  55          //////////////////////////////////串口发送子程序（单片机发送十六进制数给电脑）
  56          void uart_fa(uchar dat)
  57          {
  58   1         SBUF = dat ;
  59   1         while(!TI);
  60   1         TI = 0;
  61   1      }
  62          ////////////////////////////////无线通讯串口2发送程序
  63          void Uart2Send(uchar dat)
  64          {
  65   1          while (busy);
  66   1          busy = 1;
  67   1          S2BUF = dat;
  68   1      }
  69          ////////////////////////////////备用串口3发送程序    
  70          void Uart3Send(uchar dat)
  71          {
  72   1          while (busy);
  73   1          busy = 1;
  74   1          S3BUF = dat;
  75   1      }
  76          ////////////////////////////////语音播报串口4发送程序    
  77          void Uart4Send(uchar dat)
  78          {
  79   1          while (busy);
  80   1          busy = 1;
  81   1          S4BUF = dat;
  82   1      }
  83          //////////////////////////////////语音播报程序 
  84          void Speech(uchar *buf)
  85          {
  86   1           uchar i = 0;          //循环计数变量
  87   1           uchar xor = 0x00;     //校验码初始化
  88   1           uchar ch = 0x00;
  89   1         uchar len = 0x00;
  90   1         while(buf[len++]);
  91   1          //发送数据包头(0xFD + 2字节长度 + 1字节命令字 + 1字节命令参数)
  92   1        for(i = 0; i < HEADLEN; i++)
  93   1            {
  94   2                if(i == BKM_OFFSET)
  95   2                ch = nBkm << 3; //写入背景音乐
  96   2                else if(i == LEN_OFFSET)
  97   2                ch = len + 3;
  98   2                else
  99   2                ch = head[i];
 100   2                xor ^= ch;
 101   2                Uart4Send(ch);
 102   2          }
 103   1          //发送文字内容
 104   1          for(i = 0; i < len; i++)
 105   1          {
 106   2              xor ^= buf[i];
 107   2              Uart4Send(buf[i]);
 108   2          }
 109   1          Uart4Send(xor);         //发送校验位
 110   1         delayms(20);
 111   1         while(BUSY);            //等待语音播报完成（保留兼容阻塞接口）
 112   1         delayms(20);
 113   1      }
 114          
 115          // 异步语音播放支持
C51 COMPILER V9.60.7.0   ____                                                              05/22/2026 09:43:46 PAGE 3   

 116          #define SPEECH_BUF_SIZE 64
 117          uchar xdata speechBuf[SPEECH_BUF_SIZE];
 118          uint  speechLen = 0;
 119          uint  speechPos = 0;
 120          bit   speechSending = 0;
 121          
 122          void Speech_Start(uchar *buf)
 123          {
 124   1          uchar i = 0;
 125   1          uchar xor = 0x00;
 126   1          uchar ch = 0x00;
 127   1          uchar len = 0x00;
 128   1          // 计算字符串长度（与同步函数一致的方式）
 129   1          while(buf[len++]);
 130   1          // 构造包头和内容到 speechBuf
 131   1          if(len + HEADLEN + 1 > SPEECH_BUF_SIZE) return; //超长则放弃
 132   1          for(i = 0; i < HEADLEN; i++)
 133   1          {
 134   2              if(i == BKM_OFFSET)
 135   2                  ch = nBkm << 3;
 136   2              else if(i == LEN_OFFSET)
 137   2                  ch = len + 3;
 138   2              else
 139   2                  ch = head[i];
 140   2              speechBuf[i] = ch;
 141   2              xor ^= ch;
 142   2          }
 143   1          // 复制文字内容
 144   1          for(i = 0; i < len; i++)
 145   1          {
 146   2              speechBuf[HEADLEN + i] = buf[i];
 147   2              xor ^= buf[i];
 148   2          }
 149   1          speechBuf[HEADLEN + len] = xor; //校验位
 150   1          speechLen = HEADLEN + len + 1;
 151   1          speechPos = 0;
 152   1          speechSending = 1;
 153   1          // 如果当前总线空闲，先发第一个字节，否则ISR会继续发送
 154   1          if(!busy && speechPos < speechLen)
 155   1          {
 156   2              busy = 1;
 157   2              S4BUF = speechBuf[speechPos++];
 158   2          }
 159   1      }
 160          ///////////////////////////////////////////////舵机使用定时器0计数器赋值产生定时中断
 161          void Timer0(uint pwm)           //11.0592Mhz晶振，12分频，所以计数器每递增一个数就是接近1微秒，
 162          {
 163   1         uint value;
 164   1         value=65535-pwm;       
 165   1         TR0 = 0;                     //关闭定时器T0
 166   1         TL0=value;                   //16位数据给8位数据赋值默认将16位数据的低八位直接赋给八位数据
 167   1         TH0=value>>8;                //将16位数据右移8位，也就是将高8位移到低八位，再赋值给8位数据       
 168   1         TR0 = 1;                     //启动定时器T0
 169   1      }
 170          /////////////////////////////////舵机控制函数
 171          void Servo_Control(uint pwm_val)
 172          {
 173   1          Servo1PwmDat = pwm_val; //更新舵机PWM值
 174   1          Timer0(Servo1PwmDat);   //设置定时器0参数
 175   1      }
 176          
 177          /////////////////////////////////红外检测消抖处理
C51 COMPILER V9.60.7.0   ____                                                              05/22/2026 09:43:46 PAGE 4   

 178          void IR_Detect_Process()
 179          {
 180   1          //红外传感器低电平表示检测到车辆（消抖：连续检测100ms）
 181   1          if(IR_IN == 0)
 182   1          {
 183   2              IR_Delay_Count++;
 184   2              if(IR_Delay_Count >= 10) //10*10ms=100ms（Timer1中断10ms一次）
 185   2              {
 186   3                  IR_Car_Detect = 1;    //标记检测到车辆
 187   3                  IR_Delay_Count = 0;
 188   3              }
 189   2          }
 190   1          else
 191   1          {
 192   2              IR_Car_Detect = 0;
 193   2              IR_Delay_Count = 0;
 194   2          }
 195   1      }
 196          /////////////////////////////////IO口、定时器、串口通讯波特率初始化
 197          void init()  
 198          {
 199   1           //////////////////////////////////////////IO初始化
 200   1         P0M1 = 0x00;   P0M0 = 0x00;   //设置为准双向口
 201   1         P1M1 = 0x00;   P1M0 = 0x00;   //设置为准双向口
 202   1         P2M1 = 0x00;   P2M0 = 0x00;   //设置为准双向口
 203   1         P3M1 = 0x00;   P3M0 = 0xc0;   //设置为准双向口
 204   1         P4M1 = 0x00;   P4M0 = 0x00;   //设置为准双向口
 205   1         P5M1 = 0x00;   P5M0 = 0x00;   //设置为准双向口
 206   1           /////////////////////////////////////////舵机使用定时器T0初始
 207   1         TMOD &= 0xF0;                 //设置定时器模式
 208   1         TMOD |= 0x01;                 //设置定时器模式
 209   1         TL0 = 0x00;                   //设置定时初值
 210   1         TH0 = 0x00;                   //设置定时初值
 211   1         TF0 = 0;                      //清除TF0标志
 212   1         TR0 = 1;                      //定时器0开始计时
 213   1         ET0 = 1;                      //开定时器0中断
 214   1           /////////////////////////////////////////定时器T1   10毫秒@11.0592MHz
 215   1           AUXR &= 0x7F;                     //定时器时钟12T模式
 216   1           TMOD &= 0xF0;                     //设置定时器模式
 217   1           TL1 = 0x00;                       //设置定时初值
 218   1           TH1 = 0xDC;                      //设置定时初值
 219   1           ET1 = 1;                          //允许定时器T1产生中断
 220   1           TR1 = 1;                          //定时器1开始计时
 221   1           ///////////////////////////////定时器T2 串口通讯设置波特率9600bps@11.0592MHz
 222   1           SCON = 0x50;                       //8位数据,可变波特率
 223   1           S2CON = 0x10;
 224   1           S4CON = 0x10;
 225   1           AUXR |= 0x01;                     //串口1选择定时器2为波特率发生器
 226   1           AUXR &= 0xFB;                     //定时器时钟12T模式
 227   1           T2L = 0xE8;                       //设置定时初始值
 228   1           T2H = 0xFF;                       //设置定时初始值
 229   1           AUXR |= 0x10;                     //定时器2开始计时
 230   1           busy = 0;
 231   1         /////////////////////////////////////////     
 232   1           IE2 = 0x11;          //开串口2,串口4中断
 233   1           ES = 1;              //开串口1中断
 234   1           EA = 1;              //打开总中断
 235   1      }
 236          
 237          void display()                                   //数码管显示子程序
 238           { 
 239   1           Set1650(0x68,tab[sum/100]);          //数码管显示百位 
C51 COMPILER V9.60.7.0   ____                                                              05/22/2026 09:43:46 PAGE 5   

 240   1           Set1650(0x6a,tab[sum%100/10]);          //数码管显示十位
 241   1           Set1650(0x6c,tab[sum%10]);           //数码管显示个位 
 242   1       }
 243          //////////////////////////////////////////////主程序
 244          void main()
 245          {    
 246   1         uint a;
 247   1        
 248   1          init();                //调用初始化程序
 249   1              
 250   1           Speech_Start("欢迎来到互联网交通");
 251   1          while(1)
 252   1          {    
 253   2            //***************************************************//请不要删除
 254   2              Init1650();                           //tm1650调用亮度调节
 255   2              display();                            //数码管显示子程序
 256   2            ///////////////////////////////////单片机运行指示灯
 257   2              a++;
 258   2              if(a==500){a=0;led=~led;}        
 259   2            //***************************************************//     
 260   2          //////////////////////////////////完成你们的任务
 261   2              IR_Detect_Process(); //红外消抖处理
 262   2          
 263   2              if(Gate_State == 0 && IR_Car_Detect == 1)
 264   2              {
 265   3                  Servo_Control(Servo1PwmDat_Close); //舵机落杆
 266   3                  Servo_Status = 1;                //标记为抬杆状态
 267   3                  Gate_State = 1;                  //进入抬杆计时状态
 268   3                  Gate_Timer = GATE_TIMER_COUNT;  //倒计时（GATE_TIMER_COUNT*10ms），可调以改变抬/落保持时间
 269   3                  Speech_Start("欢迎再次来到停车场");      //语音播报（异步）
 270   3              }
 271   2              else if(Gate_State == 1 && Gate_Timer == 0)
 272   2              {
 273   3                  Servo_Control(Servo1PwmDat_Open); //舵机抬杆
 274   3                  Servo_Status = 0;                 //标记为落杆状态
 275   3                  Gate_State = 0;                   //落杆后直接回到待触发状态
 276   3              }
 277   2          }
 278   1      }
 279          
 280          //////////////////////////////////////////////定时器T0中断处理舵机
 281          void Timer0_isr() interrupt 1 
 282          {
 283   1         static uint i = 1;            //静态变量：每次调用函数时保持上一次所赋的值    
 284   1         switch(i)
 285   1           {
 286   2              case 1: PWM1 = 1;           //PWM1控制舵机脚高电平输出                
 287   2              Timer0(Servo1PwmDat); break;//给定时器0赋值，计数Pwm1Dat个脉冲后产生中断，下次中断会进入下一个case
             -语句      
 288   2                case 2: PWM1 = 0;           //PWM控制舵机脚低电平               
 289   2              Timer0(20000-Servo1PwmDat); i = 0; break;   
 290   2      //高脉冲结束后剩下的时间(20000-Pwm1Dat)全是低电平了，Pwm1Dat + (20000-Pwm1Dat) = 20000个脉冲正好为一个周期
             -20毫秒                                            
 291   2           }
 292   1         i++;
 293   1      }   
 294          //////////////////////////////////////////////定时器T1中断处理，每10ms进入一次
 295          void Timer1_isr() interrupt 3
 296          {
 297   1           static char t1,t2;
 298   1           t1++;t2++;
 299   1           if(flag1==1)                             //flag1=1时数码管开始1秒计数
C51 COMPILER V9.60.7.0   ____                                                              05/22/2026 09:43:46 PAGE 6   

 300   1            {
 301   2                if(t1==100)                           //10ms*100=1s
 302   2                 {
 303   3                     t1 = 0;                            //清零
 304   3                     sum++;
 305   3                     if(sum==999){sum=0;} 
 306   3                 }
 307   2            }
 308   1              else{ t1 = 0; }
 309   1           ////////////////////////////////////////门杆计时器
 310   1           if(Gate_Timer > 0)
 311   1           {
 312   2               Gate_Timer--;
 313   2           }
 314   1      }
 315          /////////////////////////////////////无线通讯接收串口2中断
 316          void Uart2Isr() interrupt 8
 317          {
 318   1          if (S2CON & 0x02)
 319   1          {
 320   2              S2CON &= ~0x02;
 321   2              busy = 0;
 322   2          }
 323   1          if (S2CON & 0x01)
 324   1          {
 325   2              S2CON &= ~0x01;
 326   2              table[dat++] = S2BUF;         //小车发过来的多个数据存到数组里
 327   2              if(SBUF==0xDD){dat = 0;}     //接收到结束码0xDD表示数据已接收完成，dat清零为下次接收做准备。
 328   2                                                   //如接收到：0xA1  0x01  0xDD。0xA1表示地址码区分多台设备，0x0
             -1表示数据码，0xDD表示结束码       
 329   2          }
 330   1      }
 331          /////////////////////////////////////备用串口3中断
 332          void Uart3Isr() interrupt 17     
 333          {
 334   1          if (S3CON & 0x02)
 335   1          {
 336   2              S3CON &= ~0x02;
 337   2              busy = 0;
 338   2          }
 339   1          if (S3CON & 0x01)
 340   1          {
 341   2              S3CON &= ~0x01;
 342   2          }
 343   1      }
 344          /////////////////////////////////
 345          void Uart4Isr() interrupt 18     //串口4中断语音播报用
 346          {
 347   1          if (S4CON & 0x02)
 348   1          {
 349   2              S4CON &= ~0x02;
 350   2              // 传输完成中断：如果有异步语音数据则继续发送下一字节
 351   2              if(speechSending && speechPos < speechLen)
 352   2              {
 353   3                  S4BUF = speechBuf[speechPos++];
 354   3                  busy = 1;
 355   3              }
 356   2              else
 357   2              {
 358   3                  busy = 0;
 359   3                  speechSending = 0;
 360   3              }
C51 COMPILER V9.60.7.0   ____                                                              05/22/2026 09:43:46 PAGE 7   

 361   2          }
 362   1          if (S4CON & 0x01)
 363   1          {
 364   2              S4CON &= ~0x01;
 365   2          }
 366   1      }


MODULE INFORMATION:   STATIC OVERLAYABLE
   CODE SIZE        =   1218    ----
   CONSTANT SIZE    =     74    ----
   XDATA SIZE       =     64    ----
   PDATA SIZE       =   ----    ----
   DATA SIZE        =     29      11
   IDATA SIZE       =   ----    ----
   BIT SIZE         =      8    ----
END OF MODULE INFORMATION.


C51 COMPILATION COMPLETE.  0 WARNING(S),  0 ERROR(S)
