C51 COMPILER V9.00   IIC                                                                   04/22/2024 14:38:27 PAGE 1   


C51 COMPILER V9.00, COMPILATION OF MODULE IIC
OBJECT MODULE PLACED IN .\Objects\IIC.obj
COMPILER INVOKED BY: C:\Keil\C51\BIN\C51.EXE IIC.c BROWSE DEBUG OBJECTEXTEND PRINT(.\Listings\IIC.lst) OBJECT(.\Objects\
                    -IIC.obj)

line level    source

   1          #include<IIC.h>
   2          
   3          sbit SCL=P1^6;
   4          sbit SDA=P1^7;
   5          
   6          
   7          void IIC_delayms()        //用于IIC延时
   8          {
   9   1              _nop_();_nop_();_nop_();_nop_();
  10   1      }
  11          
  12          void OpenIIC()          //IIC启动信号
  13          {
  14   1              SDA=1;
  15   1              SCL=1;
  16   1              IIC_delayms();  
  17   1              SDA=0;
  18   1              IIC_delayms();  
  19   1              SCL=0;
  20   1      }
  21          void CloseIIC()                 //IIC停止信号
  22          {       
  23   1               SCL=0;
  24   1               SDA=0;
  25   1               IIC_delayms();  
  26   1               SCL=1; 
  27   1               SDA=1; 
  28   1               IIC_delayms();  
  29   1      }
  30          
  31          uchar IIC_Wait_Ack(void)        //IIC发送字节后 等待从机发送响应信
  32          {       
  33   1              uchar ucErrTime=0;  
  34   1              SDA=1;
  35   1              IIC_delayms();             
  36   1              SCL=1;
  37   1              IIC_delayms();           
  38   1      
  39   1              while(SDA==1)
  40   1              {
  41   2                      ucErrTime++;
  42   2                      if(ucErrTime>250)
  43   2                      {
  44   3                              CloseIIC();
  45   3                              return 1;
  46   3                      }
  47   2              }
  48   1              SCL=0;     
  49   1              return 0;  
  50   1      } 
  51          void IIC_Ack(void)        //发送应答信号
  52          {
  53   1              SCL=0;
  54   1              SDA=0;            
C51 COMPILER V9.00   IIC                                                                   04/22/2024 14:38:27 PAGE 2   

  55   1              IIC_delayms();                  
  56   1              SCL=1;
  57   1              IIC_delayms();                  
  58   1              SCL=0;
  59   1      }
  60                      
  61          void IIC_NAck(void)      //IIC 非应答信号
  62          {
  63   1              SCL=0;
  64   1              SDA=1;           
  65   1              IIC_delayms();          
  66   1              SCL=1;
  67   1              IIC_delayms();                  
  68   1              SCL=0;
  69   1      }                                                                            
  70          void IICsendByte(uchar txd)              //IIC·写一个字节
  71          {                        
  72   1          uchar t; 
  73   1          SCL=0;
  74   1          for(t=0;t<8;t++)
  75   1          {  
  76   2                      if(((txd&0x80)>>7)==1)
  77   2                              SDA=1;
  78   2                      else 
  79   2                              SDA=0;
  80   2              txd<<=1;          
  81   2                      IIC_delayms();   
  82   2                      SCL=1;
  83   2                      IIC_delayms();  
  84   2                      SCL=0;  
  85   2                      IIC_delayms();  
  86   2          }    
  87   1      }       
  88          uchar IICReadByte(unsigned char ack)  //IIC读一个字节
  89          {
  90   1              unsigned char i,receive=0;
  91   1              SDA=1;            //51单片机讲引脚置高可设为输入引脚
  92   1          for(i=0;i<8;i++ )
  93   1              {                       
  94   2                      SCL=0; 
  95   2                      IIC_delayms();  
  96   2                      SCL=1;
  97   2                      receive<<=1;
  98   2                      if(SDA==1)receive++;   
  99   2                      IIC_delayms();  
 100   2          }                   
 101   1          if (!ack)
 102   1              IIC_NAck();
 103   1          else
 104   1              IIC_Ack();  
 105   1          return receive;
 106   1      }


MODULE INFORMATION:   STATIC OVERLAYABLE
   CODE SIZE        =    166    ----
   CONSTANT SIZE    =   ----    ----
   XDATA SIZE       =   ----    ----
   PDATA SIZE       =   ----    ----
   DATA SIZE        =   ----    ----
   IDATA SIZE       =   ----    ----
   BIT SIZE         =   ----    ----
C51 COMPILER V9.00   IIC                                                                   04/22/2024 14:38:27 PAGE 3   

END OF MODULE INFORMATION.


C51 COMPILATION COMPLETE.  0 WARNING(S),  0 ERROR(S)
