C51 COMPILER V9.60.0.0   ____                                                              05/22/2026 15:17:56 PAGE 1   


C51 COMPILER V9.60.0.0, COMPILATION OF MODULE ____
OBJECT MODULE PLACED IN .\Objects\程序.obj
COMPILER INVOKED BY: D:\keil5\C51\BIN\C51.EXE 程序.c OPTIMIZE(8,SPEED) BROWSE DEBUG OBJECTEXTEND PRINT(.\Listings\程序.l
                    -st) TABS(2) OBJECT(.\Objects\程序.obj)

line level    source

   1          /* 单片机时钟频率选择11.0592MHZ */
   2          #include   "STC8H.h"               // 单片机型号stc8h3k64s4
   3          #include   "intrins.h"
   4          #include   "tm1650.h"
   5          #define     uchar  unsigned char
   6          #define     uint   unsigned int
   7          
   8          /* ======================================================== */
   9          /*             系统工作模式: EXIT=出口                        */
  10          /* ======================================================== */
  11          #define  MODE_EXIT     1        // 出口模式
  12          
  13          /* ======================================================== */
  14          /*             语音文本定义                                   */
  15          /* ======================================================== */
  16          #if  defined(MODE_EXIT)
  17             uchar code voice_bye[] = "欢迎再次来到好老师最好停车场";
  18          #endif
  19          
  20          /* ======================================================== */
  21          /*             语音模块 SYN6288 相关定义                       */
  22          /* ======================================================== */
  23          #define HEADLEN       5  // 数据包头的长度
  24          #define BKM_OFFSET    4  // 背景音乐命令偏移
  25          #define LEN_OFFSET    2  // 长度字节的偏移量
  26          sbit    BUSY = P1^2;     // 语音芯片SYN6288的BUSY信号固定接
  27          uchar   nBkm = 0x00;
  28          uchar   code head[HEADLEN] = {0xfd,0x00,0x00,0x01,0x00};
  29          
  30          /* ======================================================== */
  31          /*             IO口定义                                       */
  32          /* ======================================================== */
  33          bit    busy;
  34          sbit   PWM1 = P2^5;             // 舵机1PWM输出
  35          sbit   PWM2 = P2^6;             // 舵机2PWM输出
  36          sbit  IR_IN = P3^2;             // 红外传感器输入定义  检测到车辆输出低电平
  37          sbit    IN2 = P3^3;             // 电机2控制
  38          sbit    IN3 = P3^4;             // 电机3控制
  39          sbit    IN4 = P3^5;             // 电机4控制
  40          sbit    led = P5^5;             // 指示灯IO定义,用于在调试
  41          sbit    k1  = P3^7;             // 按键k1IO定义(抬杆)
  42          sbit    k2  = P3^6;             // 按键k2IO定义(备用)
  43          
  44          /* ======================================================== */
  45          /*             舵机参数                                       */
  46          /* ======================================================== */
  47          uint   Servo1PwmDat = 810;      // 舵机关闭=(1600~1750) 开=(700~850)
  48          uint   Servo1PwmDat_Open = 750; // 舵机抬杆角度PWM值(对应约30度)
  49          uint   Servo1PwmDat_Close = 1700;// 舵机落杆角度PWM值(对应约90度)
  50          uint   ServoTarget = 810;       // 舵机目标位置
  51          
  52          /* ======================================================== */
  53          /*             道闸状态机定义                                 */
  54          /* ======================================================== */
C51 COMPILER V9.60.0.0   ____                                                              05/22/2026 15:17:56 PAGE 2   

  55          #define  STATE_IDLE        0   // 空闲, 等待红外检测或无线指令
  56          #define  STATE_OPENING     1   // 正在抬杆
  57          #define  STATE_OPEN        2   // 道闸已抬起, 等待车辆通过
  58          #define  STATE_CLOSING     3   // 正在落杆
  59          uchar  gate_state = STATE_IDLE;
  60          
  61          /* ======================================================== */
  62          /*             全局变量                                       */
  63          /* ======================================================== */
  64          uchar  PC_dat;                  // 接收电脑发送的存储变量
  65          uchar  table[4];                // 串口2接收数据缓冲
  66          uchar  dat;                     // 串口2计数
  67          uint   sum;                     // 停车计时(秒)
  68          bit    flag1,flag2,flag3,flag4; // 各功能标志位 (flag1: 计时使能)
  69          bit    IR_Car_Detect = 0;       // 车辆检测标志位
  70          uint   IR_Delay_Count = 0;      // 红外延时去抖计数
  71          uint   Gate_Timer = 0;          // 门杆保持计时(单位:10ms)
  72          bit    flag_need_speech;        // 需要播放语音
  73          
  74          #define  GATE_HOLD_TIME   300   // 抬杆保持时间 300*10ms = 3秒
  75          #define  CLOSE_DELAY_MS    30   // 车辆通过后落杆延时 30*10ms = 300ms
  76          
  77          /* ======================================================== */
  78          /*             延时函数                                       */
  79          /* ======================================================== */
  80          void delayms(uint ms)
  81          {
  82   1          uint i,j;
  83   1          for(i=0;i<85;i++)
  84   1          for(j=0;j<ms;j++);
  85   1      }
  86          
  87          /* ======================================================== */
  88          /*             串口发送函数                                    */
  89          /* ======================================================== */
  90          void uart_fa(uchar dat)
  91          {
  92   1         SBUF = dat ;
  93   1         while(!TI);
  94   1         TI = 0;
  95   1      }
  96          
  97          void Uart2Send(uchar dat)
  98          {
  99   1          while (busy);
 100   1          busy = 1;
 101   1          S2BUF = dat;
 102   1      }
 103          
 104          void Uart3Send(uchar dat)
 105          {
 106   1          while (busy);
 107   1          busy = 1;
 108   1          S3BUF = dat;
 109   1      }
 110          
 111          void Uart4Send(uchar dat)
 112          {
 113   1          while (busy);
 114   1          busy = 1;
 115   1          S4BUF = dat;
 116   1      }
C51 COMPILER V9.60.0.0   ____                                                              05/22/2026 15:17:56 PAGE 3   

 117          
 118          /* ======================================================== */
 119          /*             语音播放函数                                    */
 120          /* ======================================================== */
 121          void Speech(uchar *buf)
 122          {
 123   1           uchar i = 0;
 124   1           uchar xor = 0x00;
 125   1           uchar ch = 0x00;
 126   1         uchar len = 0x00;
 127   1         while(buf[len++]);
 128   1        for(i = 0; i < HEADLEN; i++)
 129   1            {
 130   2                if(i == BKM_OFFSET)
 131   2                ch = nBkm << 3;
 132   2                else if(i == LEN_OFFSET)
 133   2                ch = len + 3;
 134   2                else
 135   2                ch = head[i];
 136   2                xor ^= ch;
 137   2                Uart4Send(ch);
 138   2          }
 139   1          for(i = 0; i < len; i++)
 140   1          {
 141   2              xor ^= buf[i];
 142   2              Uart4Send(buf[i]);
 143   2          }
 144   1          Uart4Send(xor);
 145   1         delayms(20);
 146   1         while(BUSY);
 147   1         delayms(20);
 148   1      }
 149          
 150          // 异步语音发送支持
 151          #define SPEECH_BUF_SIZE 64
 152          uchar xdata speechBuf[SPEECH_BUF_SIZE];
 153          uint  speechLen = 0;
 154          uint  speechPos = 0;
 155          bit   speechSending = 0;
 156          
 157          void Speech_Start(uchar *buf)
 158          {
 159   1          uchar i = 0;
 160   1          uchar xor = 0x00;
 161   1          uchar ch = 0x00;
 162   1          uchar len = 0x00;
 163   1          while(buf[len++]);
 164   1          if(len + HEADLEN + 1 > SPEECH_BUF_SIZE) return;
 165   1          for(i = 0; i < HEADLEN; i++)
 166   1          {
 167   2              if(i == BKM_OFFSET)
 168   2                  ch = nBkm << 3;
 169   2              else if(i == LEN_OFFSET)
 170   2                  ch = len + 3;
 171   2              else
 172   2                  ch = head[i];
 173   2              speechBuf[i] = ch;
 174   2              xor ^= ch;
 175   2          }
 176   1          for(i = 0; i < len; i++)
 177   1          {
 178   2              speechBuf[HEADLEN + i] = buf[i];
C51 COMPILER V9.60.0.0   ____                                                              05/22/2026 15:17:56 PAGE 4   

 179   2              xor ^= buf[i];
 180   2          }
 181   1          speechBuf[HEADLEN + len] = xor;
 182   1          speechLen = HEADLEN + len + 1;
 183   1          speechPos = 0;
 184   1          speechSending = 1;
 185   1          if(!busy && speechPos < speechLen)
 186   1          {
 187   2              busy = 1;
 188   2              S4BUF = speechBuf[speechPos++];
 189   2          }
 190   1      }
 191          
 192          /* ======================================================== */
 193          /*             道闸控制函数                                    */
 194          /* ======================================================== */
 195          void GateOpen(void)
 196          {
 197   1          ServoTarget = Servo1PwmDat_Close;  // 抬杆
 198   1          gate_state = STATE_OPENING;
 199   1      }
 200          
 201          void GateClose(void)
 202          {
 203   1          ServoTarget = Servo1PwmDat_Open;   // 落杆
 204   1          gate_state = STATE_CLOSING;
 205   1      }
 206          
 207          /* ======================================================== */
 208          /*             定时器0 PWM值更新                               */
 209          /* ======================================================== */
 210          void Timer0(uint pwm)
 211          {
 212   1         uint value;
 213   1         value=65535-pwm;
 214   1         TR0 = 0;
 215   1         TL0=value;
 216   1         TH0=value>>8;
 217   1         TR0 = 1;
 218   1      }
 219          
 220          /* ======================================================== */
 221          /*             红外传感器检测函数                              */
 222          /* ======================================================== */
 223          void IR_Detect_Process(void)
 224          {
 225   1          if(IR_IN == 0)
 226   1          {
 227   2              IR_Delay_Count++;
 228   2              if(IR_Delay_Count >= 10) // 10*10ms=100ms
 229   2              {
 230   3                  IR_Car_Detect = 1;
 231   3                  IR_Delay_Count = 0;
 232   3              }
 233   2          }
 234   1          else
 235   1          {
 236   2              IR_Car_Detect = 0;
 237   2              IR_Delay_Count = 0;
 238   2          }
 239   1      }
 240          
C51 COMPILER V9.60.0.0   ____                                                              05/22/2026 15:17:56 PAGE 5   

 241          /* ======================================================== */
 242          /*             数码管显示函数 (显示停车计时)                    */
 243          /* ======================================================== */
 244          void display(void)
 245          {
 246   1           Set1650(0x68,tab[sum/100]);        // 百位
 247   1           Set1650(0x6a,tab[sum%100/10]);     // 十位
 248   1           Set1650(0x6c,tab[sum%10]);         // 个位
 249   1      }
 250          
 251          /* ======================================================== */
 252          /*             IO口、定时器、串口通讯、全局变量初始化            */
 253          /* ======================================================== */
 254          void init()
 255          {
 256   1         P0M1 = 0x00;   P0M0 = 0x00;
 257   1         P1M1 = 0x00;   P1M0 = 0x00;
 258   1         P2M1 = 0x00;   P2M0 = 0x00;
 259   1         P3M1 = 0x00;   P3M0 = 0x00;  // 全部准双向口
 260   1         P4M1 = 0x00;   P4M0 = 0x00;
 261   1         P5M1 = 0x00;   P5M0 = 0x00;
 262   1      
 263   1         k1 = 1;   // 准双向口使能上拉
 264   1         k2 = 1;
 265   1      
 266   1         /* ---- Timer0: 舵机PWM ---- */
 267   1         TMOD &= 0xF0;
 268   1         TMOD |= 0x01;
 269   1         TL0 = 0x00;
 270   1         TH0 = 0x00;
 271   1         TF0 = 0;
 272   1         TR0 = 1;
 273   1         ET0 = 1;
 274   1      
 275   1         /* ---- Timer1: 10毫秒@11.0592MHz ---- */
 276   1         AUXR &= 0x7F;
 277   1         TMOD &= 0xF0;
 278   1         TL1 = 0x00;
 279   1         TH1 = 0xDC;
 280   1         ET1 = 1;
 281   1         TR1 = 1;
 282   1      
 283   1         /* ---- 串口通讯波特率9600bps@11.0592MHz ---- */
 284   1         SCON = 0x50;
 285   1         S2CON = 0x10;
 286   1         S3CON = 0x10;
 287   1         S4CON = 0x10;
 288   1         AUXR |= 0x01;
 289   1         AUXR &= 0xFB;
 290   1         T2L = 0xE8;
 291   1         T2H = 0xFF;
 292   1         AUXR |= 0x10;
 293   1         busy = 0;
 294   1      
 295   1         IE2 = 0x11;
 296   1         ES = 1;
 297   1         EA = 1;
 298   1      
 299   1         /* ---- 变量初始化 ---- */
 300   1         sum = 0;
 301   1         gate_state = STATE_IDLE;
 302   1         flag1 = 0;
C51 COMPILER V9.60.0.0   ____                                                              05/22/2026 15:17:56 PAGE 6   

 303   1         ServoTarget = Servo1PwmDat_Open;
 304   1      }
 305          
 306          /* ======================================================== */
 307          /*             主函数                                         */
 308          /* ======================================================== */
 309          void main()
 310          {
 311   1         uint a;
 312   1      
 313   1          init();
 314   1          Speech_Start("停车计时系统已启动");
 315   1      
 316   1          while(1)
 317   1          {
 318   2              Init1650();
 319   2              display();
 320   2      
 321   2              a++;
 322   2              if(a==500){a=0;led=~led;}
 323   2      
 324   2              /* ---- 红外检测函数 ---- */
 325   2              IR_Detect_Process();
 326   2      
 327   2              /* ---- 道闸状态机(全自动) ---- */
 328   2              switch(gate_state)
 329   2              {
 330   3                  case STATE_IDLE:
 331   3                      // 红外检测到车辆 → 自动抬杆
 332   3                      if(IR_Car_Detect)
 333   3                      {
 334   4                          GateOpen();
 335   4                      }
 336   3                      break;
 337   3      
 338   3                  case STATE_OPENING:
 339   3                      // 等待舵机到达抬杆位置
 340   3                      if(Servo1PwmDat >= Servo1PwmDat_Close - 5)
 341   3                      {
 342   4                          Servo1PwmDat = Servo1PwmDat_Close;
 343   4                          gate_state = STATE_OPEN;
 344   4                          Gate_Timer = GATE_HOLD_TIME;
 345   4                      }
 346   3                      break;
 347   3      
 348   3                  case STATE_OPEN:
 349   3                      // 车辆通过后自动落杆
 350   3                      if(!IR_Car_Detect)
 351   3                      {
 352   4                          // 车辆已离开红外, 缩短落杆等待时间
 353   4                          if(Gate_Timer > CLOSE_DELAY_MS)
 354   4                          {
 355   5                              Gate_Timer = CLOSE_DELAY_MS;
 356   5                          }
 357   4                      }
 358   3                      if(Gate_Timer > 0)
 359   3                      {
 360   4                          Gate_Timer--;
 361   4                      }
 362   3                      if(Gate_Timer == 0)
 363   3                      {
 364   4                          GateClose();
C51 COMPILER V9.60.0.0   ____                                                              05/22/2026 15:17:56 PAGE 7   

 365   4                      }
 366   3                      break;
 367   3      
 368   3                  case STATE_CLOSING:
 369   3                      // 舵机回到落杆位置
 370   3                      if(Servo1PwmDat <= Servo1PwmDat_Open + 5)
 371   3                      {
 372   4                          Servo1PwmDat = Servo1PwmDat_Open;
 373   4                          gate_state = STATE_IDLE;
 374   4                          // 停止计时
 375   4                          flag1 = 0;
 376   4                          // 播放语音
 377   4                          flag_need_speech = 1;
 378   4                      }
 379   3                      break;
 380   3              }
 381   2      
 382   2              /* ---- 语音播放函数(主循环执行) ---- */
 383   2              if(flag_need_speech)
 384   2              {
 385   3                  flag_need_speech = 0;
 386   3                  Speech_Start(voice_bye);
 387   3              }
 388   2          }
 389   1      }
 390          
 391          /* ======================================================== */
 392          /*  定时器T0中断: 舵机PWM生成 (20ms周期)                       */
 393          /* ======================================================== */
 394          void Timer0_isr() interrupt 1
 395          {
 396   1         static uint i = 1;
 397   1         switch(i)
 398   1           {
 399   2              case 1: PWM1 = 1;
 400   2              Timer0(Servo1PwmDat); break;
 401   2                case 2: PWM1 = 0;
 402   2              Timer0(20000-Servo1PwmDat); i = 0; break;
 403   2           }
 404   1         i++;
 405   1      }
 406          
 407          /* ======================================================== */
 408          /*  定时器T1中断: 10ms时钟                                   */
 409          /*  功能: 停车计时(秒累计)、舵机缓动                          */
 410          /* ======================================================== */
 411          void Timer1_isr() interrupt 3
 412          {
 413   1           static char t1,t2;
 414   1           t1++;t2++;
 415   1      
 416   1           /* ---- 停车计时(flag1由无线指令控制) ---- */
 417   1           if(flag1==1)
 418   1            {
 419   2                if(t1==100)                           // 10ms*100=1s
 420   2                 {
 421   3                     t1 = 0;
 422   3                     if(sum < 999) sum++;              // 停车时间累计(最大999秒)
 423   3                 }
 424   2            }
 425   1              else{ t1 = 0; }
 426   1      
C51 COMPILER V9.60.0.0   ____                                                              05/22/2026 15:17:56 PAGE 8   

 427   1           /* ---- 舵机缓动 ---- */
 428   1           if(Servo1PwmDat < ServoTarget)
 429   1               Servo1PwmDat += 5;
 430   1           else if(Servo1PwmDat > ServoTarget)
 431   1               Servo1PwmDat -= 5;
 432   1      }
 433          
 434          /* ======================================================== */
 435          /*  串口2中断: 无线通信接收                                   */
 436          /*  指令格式: (0xA5, 0x01, 0xDD)                             */
 437          /*  收到该指令后开始计时, 数码管显示停车累计时间(秒)           */
 438          /* ======================================================== */
 439          void Uart2Isr() interrupt 8
 440          {
 441   1          if (S2CON & 0x02)
 442   1          {
 443   2              S2CON &= ~0x02;
 444   2              busy = 0;
 445   2          }
 446   1          if (S2CON & 0x01)
 447   1          {
 448   2              S2CON &= ~0x01;
 449   2              table[dat++] = S2BUF;
 450   2              if(S2BUF == 0xDD)
 451   2              {
 452   3                  // 检查是否为开始计时指令: 0xA5, 0x01, 0xDD
 453   3                  if(table[0] == 0xA5 && table[1] == 0x01)
 454   3                  {
 455   4                      flag1 = 1;           // 开始计时
 456   4                      sum = 0;             // 计时清零
 457   4                  }
 458   3                  dat = 0;
 459   3              }
 460   2              else
 461   2              {
 462   3                  if(dat >= 4) dat = 0;
 463   3              }
 464   2          }
 465   1      }
 466          
 467          /* ======================================================== */
 468          /*  串口3中断: 备用                                           */
 469          /* ======================================================== */
 470          void Uart3Isr() interrupt 17
 471          {
 472   1          if (S3CON & 0x02)
 473   1          {
 474   2              S3CON &= ~0x02;
 475   2              busy = 0;
 476   2          }
 477   1          if (S3CON & 0x01)
 478   1          {
 479   2              S3CON &= ~0x01;
 480   2          }
 481   1      }
 482          
 483          /* ======================================================== */
 484          /*  串口4中断: 语音模块异步发送                                */
 485          /* ======================================================== */
 486          void Uart4Isr() interrupt 18
 487          {
 488   1          if (S4CON & 0x02)
C51 COMPILER V9.60.0.0   ____                                                              05/22/2026 15:17:56 PAGE 9   

 489   1          {
 490   2              S4CON &= ~0x02;
 491   2              if(speechSending && speechPos < speechLen)
 492   2              {
 493   3                  S4BUF = speechBuf[speechPos++];
 494   3                  busy = 1;
 495   3              }
 496   2              else
 497   2              {
 498   3                  busy = 0;
 499   3                  speechSending = 0;
 500   3              }
 501   2          }
 502   1          if (S4CON & 0x01)
 503   1          {
 504   2              S4CON &= ~0x01;
 505   2          }
 506   1      }


MODULE INFORMATION:   STATIC OVERLAYABLE
   CODE SIZE        =   1473    ----
   CONSTANT SIZE    =     63    ----
   XDATA SIZE       =     64    ----
   PDATA SIZE       =   ----    ----
   DATA SIZE        =     31      12
   IDATA SIZE       =   ----    ----
   BIT SIZE         =      8    ----
END OF MODULE INFORMATION.


C51 COMPILATION COMPLETE.  0 WARNING(S),  0 ERROR(S)
