BL51 BANKED LINKER/LOCATER V6.22.4.0                                                    05/22/2026  10:36:35  PAGE 1


BL51 BANKED LINKER/LOCATER V6.22.4.0, INVOKED BY:
D:\KEIL5\C51\BIN\BL51.EXE STARTUP.obj, 智能小车.obj TO 智能小车 RAMSIZE (256)


MEMORY MODEL: SMALL WITH FLOATING POINT ARITHMETIC


INPUT MODULES INCLUDED:
  STARTUP.obj (?C_STARTUP)
  智能小车.obj (________)
  D:\KEIL5\C51\LIB\C51FPS.LIB (?C?FPMUL)
  D:\KEIL5\C51\LIB\C51FPS.LIB (?C?FPDIV)
  D:\KEIL5\C51\LIB\C51FPS.LIB (?C?FCAST)
  D:\KEIL5\C51\LIB\C51FPS.LIB (?C?CASTF)
  D:\KEIL5\C51\LIB\C51FPS.LIB (?C?FPGETOPN)
  D:\KEIL5\C51\LIB\C51S.LIB (?C_INIT)
  D:\KEIL5\C51\LIB\C51S.LIB (?C?CLDPTR)
  D:\KEIL5\C51\LIB\C51S.LIB (?C?CLDOPTR)
  D:\KEIL5\C51\LIB\C51S.LIB (?C?LNEG)
  D:\KEIL5\C51\LIB\C51S.LIB (?C?SLCMP)


LINK MAP OF MODULE:  智能小车 (?C_STARTUP)


            TYPE    BASE      LENGTH    RELOCATION   SEGMENT NAME
            -----------------------------------------------------

            * * * * * * *   D A T A   M E M O R Y   * * * * * * *
            REG     0000H     0008H     ABSOLUTE     "REG BANK 0"
            DATA    0008H     0006H     UNIT         _DATA_GROUP_
            DATA    000EH     0003H     UNIT         ?DT?_UART4SENDSTR?________
                    0011H     000FH                  *** GAP ***
            BIT     0020H.0   0000H.7   UNIT         ?BI?________
                    0020H.7   0000H.1                *** GAP ***
            DATA    0021H     0024H     UNIT         ?DT?________
            IDATA   0045H     0001H     UNIT         ?STACK

            * * * * * * *   C O D E   M E M O R Y   * * * * * * *
            CODE    0000H     0003H     ABSOLUTE     
            CODE    0003H     0003H     ABSOLUTE     
            CODE    0006H     0015H     UNIT         ?PR?_DELAYMS?________
            CODE    001BH     0003H     ABSOLUTE     
            CODE    001EH     0001H     UNIT         ?PR?TM1_ISR?________
                    001FH     0004H                  *** GAP ***
            CODE    0023H     0003H     ABSOLUTE     
            CODE    0026H     001CH     UNIT         ?PR?CHECKRFID?________
                    0042H     0001H                  *** GAP ***
            CODE    0043H     0003H     ABSOLUTE     
            CODE    0046H     0043H     UNIT         ?PR?FOLLOWLINE?________
                    0089H     0002H                  *** GAP ***
            CODE    008BH     0003H     ABSOLUTE     
                    008EH     0005H                  *** GAP ***
            CODE    0093H     0003H     ABSOLUTE     
            CODE    0096H     02CFH     UNIT         ?C?LIB_CODE
            CODE    0365H     008CH     UNIT         ?C_C51STARTUP
            CODE    03F1H     007FH     UNIT         ?PR?_SPEECH?________
            CODE    0470H     0078H     UNIT         ?PR?INT0_ISR?________
BL51 BANKED LINKER/LOCATER V6.22.4.0                                                  05/22/2026  10:36:35  PAGE 2


            CODE    04E8H     0075H     UNIT         ?PR?MAIN?________
            CODE    055DH     003CH     UNIT         ?PR?_BROADCASTSTATION?________
            CODE    0599H     0038H     UNIT         ?PR?UART2ISR?________
            CODE    05D1H     0036H     UNIT         ?CO?________
            CODE    0607H     0035H     UNIT         ?PR?INIT?________
            CODE    063CH     0034H     UNIT         ?PR?UARTISR?________
            CODE    0670H     0025H     UNIT         ?PR?_UART4SENDSTR?________
            CODE    0695H     0021H     UNIT         ?PR?CHECKTRAFFICLIGHT?________
            CODE    06B6H     001AH     UNIT         ?PR?UART4ISR?________
            CODE    06D0H     0018H     UNIT         ?PR?UARTINIT?________
            CODE    06E8H     0017H     UNIT         ?PR?UART3ISR?________
            CODE    06FFH     0015H     UNIT         ?PR?START?________
            CODE    0714H     0011H     UNIT         ?PR?ISREDLIGHT?________
            CODE    0725H     0011H     UNIT         ?PR?TIMER1_INIT?________
            CODE    0736H     000FH     UNIT         ?PR?UART3_INIT?________
            CODE    0745H     000AH     UNIT         ?C_INITSEG
            CODE    074FH     0009H     UNIT         ?PR?QIANJIN?________
            CODE    0758H     0009H     UNIT         ?PR?HOUTUI?________
            CODE    0761H     0009H     UNIT         ?PR?ZUOZHUAN?________
            CODE    076AH     0009H     UNIT         ?PR?YOUZHUAN?________
            CODE    0773H     0009H     UNIT         ?PR?STOP?________
            CODE    077CH     0009H     UNIT         ?PR?TM0_INIT?________
            CODE    0785H     0008H     UNIT         ?PR?_UARTSEND?________
            CODE    078DH     0008H     UNIT         ?PR?_UART2SEND?________
            CODE    0795H     0008H     UNIT         ?PR?_UART3SEND?________
            CODE    079DH     0008H     UNIT         ?PR?_UART4SEND?________



OVERLAY MAP OF MODULE:   智能小车 (?C_STARTUP)


SEGMENT                                  DATA_GROUP 
  +--> CALLED SEGMENT                  START    LENGTH
------------------------------------------------------
?C_C51STARTUP                          -----    -----
  +--> ?PR?MAIN?________
  +--> ?C_INITSEG

?PR?MAIN?________                      0008H    0002H
  +--> ?PR?INIT?________
  +--> ?CO?________
  +--> ?PR?_SPEECH?________
  +--> ?PR?QIANJIN?________
  +--> ?PR?HOUTUI?________
  +--> ?PR?ZUOZHUAN?________
  +--> ?PR?YOUZHUAN?________
  +--> ?PR?STOP?________
  +--> ?PR?FOLLOWLINE?________

?PR?INIT?________                      -----    -----
  +--> ?PR?TM0_INIT?________
  +--> ?PR?TIMER1_INIT?________
  +--> ?PR?UARTINIT?________
  +--> ?PR?UART3_INIT?________

?PR?_SPEECH?________                   000AH    0004H
BL51 BANKED LINKER/LOCATER V6.22.4.0                                                  05/22/2026  10:36:35  PAGE 3


  +--> ?CO?________
  +--> ?PR?_UART3SEND?________
  +--> ?PR?_DELAYMS?________

?PR?FOLLOWLINE?________                -----    -----
  +--> ?PR?ZUOZHUAN?________
  +--> ?PR?YOUZHUAN?________
  +--> ?PR?QIANJIN?________



SYMBOL TABLE OF MODULE:  智能小车 (?C_STARTUP)

  VALUE           TYPE          NAME
  ----------------------------------

  -------         MODULE        ?C_STARTUP
  C:0365H         SEGMENT       ?C_C51STARTUP
  I:0045H         SEGMENT       ?STACK
  C:0000H         PUBLIC        ?C_STARTUP
  D:00E0H         SYMBOL        ACC
  D:00F0H         SYMBOL        B
  D:0083H         SYMBOL        DPH
  D:0082H         SYMBOL        DPL
  N:0000H         SYMBOL        IBPSTACK
  N:0100H         SYMBOL        IBPSTACKTOP
  N:0080H         SYMBOL        IDATALEN
  C:0368H         SYMBOL        IDATALOOP
  N:0000H         SYMBOL        PBPSTACK
  N:0100H         SYMBOL        PBPSTACKTOP
  N:0000H         SYMBOL        PDATALEN
  N:0000H         SYMBOL        PDATASTART
  N:0000H         SYMBOL        PPAGE
  N:0000H         SYMBOL        PPAGEENABLE
  D:00A0H         SYMBOL        PPAGE_SFR
  D:0081H         SYMBOL        SP
  C:0365H         SYMBOL        STARTUP1
  N:0000H         SYMBOL        XBPSTACK
  N:0000H         SYMBOL        XBPSTACKTOP
  N:0000H         SYMBOL        XDATALEN
  N:0000H         SYMBOL        XDATASTART
  C:0000H         LINE#         126
  C:0365H         LINE#         133
  C:0367H         LINE#         134
  C:0368H         LINE#         135
  C:0369H         LINE#         136
  C:036BH         LINE#         185
  C:036EH         LINE#         196
  -------         ENDMOD        ?C_STARTUP

  -------         MODULE        ________
  C:0000H         SYMBOL        _ICE_DUMMY_
  D:0093H         PUBLIC        P0M1
  D:0092H         PUBLIC        P1M0
  D:0096H         PUBLIC        P2M0
  D:0091H         PUBLIC        P1M1
  D:0080H         PUBLIC        P0
BL51 BANKED LINKER/LOCATER V6.22.4.0                                                  05/22/2026  10:36:35  PAGE 4


  C:0599H         PUBLIC        Uart2Isr
  C:055DH         PUBLIC        _BroadcastStation
  D:00B2H         PUBLIC        P3M0
  D:0095H         PUBLIC        P2M1
  D:0090H         PUBLIC        P1
  C:06E8H         PUBLIC        Uart3Isr
  C:0046H         PUBLIC        FollowLine
  D:00B1H         PUBLIC        P3M1
  D:00A0H         PUBLIC        P2
  C:06B6H         PUBLIC        Uart4Isr
  D:00CAH         PUBLIC        P5M0
  D:00B0H         PUBLIC        P3
  D:00C9H         PUBLIC        P5M1
  D:00C0H         PUBLIC        P4
  D:00C8H         PUBLIC        P5
  D:00E8H         PUBLIC        P6
  B:00A8H.7       PUBLIC        EA
  D:00F8H         PUBLIC        P7
  C:0026H         PUBLIC        CheckRFID
  C:076AH         PUBLIC        youzhuan
  C:0761H         PUBLIC        zuozhuan
  D:0021H         PUBLIC        nBkm
  D:0022H         PUBLIC        table
  B:0090H.2       PUBLIC        DJL1
  D:00A2H         PUBLIC        P_SW1
  B:0090H.6       PUBLIC        DJL2
  D:00A8H         PUBLIC        IE
  C:06FFH         PUBLIC        Start
  B:00A0H.2       PUBLIC        DJR1
  B:00C8H.5       PUBLIC        DJR2
  B:00B0H.3       PUBLIC        GM
  C:0602H         PUBLIC        head
  D:0026H         PUBLIC        BT
  B:00A0H.0       PUBLIC        Trig
  B:00A8H.4       PUBLIC        ES
  D:00B8H         PUBLIC        IP
  C:0670H         PUBLIC        _Uart4SendStr
  B:0098H.0       PUBLIC        RI
  B:0098H.1       PUBLIC        TI
  C:0695H         PUBLIC        CheckTrafficLight
  C:0758H         PUBLIC        houtui
  C:04E8H         PUBLIC        main
  C:0785H         PUBLIC        _UartSend
  C:0470H         PUBLIC        INT0_Isr
  C:0725H         PUBLIC        Timer1_Init
  D:0099H         PUBLIC        SBUF
  D:0027H         PUBLIC        traceDir
  D:0098H         PUBLIC        SCON
  C:06D0H         PUBLIC        UartInit
  D:0089H         PUBLIC        TMOD
  D:0088H         PUBLIC        TCON
  C:0607H         PUBLIC        init
  B:00C8H.4       PUBLIC        led
  D:0028H         PUBLIC        dat
  D:00AFH         PUBLIC        IE2
  D:008EH         PUBLIC        AUXR
  B:00A0H.6       PUBLIC        BUSY
BL51 BANKED LINKER/LOCATER V6.22.4.0                                                  05/22/2026  10:36:35  PAGE 5


  B:0020H.0       PUBLIC        busy
  C:0736H         PUBLIC        Uart3_Init
  C:077CH         PUBLIC        TM0_Init
  C:0773H         PUBLIC        stop
  D:0029H         PUBLIC        rptr
  B:0088H.7       PUBLIC        TF1
  D:008CH         PUBLIC        TH0
  B:0020H.1       PUBLIC        flag1
  B:00A8H.0       PUBLIC        EX0
  D:008DH         PUBLIC        TH1
  B:0088H.0       PUBLIC        IT0
  C:063CH         PUBLIC        UartIsr
  B:0020H.2       PUBLIC        flag2
  D:00D6H         PUBLIC        T2H
  B:0020H.3       PUBLIC        flag3
  D:002AH         PUBLIC        wptr
  D:00D4H         PUBLIC        T3H
  B:0020H.4       PUBLIC        flag4
  D:008AH         PUBLIC        TL0
  B:0020H.5       PUBLIC        flag5
  D:008BH         PUBLIC        TL1
  B:0020H.6       PUBLIC        flag6
  D:002BH         PUBLIC        S
  D:00D7H         PUBLIC        T2L
  D:00D5H         PUBLIC        T3L
  C:0714H         PUBLIC        IsRedLight
  B:0088H.4       PUBLIC        TR0
  B:0088H.6       PUBLIC        TR1
  C:03F1H         PUBLIC        _Speech
  C:078DH         PUBLIC        _Uart2Send
  D:002DH         PUBLIC        lastRFID
  D:00D1H         PUBLIC        T4T3M
  C:0795H         PUBLIC        _Uart3Send
  C:079DH         PUBLIC        _Uart4Send
  C:001EH         PUBLIC        TM1_Isr
  D:009BH         PUBLIC        S2BUF
  D:00ADH         PUBLIC        S3BUF
  D:0085H         PUBLIC        S4BUF
  D:009AH         PUBLIC        S2CON
  D:00ACH         PUBLIC        S3CON
  D:0084H         PUBLIC        S4CON
  B:00A0H.3       PUBLIC        HWL
  C:074FH         PUBLIC        qianjin
  B:00A0H.1       PUBLIC        HWR
  C:0006H         PUBLIC        _delayms
  B:00B0H.5       PUBLIC        HWZ
  D:00D0H         PUBLIC        PSW
  D:002EH         PUBLIC        buffer
  D:0094H         PUBLIC        P0M0
  -------         PROC          _DELAYMS
  D:0006H         SYMBOL        xms
  -------         DO            
  D:0005H         SYMBOL        j
  D:0006H         SYMBOL        i
  -------         ENDDO         
  C:0006H         LINE#         51
  C:0006H         LINE#         52
BL51 BANKED LINKER/LOCATER V6.22.4.0                                                  05/22/2026  10:36:35  PAGE 6


  C:0006H         LINE#         54
  C:000FH         LINE#         55
  C:001AH         LINE#         56
  -------         ENDPROC       _DELAYMS
  -------         PROC          QIANJIN
  C:074FH         LINE#         58
  C:074FH         LINE#         59
  C:074FH         LINE#         60
  C:0751H         LINE#         61
  C:0753H         LINE#         62
  C:0755H         LINE#         63
  C:0757H         LINE#         64
  -------         ENDPROC       QIANJIN
  -------         PROC          HOUTUI
  C:0758H         LINE#         66
  C:0758H         LINE#         67
  C:0758H         LINE#         68
  C:075AH         LINE#         69
  C:075CH         LINE#         70
  C:075EH         LINE#         71
  C:0760H         LINE#         72
  -------         ENDPROC       HOUTUI
  -------         PROC          ZUOZHUAN
  C:0761H         LINE#         74
  C:0761H         LINE#         75
  C:0761H         LINE#         76
  C:0763H         LINE#         77
  C:0765H         LINE#         78
  C:0767H         LINE#         79
  C:0769H         LINE#         80
  -------         ENDPROC       ZUOZHUAN
  -------         PROC          YOUZHUAN
  C:076AH         LINE#         83
  C:076AH         LINE#         84
  C:076AH         LINE#         85
  C:076CH         LINE#         86
  C:076EH         LINE#         87
  C:0770H         LINE#         88
  C:0772H         LINE#         89
  -------         ENDPROC       YOUZHUAN
  -------         PROC          STOP
  C:0773H         LINE#         91
  C:0773H         LINE#         92
  C:0773H         LINE#         93
  C:0775H         LINE#         94
  C:0777H         LINE#         95
  C:0779H         LINE#         96
  C:077BH         LINE#         97
  -------         ENDPROC       STOP
  -------         PROC          ISREDLIGHT
  C:0714H         LINE#         99
  C:0714H         LINE#         100
  C:0714H         LINE#         101
  C:0717H         LINE#         102
  C:0717H         LINE#         103
  C:071EH         LINE#         104
  C:0721H         LINE#         105
BL51 BANKED LINKER/LOCATER V6.22.4.0                                                  05/22/2026  10:36:35  PAGE 7


  C:0721H         LINE#         106
  C:0723H         LINE#         107
  C:0723H         LINE#         108
  C:0723H         LINE#         109
  C:0724H         LINE#         110
  -------         ENDPROC       ISREDLIGHT
  -------         PROC          FOLLOWLINE
  C:0046H         LINE#         112
  C:0046H         LINE#         113
  C:0046H         LINE#         114
  C:004FH         LINE#         115
  C:004FH         LINE#         116
  C:004FH         LINE#         117
  C:004FH         LINE#         118
  C:0051H         LINE#         119
  C:0057H         LINE#         120
  C:0057H         LINE#         121
  C:005AH         LINE#         122
  C:005AH         LINE#         123
  C:005CH         LINE#         124
  C:0062H         LINE#         125
  C:0062H         LINE#         126
  C:0065H         LINE#         127
  C:0065H         LINE#         128
  C:0067H         LINE#         129
  C:0070H         LINE#         130
  C:0070H         LINE#         131
  C:0073H         LINE#         132
  C:0073H         LINE#         133
  C:0075H         LINE#         135
  C:0075H         LINE#         136
  C:007AH         LINE#         137
  C:007AH         LINE#         138
  C:007DH         LINE#         139
  C:007DH         LINE#         140
  C:0082H         LINE#         141
  C:0082H         LINE#         142
  C:0085H         LINE#         143
  C:0085H         LINE#         145
  C:0085H         LINE#         146
  C:0088H         LINE#         147
  C:0088H         LINE#         148
  C:0088H         LINE#         149
  -------         ENDPROC       FOLLOWLINE
  -------         PROC          TM0_INIT
  C:077CH         LINE#         151
  C:077CH         LINE#         152
  C:077CH         LINE#         153
  C:077FH         LINE#         154
  C:0782H         LINE#         155
  C:0784H         LINE#         158
  -------         ENDPROC       TM0_INIT
  -------         PROC          TIMER1_INIT
  C:0725H         LINE#         160
  C:0725H         LINE#         161
  C:0725H         LINE#         162
  C:0728H         LINE#         163
BL51 BANKED LINKER/LOCATER V6.22.4.0                                                  05/22/2026  10:36:35  PAGE 8


  C:072BH         LINE#         164
  C:072EH         LINE#         165
  C:0731H         LINE#         166
  C:0733H         LINE#         167
  C:0735H         LINE#         168
  -------         ENDPROC       TIMER1_INIT
  -------         PROC          START
  C:06FFH         LINE#         171
  C:06FFH         LINE#         172
  C:06FFH         LINE#         173
  C:0701H         LINE#         174
  C:0703H         LINE#         175
  C:0705H         LINE#         176
  C:0707H         LINE#         177
  C:0709H         LINE#         178
  C:070BH         LINE#         179
  C:070DH         LINE#         180
  C:070FH         LINE#         181
  C:0711H         LINE#         182
  C:0713H         LINE#         183
  -------         ENDPROC       START
  -------         PROC          UART3_INIT
  C:0736H         LINE#         185
  C:0736H         LINE#         186
  C:0736H         LINE#         187
  C:0739H         LINE#         188
  C:073CH         LINE#         189
  C:073FH         LINE#         190
  C:0742H         LINE#         191
  C:0744H         LINE#         192
  -------         ENDPROC       UART3_INIT
  -------         PROC          UARTINIT
  C:06D0H         LINE#         194
  C:06D0H         LINE#         195
  C:06D0H         LINE#         196
  C:06D3H         LINE#         197
  C:06D6H         LINE#         198
  C:06D9H         LINE#         199
  C:06DCH         LINE#         200
  C:06DFH         LINE#         201
  C:06E2H         LINE#         202
  C:06E5H         LINE#         203
  C:06E7H         LINE#         204
  -------         ENDPROC       UARTINIT
  -------         PROC          _UARTSEND
  D:0007H         SYMBOL        dat
  C:0785H         LINE#         206
  C:0785H         LINE#         207
  C:0785H         LINE#         208
  C:0788H         LINE#         209
  C:078AH         LINE#         210
  C:078CH         LINE#         211
  -------         ENDPROC       _UARTSEND
  -------         PROC          _UART2SEND
  D:0007H         SYMBOL        dat
  C:078DH         LINE#         213
  C:078DH         LINE#         214
BL51 BANKED LINKER/LOCATER V6.22.4.0                                                  05/22/2026  10:36:35  PAGE 9


  C:078DH         LINE#         215
  C:0790H         LINE#         216
  C:0792H         LINE#         217
  C:0794H         LINE#         218
  -------         ENDPROC       _UART2SEND
  -------         PROC          _UART3SEND
  D:0007H         SYMBOL        dat
  C:0795H         LINE#         220
  C:0795H         LINE#         221
  C:0795H         LINE#         222
  C:0798H         LINE#         223
  C:079AH         LINE#         224
  C:079CH         LINE#         225
  -------         ENDPROC       _UART3SEND
  -------         PROC          _UART4SEND
  D:0007H         SYMBOL        dat
  C:079DH         LINE#         227
  C:079DH         LINE#         228
  C:079DH         LINE#         229
  C:07A0H         LINE#         230
  C:07A2H         LINE#         231
  C:07A4H         LINE#         232
  -------         ENDPROC       _UART4SEND
  -------         PROC          _UART4SENDSTR
  D:000EH         SYMBOL        p
  C:0670H         LINE#         233
  C:0676H         LINE#         234
  C:0676H         LINE#         235
  C:0681H         LINE#         236
  C:0681H         LINE#         237
  C:0692H         LINE#         238
  C:0694H         LINE#         239
  -------         ENDPROC       _UART4SENDSTR
  -------         PROC          _SPEECH
  D:000AH         SYMBOL        buf
  -------         DO            
  D:0006H         SYMBOL        i
  D:0005H         SYMBOL        xor
  D:0004H         SYMBOL        ch
  D:000DH         SYMBOL        len
  -------         ENDDO         
  C:03F1H         LINE#         242
  C:03F7H         LINE#         243
  C:03F7H         LINE#         244
  C:03F9H         LINE#         245
  C:03FAH         LINE#         246
  C:03FBH         LINE#         247
  C:03FDH         LINE#         248
  C:0411H         LINE#         250
  C:0412H         LINE#         251
  C:0412H         LINE#         252
  C:0415H         LINE#         253
  C:041FH         LINE#         254
  C:0422H         LINE#         255
  C:0429H         LINE#         257
  C:042FH         LINE#         258
  C:0432H         LINE#         259
BL51 BANKED LINKER/LOCATER V6.22.4.0                                                  05/22/2026  10:36:35  PAGE 10


  C:0437H         LINE#         260
  C:043BH         LINE#         262
  C:0443H         LINE#         263
  C:0443H         LINE#         264
  C:0454H         LINE#         265
  C:0457H         LINE#         266
  C:045AH         LINE#         267
  C:045FH         LINE#         268
  C:0466H         LINE#         269
  C:0469H         LINE#         270
  -------         ENDPROC       _SPEECH
  -------         PROC          _BROADCASTSTATION
  D:0007H         SYMBOL        id
  C:055DH         LINE#         273
  C:055DH         LINE#         274
  C:055DH         LINE#         275
  C:056FH         LINE#         276
  C:056FH         LINE#         277
  C:0577H         LINE#         278
  C:057FH         LINE#         279
  C:0587H         LINE#         280
  C:058FH         LINE#         281
  C:0598H         LINE#         282
  C:0598H         LINE#         283
  C:0598H         LINE#         284
  -------         ENDPROC       _BROADCASTSTATION
  -------         PROC          CHECKRFID
  -------         DO            
  D:0007H         SYMBOL        id
  -------         ENDDO         
  C:0026H         LINE#         286
  C:0026H         LINE#         287
  C:0026H         LINE#         289
  C:0028H         LINE#         290
  C:0034H         LINE#         291
  C:0034H         LINE#         292
  C:0039H         LINE#         293
  C:0039H         LINE#         294
  C:003BH         LINE#         295
  C:003EH         LINE#         296
  C:003EH         LINE#         297
  C:0041H         LINE#         298
  C:0041H         LINE#         299
  -------         ENDPROC       CHECKRFID
  -------         PROC          CHECKTRAFFICLIGHT
  C:0695H         LINE#         301
  C:0695H         LINE#         302
  C:0695H         LINE#         303
  C:069AH         LINE#         304
  C:069AH         LINE#         305
  C:069DH         LINE#         306
  C:06A2H         LINE#         307
  C:06A2H         LINE#         308
  C:06A5H         LINE#         309
  C:06ACH         LINE#         310
  C:06AEH         LINE#         311
  C:06B5H         LINE#         312
BL51 BANKED LINKER/LOCATER V6.22.4.0                                                  05/22/2026  10:36:35  PAGE 11


  C:06B5H         LINE#         313
  -------         ENDPROC       CHECKTRAFFICLIGHT
  -------         PROC          INIT
  C:0607H         LINE#         315
  C:0607H         LINE#         316
  C:0607H         LINE#         317
  C:060AH         LINE#         318
  C:060DH         LINE#         319
  C:0610H         LINE#         320
  C:0613H         LINE#         321
  C:0615H         LINE#         322
  C:0617H         LINE#         325
  C:061AH         LINE#         326
  C:061CH         LINE#         327
  C:061EH         LINE#         328
  C:0621H         LINE#         329
  C:0627H         LINE#         330
  C:062CH         LINE#         331
  C:0631H         LINE#         332
  C:0636H         LINE#         333
  C:063BH         LINE#         335
  -------         ENDPROC       INIT
  -------         PROC          MAIN
  -------         DO            
  D:0008H         SYMBOL        a
  -------         ENDDO         
  C:04E8H         LINE#         336
  C:04E8H         LINE#         337
  C:04E8H         LINE#         339
  C:04EDH         LINE#         340
  C:04F0H         LINE#         342
  C:04F9H         LINE#         343
  C:04F9H         LINE#         344
  C:04F9H         LINE#         346
  C:0501H         LINE#         347
  C:0519H         LINE#         362
  C:0524H         LINE#         363
  C:052FH         LINE#         364
  C:053AH         LINE#         365
  C:0545H         LINE#         366
  C:0550H         LINE#         367
  C:055BH         LINE#         369
  -------         ENDPROC       MAIN
  -------         PROC          INT0_ISR
  C:0470H         LINE#         372
  C:048DH         LINE#         374
  C:048FH         LINE#         375
  C:0491H         LINE#         376
  C:04A1H         LINE#         377
  C:04A4H         LINE#         378
  C:04A7H         LINE#         379
  C:04CBH         LINE#         380
  C:04CDH         LINE#         381
  -------         ENDPROC       INT0_ISR
  -------         PROC          TM1_ISR
  C:001EH         LINE#         383
  C:001EH         LINE#         386
BL51 BANKED LINKER/LOCATER V6.22.4.0                                                  05/22/2026  10:36:35  PAGE 12


  -------         ENDPROC       TM1_ISR
  -------         PROC          UARTISR
  C:063CH         LINE#         388
  C:0647H         LINE#         390
  C:064AH         LINE#         391
  C:064AH         LINE#         392
  C:064CH         LINE#         393
  C:064EH         LINE#         394
  C:064EH         LINE#         395
  C:0651H         LINE#         396
  C:0651H         LINE#         397
  C:0653H         LINE#         398
  C:065DH         LINE#         399
  C:0667H         LINE#         400
  C:0667H         LINE#         401
  -------         ENDPROC       UARTISR
  -------         PROC          UART2ISR
  C:0599H         LINE#         403
  C:05A4H         LINE#         405
  C:05A9H         LINE#         406
  C:05A9H         LINE#         407
  C:05ACH         LINE#         408
  C:05AEH         LINE#         409
  C:05AEH         LINE#         410
  C:05B3H         LINE#         411
  C:05B3H         LINE#         412
  C:05B6H         LINE#         413
  C:05C0H         LINE#         414
  C:05C8H         LINE#         417
  C:05C8H         LINE#         418
  -------         ENDPROC       UART2ISR
  -------         PROC          UART3ISR
  C:06E8H         LINE#         421
  C:06EAH         LINE#         423
  C:06EFH         LINE#         424
  C:06EFH         LINE#         425
  C:06F2H         LINE#         426
  C:06F4H         LINE#         427
  C:06F4H         LINE#         428
  C:06F9H         LINE#         429
  C:06F9H         LINE#         430
  C:06FCH         LINE#         431
  C:06FCH         LINE#         432
  -------         ENDPROC       UART3ISR
  -------         PROC          UART4ISR
  C:06B6H         LINE#         434
  C:06B8H         LINE#         436
  C:06BDH         LINE#         437
  C:06BDH         LINE#         438
  C:06C0H         LINE#         439
  C:06C2H         LINE#         440
  C:06C2H         LINE#         441
  C:06C7H         LINE#         442
  C:06C7H         LINE#         443
  C:06CAH         LINE#         444
  C:06CDH         LINE#         445
  C:06CDH         LINE#         446
BL51 BANKED LINKER/LOCATER V6.22.4.0                                                  05/22/2026  10:36:35  PAGE 13


  -------         ENDPROC       UART4ISR
  -------         ENDMOD        ________

  -------         MODULE        ?C?FPMUL
  C:0096H         PUBLIC        ?C?FPMUL
  -------         ENDMOD        ?C?FPMUL

  -------         MODULE        ?C?FPDIV
  C:019FH         PUBLIC        ?C?FPDIV
  -------         ENDMOD        ?C?FPDIV

  -------         MODULE        ?C?FCAST
  C:0246H         PUBLIC        ?C?FCASTC
  C:0241H         PUBLIC        ?C?FCASTI
  C:023CH         PUBLIC        ?C?FCASTL
  -------         ENDMOD        ?C?FCAST

  -------         MODULE        ?C?CASTF
  C:027AH         PUBLIC        ?C?CASTF
  -------         ENDMOD        ?C?CASTF

  -------         MODULE        ?C?CLDPTR
  C:02FBH         PUBLIC        ?C?CLDPTR
  -------         ENDMOD        ?C?CLDPTR

  -------         MODULE        ?C?CLDOPTR
  C:0314H         PUBLIC        ?C?CLDOPTR
  -------         ENDMOD        ?C?CLDOPTR

  -------         MODULE        ?C?LNEG
  C:0341H         PUBLIC        ?C?LNEG
  -------         ENDMOD        ?C?LNEG

  -------         MODULE        ?C?SLCMP
  C:034FH         PUBLIC        ?C?SLCMP
  -------         ENDMOD        ?C?SLCMP

*** WARNING L16: UNCALLED SEGMENT, IGNORED FOR OVERLAY PROCESS
    SEGMENT: ?PR?START?________

*** WARNING L16: UNCALLED SEGMENT, IGNORED FOR OVERLAY PROCESS
    SEGMENT: ?PR?_UARTSEND?________

*** WARNING L16: UNCALLED SEGMENT, IGNORED FOR OVERLAY PROCESS
    SEGMENT: ?PR?_UART2SEND?________

*** WARNING L16: UNCALLED SEGMENT, IGNORED FOR OVERLAY PROCESS
    SEGMENT: ?PR?_UART4SENDSTR?________

*** WARNING L16: UNCALLED SEGMENT, IGNORED FOR OVERLAY PROCESS
    SEGMENT: ?PR?CHECKRFID?________

*** WARNING L16: UNCALLED SEGMENT, IGNORED FOR OVERLAY PROCESS
    SEGMENT: ?PR?CHECKTRAFFICLIGHT?________

Program Size: data=54.7 xdata=0 code=1945
LINK/LOCATE RUN COMPLETE.  6 WARNING(S),  0 ERROR(S)
