BL51 BANKED LINKER/LOCATER V6.22                                                        05/22/2026  09:00:22  PAGE 1


BL51 BANKED LINKER/LOCATER V6.22, INVOKED BY:
D:\KEIL5\C51\BIN\BL51.EXE STARTUP.obj, 智能小车.obj TO 智能小车 RAMSIZE (256)


MEMORY MODEL: SMALL WITH FLOATING POINT ARITHMETIC


INPUT MODULES INCLUDED:
  STARTUP.obj (?C_STARTUP)
  智能小车.obj (________)
  D:\KEIL5\C51\LIB\C51FPS.LIB (?C?FPMUL)
  D:\KEIL5\C51\LIB\C51FPS.LIB (?C?FPDIV)
  D:\KEIL5\C51\LIB\C51FPS.LIB (?C?FCAST)
  D:\KEIL5\C51\LIB\C51FPS.LIB (?C?CASTF)
  D:\KEIL5\C51\LIB\C51FPS.LIB (?C?FPGETOPN)
  D:\KEIL5\C51\LIB\C51S.LIB (?C_INIT)
  D:\KEIL5\C51\LIB\C51S.LIB (?C?CLDPTR)
  D:\KEIL5\C51\LIB\C51S.LIB (?C?CLDOPTR)
  D:\KEIL5\C51\LIB\C51S.LIB (?C?LNEG)
  D:\KEIL5\C51\LIB\C51S.LIB (?C?SLCMP)


LINK MAP OF MODULE:  智能小车 (?C_STARTUP)


            TYPE    BASE      LENGTH    RELOCATION   SEGMENT NAME
            -----------------------------------------------------

            * * * * * * *   D A T A   M E M O R Y   * * * * * * *
            REG     0000H     0008H     ABSOLUTE     "REG BANK 0"
            DATA    0008H     0006H     UNIT         _DATA_GROUP_
            DATA    000EH     0003H     UNIT         ?DT?_UART4SENDSTR?________
                    0011H     000FH                  *** GAP ***
            BIT     0020H.0   0001H.0   UNIT         ?BI?________
            DATA    0021H     0025H     UNIT         ?DT?________
            IDATA   0046H     0001H     UNIT         ?STACK

            * * * * * * *   C O D E   M E M O R Y   * * * * * * *
            CODE    0000H     0003H     ABSOLUTE     
            CODE    0003H     0003H     ABSOLUTE     
            CODE    0006H     0015H     UNIT         ?PR?START?________
            CODE    001BH     0003H     ABSOLUTE     
            CODE    001EH     0001H     UNIT         ?PR?TM1_ISR?________
                    001FH     0004H                  *** GAP ***
            CODE    0023H     0003H     ABSOLUTE     
            CODE    0026H     001CH     UNIT         ?PR?_DELAYMS?________
                    0042H     0001H                  *** GAP ***
            CODE    0043H     0003H     ABSOLUTE     
            CODE    0046H     0043H     UNIT         ?PR?FOLLOWLINE?________
                    0089H     0002H                  *** GAP ***
            CODE    008BH     0003H     ABSOLUTE     
                    008EH     0005H                  *** GAP ***
            CODE    0093H     0003H     ABSOLUTE     
            CODE    0096H     02CFH     UNIT         ?C?LIB_CODE
            CODE    0365H     00F7H     UNIT         ?PR?MAIN?________
            CODE    045CH     008CH     UNIT         ?C_C51STARTUP
            CODE    04E8H     0080H     UNIT         ?PR?_SPEECH?________
            CODE    0568H     0078H     UNIT         ?PR?INT0_ISR?________
BL51 BANKED LINKER/LOCATER V6.22                                                      05/22/2026  09:00:22  PAGE 2


            CODE    05E0H     003CH     UNIT         ?PR?_BROADCASTSTATION?________
            CODE    061CH     003BH     UNIT         ?CO?________
            CODE    0657H     0038H     UNIT         ?PR?UART2ISR?________
            CODE    068FH     0035H     UNIT         ?PR?INIT?________
            CODE    06C4H     0034H     UNIT         ?PR?UARTISR?________
            CODE    06F8H     0025H     UNIT         ?PR?_UART4SENDSTR?________
            CODE    071DH     0021H     UNIT         ?PR?CHECKTRAFFICLIGHT?________
            CODE    073EH     001CH     UNIT         ?PR?CHECKRFID?________
            CODE    075AH     001AH     UNIT         ?PR?UART4ISR?________
            CODE    0774H     0018H     UNIT         ?PR?UARTINIT?________
            CODE    078CH     0017H     UNIT         ?PR?UART3ISR?________
            CODE    07A3H     0011H     UNIT         ?PR?ISREDLIGHT?________
            CODE    07B4H     0011H     UNIT         ?PR?TIMER1_INIT?________
            CODE    07C5H     000FH     UNIT         ?PR?UART3_INIT?________
            CODE    07D4H     000FH     UNIT         ?C_INITSEG
            CODE    07E3H     000DH     UNIT         ?PR?LEFTARC?________
            CODE    07F0H     000DH     UNIT         ?PR?RIGHTARC?________
            CODE    07FDH     0009H     UNIT         ?PR?QIANJIN?________
            CODE    0806H     0009H     UNIT         ?PR?HOUTUI?________
            CODE    080FH     0009H     UNIT         ?PR?ZUOZHUAN?________
            CODE    0818H     0009H     UNIT         ?PR?YOUZHUAN?________
            CODE    0821H     0009H     UNIT         ?PR?STOP?________
            CODE    082AH     0009H     UNIT         ?PR?TM0_INIT?________
            CODE    0833H     0008H     UNIT         ?PR?_UARTSEND?________
            CODE    083BH     0008H     UNIT         ?PR?_UART2SEND?________
            CODE    0843H     0008H     UNIT         ?PR?_UART3SEND?________
            CODE    084BH     0008H     UNIT         ?PR?_UART4SEND?________



OVERLAY MAP OF MODULE:   智能小车 (?C_STARTUP)


SEGMENT                                  DATA_GROUP 
  +--> CALLED SEGMENT                  START    LENGTH
------------------------------------------------------
?C_C51STARTUP                          -----    -----
  +--> ?PR?MAIN?________
  +--> ?C_INITSEG

?PR?MAIN?________                      0008H    0002H
  +--> ?PR?INIT?________
  +--> ?CO?________
  +--> ?PR?_SPEECH?________
  +--> ?PR?START?________
  +--> ?PR?STOP?________
  +--> ?PR?CHECKRFID?________
  +--> ?PR?QIANJIN?________
  +--> ?PR?HOUTUI?________
  +--> ?PR?LEFTARC?________
  +--> ?PR?RIGHTARC?________
  +--> ?PR?CHECKTRAFFICLIGHT?________
  +--> ?PR?FOLLOWLINE?________
  +--> ?PR?_UART2SEND?________

?PR?INIT?________                      -----    -----
  +--> ?PR?TM0_INIT?________
BL51 BANKED LINKER/LOCATER V6.22                                                      05/22/2026  09:00:22  PAGE 3


  +--> ?PR?TIMER1_INIT?________
  +--> ?PR?UARTINIT?________
  +--> ?PR?UART3_INIT?________

?PR?_SPEECH?________                   000AH    0004H
  +--> ?CO?________
  +--> ?PR?_UART3SEND?________
  +--> ?PR?_DELAYMS?________

?PR?_DELAYMS?________                  -----    -----
  +--> ?PR?QIANJIN?________

?PR?CHECKRFID?________                 -----    -----
  +--> ?PR?_BROADCASTSTATION?________

?PR?_BROADCASTSTATION?________         -----    -----
  +--> ?CO?________
  +--> ?PR?_SPEECH?________

?PR?LEFTARC?________                   -----    -----
  +--> ?PR?_DELAYMS?________
  +--> ?PR?ZUOZHUAN?________

?PR?RIGHTARC?________                  -----    -----
  +--> ?PR?_DELAYMS?________
  +--> ?PR?YOUZHUAN?________

?PR?CHECKTRAFFICLIGHT?________         -----    -----
  +--> ?PR?ISREDLIGHT?________
  +--> ?PR?STOP?________
  +--> ?PR?_DELAYMS?________

?PR?ISREDLIGHT?________                -----    -----
  +--> ?PR?_DELAYMS?________

?PR?FOLLOWLINE?________                -----    -----
  +--> ?PR?ZUOZHUAN?________
  +--> ?PR?YOUZHUAN?________
  +--> ?PR?QIANJIN?________



SYMBOL TABLE OF MODULE:  智能小车 (?C_STARTUP)

  VALUE           TYPE          NAME
  ----------------------------------

  -------         MODULE        ?C_STARTUP
  C:045CH         SEGMENT       ?C_C51STARTUP
  I:0046H         SEGMENT       ?STACK
  C:0000H         PUBLIC        ?C_STARTUP
  D:00E0H         SYMBOL        ACC
  D:00F0H         SYMBOL        B
  D:0083H         SYMBOL        DPH
  D:0082H         SYMBOL        DPL
  N:0000H         SYMBOL        IBPSTACK
  N:0100H         SYMBOL        IBPSTACKTOP
BL51 BANKED LINKER/LOCATER V6.22                                                      05/22/2026  09:00:22  PAGE 4


  N:0080H         SYMBOL        IDATALEN
  C:045FH         SYMBOL        IDATALOOP
  N:0000H         SYMBOL        PBPSTACK
  N:0100H         SYMBOL        PBPSTACKTOP
  N:0000H         SYMBOL        PDATALEN
  N:0000H         SYMBOL        PDATASTART
  N:0000H         SYMBOL        PPAGE
  N:0000H         SYMBOL        PPAGEENABLE
  D:00A0H         SYMBOL        PPAGE_SFR
  D:0081H         SYMBOL        SP
  C:045CH         SYMBOL        STARTUP1
  N:0000H         SYMBOL        XBPSTACK
  N:0000H         SYMBOL        XBPSTACKTOP
  N:0000H         SYMBOL        XDATALEN
  N:0000H         SYMBOL        XDATASTART
  C:0000H         LINE#         126
  C:045CH         LINE#         133
  C:045EH         LINE#         134
  C:045FH         LINE#         135
  C:0460H         LINE#         136
  C:0462H         LINE#         185
  C:0465H         LINE#         196
  -------         ENDMOD        ?C_STARTUP

  -------         MODULE        ________
  C:0000H         SYMBOL        _ICE_DUMMY_
  D:0093H         PUBLIC        P0M1
  D:0092H         PUBLIC        P1M0
  D:0096H         PUBLIC        P2M0
  D:0091H         PUBLIC        P1M1
  D:0080H         PUBLIC        P0
  C:0657H         PUBLIC        Uart2Isr
  C:05E0H         PUBLIC        _BroadcastStation
  D:00B2H         PUBLIC        P3M0
  D:0095H         PUBLIC        P2M1
  D:0090H         PUBLIC        P1
  C:078CH         PUBLIC        Uart3Isr
  C:0046H         PUBLIC        FollowLine
  D:00B1H         PUBLIC        P3M1
  D:00A0H         PUBLIC        P2
  C:075AH         PUBLIC        Uart4Isr
  D:00CAH         PUBLIC        P5M0
  D:00B0H         PUBLIC        P3
  D:00C9H         PUBLIC        P5M1
  D:00C0H         PUBLIC        P4
  D:00C8H         PUBLIC        P5
  D:00E8H         PUBLIC        P6
  B:00A8H.7       PUBLIC        EA
  D:00F8H         PUBLIC        P7
  C:073EH         PUBLIC        CheckRFID
  C:0818H         PUBLIC        youzhuan
  C:080FH         PUBLIC        zuozhuan
  B:0020H.0       PUBLIC        manualMode
  D:0021H         PUBLIC        nBkm
  D:0022H         PUBLIC        table
  B:0090H.2       PUBLIC        DJL1
  D:00A2H         PUBLIC        P_SW1
BL51 BANKED LINKER/LOCATER V6.22                                                      05/22/2026  09:00:22  PAGE 5


  B:0090H.6       PUBLIC        DJL2
  D:00A8H         PUBLIC        IE
  C:0006H         PUBLIC        Start
  B:00A0H.2       PUBLIC        DJR1
  B:00C8H.5       PUBLIC        DJR2
  B:00B0H.3       PUBLIC        GM
  C:0652H         PUBLIC        head
  D:0026H         PUBLIC        BT
  B:00A0H.0       PUBLIC        Trig
  D:0027H         PUBLIC        manualCmd
  B:00A8H.4       PUBLIC        ES
  D:00B8H         PUBLIC        IP
  C:06F8H         PUBLIC        _Uart4SendStr
  B:0098H.0       PUBLIC        RI
  B:0098H.1       PUBLIC        TI
  C:071DH         PUBLIC        CheckTrafficLight
  C:0806H         PUBLIC        houtui
  C:0365H         PUBLIC        main
  C:0833H         PUBLIC        _UartSend
  C:0568H         PUBLIC        INT0_Isr
  C:07B4H         PUBLIC        Timer1_Init
  D:0099H         PUBLIC        SBUF
  D:0028H         PUBLIC        traceDir
  D:0098H         PUBLIC        SCON
  C:0774H         PUBLIC        UartInit
  D:0089H         PUBLIC        TMOD
  D:0088H         PUBLIC        TCON
  C:068FH         PUBLIC        init
  B:00C8H.4       PUBLIC        led
  C:07F0H         PUBLIC        rightArc
  D:0029H         PUBLIC        dat
  D:00AFH         PUBLIC        IE2
  D:008EH         PUBLIC        AUXR
  B:00A0H.6       PUBLIC        BUSY
  C:07E3H         PUBLIC        leftArc
  B:0020H.1       PUBLIC        busy
  C:07C5H         PUBLIC        Uart3_Init
  C:082AH         PUBLIC        TM0_Init
  C:0821H         PUBLIC        stop
  D:002AH         PUBLIC        rptr
  B:0088H.7       PUBLIC        TF1
  D:008CH         PUBLIC        TH0
  B:0020H.2       PUBLIC        flag1
  B:00A8H.0       PUBLIC        EX0
  D:008DH         PUBLIC        TH1
  B:0088H.0       PUBLIC        IT0
  C:06C4H         PUBLIC        UartIsr
  B:0020H.3       PUBLIC        flag2
  D:00D6H         PUBLIC        T2H
  B:0020H.4       PUBLIC        flag3
  D:002BH         PUBLIC        wptr
  D:00D4H         PUBLIC        T3H
  B:0020H.5       PUBLIC        flag4
  D:008AH         PUBLIC        TL0
  B:0020H.6       PUBLIC        flag5
  D:008BH         PUBLIC        TL1
  B:0020H.7       PUBLIC        flag6
BL51 BANKED LINKER/LOCATER V6.22                                                      05/22/2026  09:00:22  PAGE 6


  D:002CH         PUBLIC        S
  D:00D7H         PUBLIC        T2L
  D:00D5H         PUBLIC        T3L
  C:07A3H         PUBLIC        IsRedLight
  B:0088H.4       PUBLIC        TR0
  B:0088H.6       PUBLIC        TR1
  C:04E8H         PUBLIC        _Speech
  C:083BH         PUBLIC        _Uart2Send
  D:002EH         PUBLIC        lastRFID
  D:00D1H         PUBLIC        T4T3M
  C:0843H         PUBLIC        _Uart3Send
  C:084BH         PUBLIC        _Uart4Send
  C:001EH         PUBLIC        TM1_Isr
  D:009BH         PUBLIC        S2BUF
  D:00ADH         PUBLIC        S3BUF
  D:0085H         PUBLIC        S4BUF
  D:009AH         PUBLIC        S2CON
  D:00ACH         PUBLIC        S3CON
  D:0084H         PUBLIC        S4CON
  B:00A0H.3       PUBLIC        HWL
  C:07FDH         PUBLIC        qianjin
  B:00A0H.1       PUBLIC        HWR
  C:002DH         PUBLIC        _delayms
  B:00B0H.5       PUBLIC        HWZ
  D:00D0H         PUBLIC        PSW
  D:002FH         PUBLIC        buffer
  D:0094H         PUBLIC        P0M0
  -------         PROC          L?0133
  -------         ENDPROC       L?0133
  -------         PROC          _DELAYMS
  D:0006H         SYMBOL        xms
  -------         DO            
  D:0005H         SYMBOL        j
  D:0006H         SYMBOL        i
  -------         ENDDO         
  C:002DH         LINE#         53
  C:002DH         LINE#         54
  C:002DH         LINE#         56
  C:0036H         LINE#         57
  C:0041H         LINE#         58
  -------         ENDPROC       _DELAYMS
  -------         PROC          QIANJIN
  C:07FDH         LINE#         60
  C:07FDH         LINE#         61
  C:07FDH         LINE#         62
  C:07FFH         LINE#         63
  C:0801H         LINE#         64
  C:0803H         LINE#         65
  C:0805H         LINE#         66
  -------         ENDPROC       QIANJIN
  -------         PROC          HOUTUI
  C:0806H         LINE#         68
  C:0806H         LINE#         69
  C:0806H         LINE#         70
  C:0808H         LINE#         71
  C:080AH         LINE#         72
  C:080CH         LINE#         73
BL51 BANKED LINKER/LOCATER V6.22                                                      05/22/2026  09:00:22  PAGE 7


  C:080EH         LINE#         74
  -------         ENDPROC       HOUTUI
  -------         PROC          ZUOZHUAN
  C:080FH         LINE#         76
  C:080FH         LINE#         77
  C:080FH         LINE#         78
  C:0811H         LINE#         79
  C:0813H         LINE#         80
  C:0815H         LINE#         81
  C:0817H         LINE#         82
  -------         ENDPROC       ZUOZHUAN
  -------         PROC          YOUZHUAN
  C:0818H         LINE#         85
  C:0818H         LINE#         86
  C:0818H         LINE#         87
  C:081AH         LINE#         88
  C:081CH         LINE#         89
  C:081EH         LINE#         90
  C:0820H         LINE#         91
  -------         ENDPROC       YOUZHUAN
  -------         PROC          STOP
  C:0821H         LINE#         93
  C:0821H         LINE#         94
  C:0821H         LINE#         95
  C:0823H         LINE#         96
  C:0825H         LINE#         97
  C:0827H         LINE#         98
  C:0829H         LINE#         99
  -------         ENDPROC       STOP
  -------         PROC          ISREDLIGHT
  C:07A3H         LINE#         101
  C:07A3H         LINE#         102
  C:07A3H         LINE#         103
  C:07A6H         LINE#         104
  C:07A6H         LINE#         105
  C:07ADH         LINE#         106
  C:07B0H         LINE#         107
  C:07B0H         LINE#         108
  C:07B2H         LINE#         109
  C:07B2H         LINE#         110
  C:07B2H         LINE#         111
  C:07B3H         LINE#         112
  -------         ENDPROC       ISREDLIGHT
  -------         PROC          FOLLOWLINE
  C:0046H         LINE#         114
  C:0046H         LINE#         115
  C:0046H         LINE#         116
  C:004FH         LINE#         117
  C:004FH         LINE#         118
  C:004FH         LINE#         119
  C:004FH         LINE#         120
  C:0051H         LINE#         121
  C:0057H         LINE#         122
  C:0057H         LINE#         123
  C:005AH         LINE#         124
  C:005AH         LINE#         125
  C:005CH         LINE#         126
BL51 BANKED LINKER/LOCATER V6.22                                                      05/22/2026  09:00:22  PAGE 8


  C:0062H         LINE#         127
  C:0062H         LINE#         128
  C:0065H         LINE#         129
  C:0065H         LINE#         130
  C:0067H         LINE#         131
  C:0070H         LINE#         132
  C:0070H         LINE#         133
  C:0073H         LINE#         134
  C:0073H         LINE#         135
  C:0075H         LINE#         137
  C:0075H         LINE#         138
  C:007AH         LINE#         139
  C:007AH         LINE#         140
  C:007DH         LINE#         141
  C:007DH         LINE#         142
  C:0082H         LINE#         143
  C:0082H         LINE#         144
  C:0085H         LINE#         145
  C:0085H         LINE#         147
  C:0085H         LINE#         148
  C:0088H         LINE#         149
  C:0088H         LINE#         150
  C:0088H         LINE#         151
  -------         ENDPROC       FOLLOWLINE
  -------         PROC          LEFTARC
  C:07E3H         LINE#         153
  C:07E3H         LINE#         154
  C:07E3H         LINE#         155
  C:07E3H         LINE#         156
  C:07E6H         LINE#         157
  C:07E9H         LINE#         158
  -------         ENDPROC       LEFTARC
  -------         PROC          RIGHTARC
  C:07F0H         LINE#         162
  C:07F0H         LINE#         163
  C:07F0H         LINE#         164
  C:07F0H         LINE#         165
  C:07F3H         LINE#         166
  C:07F6H         LINE#         167
  -------         ENDPROC       RIGHTARC
  -------         PROC          TM0_INIT
  C:082AH         LINE#         170
  C:082AH         LINE#         171
  C:082AH         LINE#         172
  C:082DH         LINE#         173
  C:0830H         LINE#         174
  C:0832H         LINE#         177
  -------         ENDPROC       TM0_INIT
  -------         PROC          TIMER1_INIT
  C:07B4H         LINE#         179
  C:07B4H         LINE#         180
  C:07B4H         LINE#         181
  C:07B7H         LINE#         182
  C:07BAH         LINE#         183
  C:07BDH         LINE#         184
  C:07C0H         LINE#         185
  C:07C2H         LINE#         186
BL51 BANKED LINKER/LOCATER V6.22                                                      05/22/2026  09:00:22  PAGE 9


  C:07C4H         LINE#         187
  -------         ENDPROC       TIMER1_INIT
  -------         PROC          START
  C:0006H         LINE#         190
  C:0006H         LINE#         191
  C:0006H         LINE#         192
  C:0008H         LINE#         193
  C:000AH         LINE#         194
  C:000CH         LINE#         195
  C:000EH         LINE#         196
  C:0010H         LINE#         197
  C:0012H         LINE#         198
  C:0014H         LINE#         199
  C:0016H         LINE#         200
  C:0018H         LINE#         201
  C:001AH         LINE#         202
  -------         ENDPROC       START
  -------         PROC          UART3_INIT
  C:07C5H         LINE#         204
  C:07C5H         LINE#         205
  C:07C5H         LINE#         206
  C:07C8H         LINE#         207
  C:07CBH         LINE#         208
  C:07CEH         LINE#         209
  C:07D1H         LINE#         210
  C:07D3H         LINE#         211
  -------         ENDPROC       UART3_INIT
  -------         PROC          UARTINIT
  C:0774H         LINE#         213
  C:0774H         LINE#         214
  C:0774H         LINE#         215
  C:0777H         LINE#         216
  C:077AH         LINE#         217
  C:077DH         LINE#         218
  C:0780H         LINE#         219
  C:0783H         LINE#         220
  C:0786H         LINE#         221
  C:0789H         LINE#         222
  C:078BH         LINE#         223
  -------         ENDPROC       UARTINIT
  -------         PROC          _UARTSEND
  D:0007H         SYMBOL        dat
  C:0833H         LINE#         225
  C:0833H         LINE#         226
  C:0833H         LINE#         227
  C:0836H         LINE#         228
  C:0838H         LINE#         229
  C:083AH         LINE#         230
  -------         ENDPROC       _UARTSEND
  -------         PROC          _UART2SEND
  D:0007H         SYMBOL        dat
  C:083BH         LINE#         232
  C:083BH         LINE#         233
  C:083BH         LINE#         234
  C:083EH         LINE#         235
  C:0840H         LINE#         236
  C:0842H         LINE#         237
BL51 BANKED LINKER/LOCATER V6.22                                                      05/22/2026  09:00:22  PAGE 10


  -------         ENDPROC       _UART2SEND
  -------         PROC          _UART3SEND
  D:0007H         SYMBOL        dat
  C:0843H         LINE#         239
  C:0843H         LINE#         240
  C:0843H         LINE#         241
  C:0846H         LINE#         242
  C:0848H         LINE#         243
  C:084AH         LINE#         244
  -------         ENDPROC       _UART3SEND
  -------         PROC          _UART4SEND
  D:0007H         SYMBOL        dat
  C:084BH         LINE#         246
  C:084BH         LINE#         247
  C:084BH         LINE#         248
  C:084EH         LINE#         249
  C:0850H         LINE#         250
  C:0852H         LINE#         251
  -------         ENDPROC       _UART4SEND
  -------         PROC          _UART4SENDSTR
  D:000EH         SYMBOL        p
  C:06F8H         LINE#         252
  C:06FEH         LINE#         253
  C:06FEH         LINE#         254
  C:0709H         LINE#         255
  C:0709H         LINE#         256
  C:071AH         LINE#         257
  C:071CH         LINE#         258
  -------         ENDPROC       _UART4SENDSTR
  -------         PROC          _SPEECH
  D:000AH         SYMBOL        buf
  -------         DO            
  D:0006H         SYMBOL        i
  D:0005H         SYMBOL        xor
  D:0004H         SYMBOL        ch
  D:000DH         SYMBOL        len
  -------         ENDDO         
  C:04E8H         LINE#         261
  C:04EEH         LINE#         262
  C:04EEH         LINE#         263
  C:04F0H         LINE#         264
  C:04F1H         LINE#         265
  C:04F2H         LINE#         266
  C:04F4H         LINE#         267
  C:0508H         LINE#         269
  C:050AH         LINE#         270
  C:050AH         LINE#         271
  C:050DH         LINE#         272
  C:0517H         LINE#         273
  C:051AH         LINE#         274
  C:0521H         LINE#         276
  C:0527H         LINE#         277
  C:052AH         LINE#         278
  C:052FH         LINE#         279
  C:0533H         LINE#         281
  C:053BH         LINE#         282
  C:053BH         LINE#         283
BL51 BANKED LINKER/LOCATER V6.22                                                      05/22/2026  09:00:22  PAGE 11


  C:054CH         LINE#         284
  C:054FH         LINE#         285
  C:0552H         LINE#         286
  C:0557H         LINE#         287
  C:055EH         LINE#         288
  C:0561H         LINE#         289
  -------         ENDPROC       _SPEECH
  -------         PROC          _BROADCASTSTATION
  D:0007H         SYMBOL        id
  C:05E0H         LINE#         292
  C:05E0H         LINE#         293
  C:05E0H         LINE#         294
  C:05F2H         LINE#         295
  C:05F2H         LINE#         296
  C:05FAH         LINE#         297
  C:0602H         LINE#         298
  C:060AH         LINE#         299
  C:0612H         LINE#         300
  C:061BH         LINE#         301
  C:061BH         LINE#         302
  C:061BH         LINE#         303
  -------         ENDPROC       _BROADCASTSTATION
  -------         PROC          CHECKRFID
  -------         DO            
  D:0007H         SYMBOL        id
  -------         ENDDO         
  C:073EH         LINE#         305
  C:073EH         LINE#         306
  C:073EH         LINE#         308
  C:0740H         LINE#         309
  C:074CH         LINE#         310
  C:074CH         LINE#         311
  C:0751H         LINE#         312
  C:0751H         LINE#         313
  C:0753H         LINE#         314
  C:0756H         LINE#         315
  C:0756H         LINE#         316
  C:0759H         LINE#         317
  C:0759H         LINE#         318
  -------         ENDPROC       CHECKRFID
  -------         PROC          CHECKTRAFFICLIGHT
  C:071DH         LINE#         320
  C:071DH         LINE#         321
  C:071DH         LINE#         322
  C:0722H         LINE#         323
  C:0722H         LINE#         324
  C:0725H         LINE#         325
  C:072AH         LINE#         326
  C:072AH         LINE#         327
  C:072DH         LINE#         328
  C:0734H         LINE#         329
  C:0736H         LINE#         330
  C:073DH         LINE#         331
  C:073DH         LINE#         332
  -------         ENDPROC       CHECKTRAFFICLIGHT
  -------         PROC          INIT
  C:068FH         LINE#         334
BL51 BANKED LINKER/LOCATER V6.22                                                      05/22/2026  09:00:22  PAGE 12


  C:068FH         LINE#         335
  C:068FH         LINE#         336
  C:0692H         LINE#         337
  C:0695H         LINE#         338
  C:0698H         LINE#         339
  C:069BH         LINE#         340
  C:069DH         LINE#         341
  C:069FH         LINE#         344
  C:06A2H         LINE#         345
  C:06A4H         LINE#         346
  C:06A6H         LINE#         347
  C:06A9H         LINE#         348
  C:06AFH         LINE#         349
  C:06B4H         LINE#         350
  C:06B9H         LINE#         351
  C:06BEH         LINE#         352
  C:06C3H         LINE#         354
  -------         ENDPROC       INIT
  -------         PROC          MAIN
  -------         DO            
  D:0008H         SYMBOL        a
  -------         ENDDO         
  C:0365H         LINE#         355
  C:0365H         LINE#         356
  C:0365H         LINE#         357
  C:036AH         LINE#         358
  C:036DH         LINE#         359
  C:0376H         LINE#         361
  C:0376H         LINE#         362
  C:0376H         LINE#         364
  C:037EH         LINE#         365
  C:0396H         LINE#         368
  C:0399H         LINE#         369
  C:039BH         LINE#         372
  C:039FH         LINE#         373
  C:039FH         LINE#         374
  C:03B4H         LINE#         375
  C:03B4H         LINE#         376
  C:03BBH         LINE#         377
  C:03C2H         LINE#         378
  C:03C9H         LINE#         379
  C:03D0H         LINE#         380
  C:03D7H         LINE#         381
  C:03DFH         LINE#         382
  C:03DFH         LINE#         383
  C:03DFH         LINE#         384
  C:03E2H         LINE#         385
  C:03E2H         LINE#         388
  C:03E5H         LINE#         389
  C:03E5H         LINE#         391
  C:03E8H         LINE#         393
  C:03FAH         LINE#         394
  C:03FAH         LINE#         395
  C:0400H         LINE#         396
  C:0406H         LINE#         397
  C:040CH         LINE#         398
  C:0412H         LINE#         399
BL51 BANKED LINKER/LOCATER V6.22                                                      05/22/2026  09:00:22  PAGE 13


  C:0414H         LINE#         400
  C:041AH         LINE#         401
  C:041AH         LINE#         402
  C:041AH         LINE#         404
  C:041AH         LINE#         406
  C:041DH         LINE#         407
  C:0420H         LINE#         408
  C:0423H         LINE#         409
  C:043EH         LINE#         410
  C:043EH         LINE#         411
  C:0459H         LINE#         412
  C:0459H         LINE#         413
  C:0459H         LINE#         415
  -------         ENDPROC       MAIN
  -------         PROC          INT0_ISR
  C:0568H         LINE#         418
  C:0585H         LINE#         420
  C:0587H         LINE#         421
  C:0589H         LINE#         422
  C:0599H         LINE#         423
  C:059CH         LINE#         424
  C:059FH         LINE#         425
  C:05C3H         LINE#         426
  C:05C5H         LINE#         427
  -------         ENDPROC       INT0_ISR
  -------         PROC          TM1_ISR
  C:001EH         LINE#         429
  C:001EH         LINE#         432
  -------         ENDPROC       TM1_ISR
  -------         PROC          UARTISR
  C:06C4H         LINE#         434
  C:06CFH         LINE#         436
  C:06D2H         LINE#         437
  C:06D2H         LINE#         438
  C:06D4H         LINE#         439
  C:06D6H         LINE#         440
  C:06D6H         LINE#         441
  C:06D9H         LINE#         442
  C:06D9H         LINE#         443
  C:06DBH         LINE#         444
  C:06E5H         LINE#         445
  C:06EFH         LINE#         446
  C:06EFH         LINE#         447
  -------         ENDPROC       UARTISR
  -------         PROC          UART2ISR
  C:0657H         LINE#         449
  C:0662H         LINE#         451
  C:0667H         LINE#         452
  C:0667H         LINE#         453
  C:066AH         LINE#         454
  C:066CH         LINE#         455
  C:066CH         LINE#         456
  C:0671H         LINE#         457
  C:0671H         LINE#         458
  C:0674H         LINE#         459
  C:067EH         LINE#         460
  C:0686H         LINE#         463
BL51 BANKED LINKER/LOCATER V6.22                                                      05/22/2026  09:00:22  PAGE 14


  C:0686H         LINE#         464
  -------         ENDPROC       UART2ISR
  -------         PROC          UART3ISR
  C:078CH         LINE#         467
  C:078EH         LINE#         469
  C:0793H         LINE#         470
  C:0793H         LINE#         471
  C:0796H         LINE#         472
  C:0798H         LINE#         473
  C:0798H         LINE#         474
  C:079DH         LINE#         475
  C:079DH         LINE#         476
  C:07A0H         LINE#         477
  C:07A0H         LINE#         478
  -------         ENDPROC       UART3ISR
  -------         PROC          UART4ISR
  C:075AH         LINE#         480
  C:075CH         LINE#         482
  C:0761H         LINE#         483
  C:0761H         LINE#         484
  C:0764H         LINE#         485
  C:0766H         LINE#         486
  C:0766H         LINE#         487
  C:076BH         LINE#         488
  C:076BH         LINE#         489
  C:076EH         LINE#         490
  C:0771H         LINE#         491
  C:0771H         LINE#         492
  -------         ENDPROC       UART4ISR
  -------         ENDMOD        ________

  -------         MODULE        ?C?FPMUL
  C:0096H         PUBLIC        ?C?FPMUL
  -------         ENDMOD        ?C?FPMUL

  -------         MODULE        ?C?FPDIV
  C:019FH         PUBLIC        ?C?FPDIV
  -------         ENDMOD        ?C?FPDIV

  -------         MODULE        ?C?FCAST
  C:0246H         PUBLIC        ?C?FCASTC
  C:0241H         PUBLIC        ?C?FCASTI
  C:023CH         PUBLIC        ?C?FCASTL
  -------         ENDMOD        ?C?FCAST

  -------         MODULE        ?C?CASTF
  C:027AH         PUBLIC        ?C?CASTF
  -------         ENDMOD        ?C?CASTF

  -------         MODULE        ?C?CLDPTR
  C:02FBH         PUBLIC        ?C?CLDPTR
  -------         ENDMOD        ?C?CLDPTR

  -------         MODULE        ?C?CLDOPTR
  C:0314H         PUBLIC        ?C?CLDOPTR
  -------         ENDMOD        ?C?CLDOPTR

BL51 BANKED LINKER/LOCATER V6.22                                                      05/22/2026  09:00:22  PAGE 15


  -------         MODULE        ?C?LNEG
  C:0341H         PUBLIC        ?C?LNEG
  -------         ENDMOD        ?C?LNEG

  -------         MODULE        ?C?SLCMP
  C:034FH         PUBLIC        ?C?SLCMP
  -------         ENDMOD        ?C?SLCMP

*** WARNING L16: UNCALLED SEGMENT, IGNORED FOR OVERLAY PROCESS
    SEGMENT: ?PR?_UARTSEND?________

*** WARNING L16: UNCALLED SEGMENT, IGNORED FOR OVERLAY PROCESS
    SEGMENT: ?PR?_UART4SENDSTR?________

Program Size: data=56.0 xdata=0 code=2119
LINK/LOCATE RUN COMPLETE.  2 WARNING(S),  0 ERROR(S)
