[2026-05-15 10:01:00] : Begin
--------------------
*MCUTYPE* : STC15W408AS
*FILENAME* : E:\HuaweiMoveData\Users\胡珂\Desktop\2026新小车程序\智能小车.hex
*FILETIME* : 2026年05月15日, 10:00:08
*FILESIZE* : 5128 (0x001408)
*CODESIZE* : 3784 (0x000EC8)
*CHECKSUM* : 0x000AED9C
*ISPMODE* : 2
*ISPRESULT* : -1
--------------------
[2026-05-15 10:01:08] : End
--------------------------------------------------
[2026-05-15 10:01:12] : Begin
--------------------
*MCUTYPE* : STC15W408AS
*FILENAME* : E:\HuaweiMoveData\Users\胡珂\Desktop\2026新小车程序\智能小车.hex
*FILETIME* : 2026年05月15日, 10:00:08
*FILESIZE* : 5128 (0x001408)
*CODESIZE* : 3784 (0x000EC8)
*CHECKSUM* : 0x000AED9C
*ISPMODE* : 2
*ISPRESULT* : -1
--------------------
[2026-05-15 10:01:19] : End
--------------------------------------------------
[2026-05-15 10:03:35] : Begin
--------------------
*MCUTYPE* : STC15W408AS
*FILENAME* : E:\HuaweiMoveData\Users\胡珂\Desktop\2026新小车程序\智能小车.hex
*FILETIME* : 2026年05月15日, 10:00:08
*FILESIZE* : 5128 (0x001408)
*CODESIZE* : 3784 (0x000EC8)
*CHECKSUM* : 0x000AED9C
*ISPMODE* : 2
*ISPRESULT* : -1
--------------------
[2026-05-15 10:03:43] : End
--------------------------------------------------
[2026-05-15 10:03:59] : Begin
--------------------
*MCUTYPE* : STC15W408AS
*FILENAME* : E:\HuaweiMoveData\Users\胡珂\Desktop\2026新小车程序\智能小车.hex
*FILETIME* : 2026年05月15日, 10:00:08
*FILESIZE* : 5128 (0x001408)
*CODESIZE* : 3784 (0x000EC8)
*CHECKSUM* : 0x000AED9C
*ISPMODE* : 2
*ISPRESULT* : -1
--------------------
[2026-05-15 10:04:09] : End
--------------------------------------------------
[2026-05-15 10:04:44] : Begin
--------------------
*MCUTYPE* : STC15W408AS
*FILENAME* : E:\HuaweiMoveData\Users\胡珂\Desktop\2026新小车程序\智能小车.hex
*FILETIME* : 2026年05月15日, 10:00:08
*FILESIZE* : 5128 (0x001408)
*CODESIZE* : 3784 (0x000EC8)
*CHECKSUM* : 0x000AED9C
*ISPMODE* : 2
*ISPRESULT* : -1
--------------------
[2026-05-15 10:04:51] : End
--------------------------------------------------
[2026-05-15 10:29:39] : Begin
--------------------
*MCUTYPE* : STC15W408AS
*MCUID* : F51FC4C11B6C25
*FILENAME* : E:\HuaweiMoveData\Users\胡珂\Desktop\2026新小车程序\智能小车.hex
*FILETIME* : 2026年05月15日, 10:00:08
*FILESIZE* : 5128 (0x001408)
*CODESIZE* : 3784 (0x000EC8)
*CHECKSUM* : 0x000AED9C
*ISPMODE* : 2
*ISPRESULT* : 0
--------------------
[2026-05-15 10:30:28] : End
--------------------------------------------------
[2026-05-15 10:33:44] : Begin
--------------------
*MCUTYPE* : STC15W408AS
*MCUID* : F51FC4C11B6C25
*FILENAME* : E:\HuaweiMoveData\Users\胡珂\Desktop\2026新小车程序\智能小车.hex
*FILETIME* : 2026年05月15日, 10:00:08
*FILESIZE* : 5128 (0x001408)
*CODESIZE* : 3784 (0x000EC8)
*CHECKSUM* : 0x000AED9C
*ISPMODE* : 2
*ISPRESULT* : 0
--------------------
[2026-05-15 10:33:51] : End
--------------------------------------------------
[2026-05-15 10:33:52] : Begin
--------------------
*MCUTYPE* : STC15W408AS
*MCUID* : F51FC4C11B6C25
*FILENAME* : E:\HuaweiMoveData\Users\胡珂\Desktop\2026新小车程序\智能小车.hex
*FILETIME* : 2026年05月15日, 10:00:08
*FILESIZE* : 5128 (0x001408)
*CODESIZE* : 3784 (0x000EC8)
*CHECKSUM* : 0x000AED9C
*ISPMODE* : 2
*ISPRESULT* : 0
--------------------
[2026-05-15 10:33:56] : End
--------------------------------------------------
[2026-05-15 10:38:02] : Begin
--------------------
*MCUTYPE* : STC15W408AS
*MCUID* : F51FC4C11B6C25
*FILENAME* : E:\HuaweiMoveData\Users\胡珂\Desktop\2026新小车程序\智能小车.hex
*FILETIME* : 2026年05月15日, 10:00:08
*FILESIZE* : 5128 (0x001408)
*CODESIZE* : 3784 (0x000EC8)
*CHECKSUM* : 0x000AED9C
*ISPMODE* : 2
*ISPRESULT* : 0
--------------------
[2026-05-15 10:38:06] : End
--------------------------------------------------
[2026-05-15 10:38:12] : Begin
--------------------
*MCUTYPE* : STC15W408AS
*MCUID* : F51FC4C11B6C25
*FILENAME* : E:\HuaweiMoveData\Users\胡珂\Desktop\2026新小车程序\智能小车.hex
*FILETIME* : 2026年05月15日, 10:00:08
*FILESIZE* : 5128 (0x001408)
*CODESIZE* : 3784 (0x000EC8)
*CHECKSUM* : 0x000AED9C
*ISPMODE* : 2
*ISPRESULT* : 0
--------------------
[2026-05-15 10:38:16] : End
--------------------------------------------------
[2026-05-15 10:45:19] : Begin
--------------------
*MCUTYPE* : STC15W408AS
*MCUID* : F51FC4C11B6C25
*FILENAME* : E:\HuaweiMoveData\Users\胡珂\Desktop\2026新小车程序\智能小车.hex
*FILETIME* : 2026年05月15日, 10:45:18
*FILESIZE* : 5333 (0x0014D5)
*CODESIZE* : 3854 (0x000F0E)
*CHECKSUM* : 0x000B0534
*ISPMODE* : 2
*ISPRESULT* : 0
--------------------
[2026-05-15 10:45:23] : End
--------------------------------------------------
[2026-05-15 10:45:27] : Begin
--------------------
*MCUTYPE* : STC15W408AS
*MCUID* : F51FC4C11B6C25
*FILENAME* : E:\HuaweiMoveData\Users\胡珂\Desktop\2026新小车程序\智能小车.hex
*FILETIME* : 2026年05月15日, 10:45:26
*FILESIZE* : 5337 (0x0014D9)
*CODESIZE* : 3856 (0x000F10)
*CHECKSUM* : 0x000B05CE
*ISPMODE* : 2
*ISPRESULT* : 0
--------------------
[2026-05-15 10:45:33] : End
--------------------------------------------------
[2026-05-15 10:45:34] : Begin
--------------------
*MCUTYPE* : STC15W408AS
*MCUID* : F51FC4C11B6C25
*FILENAME* : E:\HuaweiMoveData\Users\胡珂\Desktop\2026新小车程序\智能小车.hex
*FILETIME* : 2026年05月15日, 10:45:26
*FILESIZE* : 5337 (0x0014D9)
*CODESIZE* : 3856 (0x000F10)
*CHECKSUM* : 0x000B05CE
*ISPMODE* : 2
*ISPRESULT* : 0
--------------------
[2026-05-15 10:45:39] : End
--------------------------------------------------
[2026-05-15 10:50:07] : Begin
--------------------
*MCUTYPE* : STC15W408AS
*MCUID* : F51FC4C11B6C25
*FILENAME* : E:\HuaweiMoveData\Users\胡珂\Desktop\2026新小车程序\智能小车.hex
*FILETIME* : 2026年05月15日, 10:50:06
*FILESIZE* : 5337 (0x0014D9)
*CODESIZE* : 3856 (0x000F10)
*CHECKSUM* : 0x000B060A
*ISPMODE* : 2
*ISPRESULT* : 0
--------------------
[2026-05-15 10:50:28] : End
--------------------------------------------------
[2026-05-15 10:53:20] : Begin
--------------------
*MCUTYPE* : STC15W408AS
*MCUID* : F51FC4C11B6C25
*FILENAME* : E:\HuaweiMoveData\Users\胡珂\Desktop\2026新小车程序\智能小车.hex
*FILETIME* : 2026年05月15日, 10:53:20
*FILESIZE* : 5337 (0x0014D9)
*CODESIZE* : 3856 (0x000F10)
*CHECKSUM* : 0x000B05FA
*ISPMODE* : 2
*ISPRESULT* : 0
--------------------
[2026-05-15 10:53:24] : End
--------------------------------------------------
[2026-05-15 10:54:30] : Begin
--------------------
*MCUTYPE* : STC15W408AS
*MCUID* : F51FC4C11B6C25
*FILENAME* : E:\HuaweiMoveData\Users\胡珂\Desktop\2026新小车程序\智能小车.hex
*FILETIME* : 2026年05月15日, 10:54:29
*FILESIZE* : 5337 (0x0014D9)
*CODESIZE* : 3856 (0x000F10)
*CHECKSUM* : 0x000B060A
*ISPMODE* : 2
*ISPRESULT* : 0
--------------------
[2026-05-15 10:54:43] : End
--------------------------------------------------
[2026-05-15 11:05:10] : Begin
--------------------
*MCUTYPE* : STC15W408AS
*MCUID* : F51FC4C11B6C25
*FILENAME* : E:\HuaweiMoveData\Users\胡珂\Desktop\2026新小车程序\智能小车.hex
*FILETIME* : 2026年05月15日, 11:05:09
*FILESIZE* : 5706 (0x00164A)
*CODESIZE* : 3982 (0x000F8E)
*CHECKSUM* : 0x000B34AA
*ISPMODE* : 2
*ISPRESULT* : 0
--------------------
[2026-05-15 11:05:20] : End
--------------------------------------------------
[2026-05-15 11:05:24] : Begin
--------------------
*MCUTYPE* : STC15W408AS
*MCUID* : F51FC4C11B6C25
*FILENAME* : E:\HuaweiMoveData\Users\胡珂\Desktop\2026新小车程序\智能小车.hex
*FILETIME* : 2026年05月15日, 11:05:09
*FILESIZE* : 5706 (0x00164A)
*CODESIZE* : 3982 (0x000F8E)
*CHECKSUM* : 0x000B34AA
*ISPMODE* : 2
*ISPRESULT* : 0
--------------------
[2026-05-15 11:05:28] : End
--------------------------------------------------
[2026-05-15 11:08:19] : Begin
--------------------
*MCUTYPE* : STC15W408AS
*MCUID* : F51FC4C11B6C25
*FILENAME* : E:\HuaweiMoveData\Users\胡珂\Desktop\2026新小车程序\智能小车.hex
*FILETIME* : 2026年05月15日, 11:08:18
*FILESIZE* : 5706 (0x00164A)
*CODESIZE* : 3982 (0x000F8E)
*CHECKSUM* : 0x000B34AA
*ISPMODE* : 2
*ISPRESULT* : 0
--------------------
[2026-05-15 11:08:24] : End
--------------------------------------------------
[2026-05-15 11:11:14] : Begin
--------------------
*MCUTYPE* : STC15W408AS
*MCUID* : F51FC4C11B6C25
*FILENAME* : E:\HuaweiMoveData\Users\胡珂\Desktop\2026新小车程序\智能小车.hex
*FILETIME* : 2026年05月15日, 11:11:13
*FILESIZE* : 5706 (0x00164A)
*CODESIZE* : 3982 (0x000F8E)
*CHECKSUM* : 0x000B34A6
*ISPMODE* : 2
*ISPRESULT* : 0
--------------------
[2026-05-15 11:11:24] : End
--------------------------------------------------
[2026-05-15 16:15:00] : Begin
--------------------
*MCUTYPE* : STC15W408AS
*FILENAME* : E:\HuaweiMoveData\Users\胡珂\Desktop\2026新小车程序\智能小车.hex
*FILETIME* : 2026年05月15日, 11:11:13
*FILESIZE* : 5706 (0x00164A)
*CODESIZE* : 3982 (0x000F8E)
*CHECKSUM* : 0x000B34A6
*ISPMODE* : 2
*ISPRESULT* : -1
--------------------
[2026-05-15 16:15:08] : End
--------------------------------------------------
[2026-05-15 16:20:45] : Begin
--------------------
*MCUTYPE* : STC8H3K64S4
*FILENAME* : D:\downloads\Edge\主控板程序框架(新)(1)\主控板程序框架(新)\主控板程序框架\主控板程序框架\Objects\程序.hex
*FILETIME* : 2026年05月15日, 16:14:32
*FILESIZE* : 4093 (0x000FFD)
*CODESIZE* : 3352 (0x000D18)
*CHECKSUM* : 0x000A4B50
*ISPMODE* : 2
*ISPRESULT* : 4
--------------------
[2026-05-15 16:20:46] : End
--------------------------------------------------
[2026-05-15 16:45:23] : Begin
--------------------
*MCUTYPE* : STC8H3K64S4
*FILENAME* : E:\HuaweiMoveData\Users\胡珂\Desktop\主控板程序框架(新)\主控板程序框架\主控板程序框架\Objects\程序.hex
*FILETIME* : 2026年05月15日, 16:44:58
*FILESIZE* : 3754 (0x000EAA)
*CODESIZE* : 3241 (0x000CA9)
*CHECKSUM* : 0x000A1BBC
*ISPMODE* : 2
*ISPRESULT* : 4
--------------------
[2026-05-15 16:45:25] : End
--------------------------------------------------
[2026-05-15 17:01:23] : Begin
--------------------
*MCUTYPE* : STC15W408AS
*FILENAME* : E:\HuaweiMoveData\Users\胡珂\Desktop\主控板程序框架(新)\主控板程序框架\主控板程序框架\Objects\程序.hex
*FILETIME* : 2026年05月15日, 17:01:22
*FILESIZE* : 4095 (0x000FFF)
*CODESIZE* : 3353 (0x000D19)
*CHECKSUM* : 0x000A3458
*ISPMODE* : 2
*ISPRESULT* : -1
--------------------
[2026-05-15 17:01:37] : End
--------------------------------------------------
[2026-05-15 17:01:50] : Begin
--------------------
*MCUTYPE* : STC8H3K64S4
*FILENAME* : E:\HuaweiMoveData\Users\胡珂\Desktop\主控板程序框架(新)\主控板程序框架\主控板程序框架\Objects\程序.hex
*FILETIME* : 2026年05月15日, 17:01:22
*FILESIZE* : 4095 (0x000FFF)
*CODESIZE* : 3353 (0x000D19)
*CHECKSUM* : 0x000A3458
*ISPMODE* : 2
*ISPRESULT* : 4
--------------------
[2026-05-15 17:01:51] : End
--------------------------------------------------
[2026-05-15 17:08:56] : Begin
--------------------
*MCUTYPE* : STC8H3K64S4
*FILENAME* : E:\HuaweiMoveData\Users\胡珂\Desktop\主控板程序框架(新)\主控板程序框架\主控板程序框架\Objects\程序.hex
*FILETIME* : 2026年05月15日, 17:08:56
*FILESIZE* : 4230 (0x001086)
*CODESIZE* : 3401 (0x000D49)
*CHECKSUM* : 0x000A49FB
*ISPMODE* : 2
*ISPRESULT* : 4
--------------------
[2026-05-15 17:08:58] : End
--------------------------------------------------
[2026-05-15 17:09:10] : Begin
--------------------
*MCUTYPE* : STC8H3K64S4
*FILENAME* : E:\HuaweiMoveData\Users\胡珂\Desktop\主控板程序框架(新)\主控板程序框架\主控板程序框架\Objects\程序.hex
*FILETIME* : 2026年05月15日, 17:08:56
*FILESIZE* : 4230 (0x001086)
*CODESIZE* : 3401 (0x000D49)
*CHECKSUM* : 0x000A49FB
*ISPMODE* : 2
*ISPRESULT* : 4
--------------------
[2026-05-15 17:09:12] : End
--------------------------------------------------
