BL51 BANKED LINKER/LOCATER V6.22                                                        05/22/2026  11:34:56  PAGE 1


BL51 BANKED LINKER/LOCATER V6.22, INVOKED BY:
E:\KEILC51\C51\BIN\BL51.EXE STARTUP.obj, 智能小车.obj TO 智能小车 RAMSIZE (256)


MEMORY MODEL: SMALL WITH FLOATING POINT ARITHMETIC


INPUT MODULES INCLUDED:
  STARTUP.obj (?C_STARTUP)
  智能小车.obj (________)
  E:\KEILC51\C51\LIB\C51FPS.LIB (?C?FPMUL)
  E:\KEILC51\C51\LIB\C51FPS.LIB (?C?FPDIV)
  E:\KEILC51\C51\LIB\C51FPS.LIB (?C?FCAST)
  E:\KEILC51\C51\LIB\C51FPS.LIB (?C?CASTF)
  E:\KEILC51\C51\LIB\C51FPS.LIB (?C?FPGETOPN)
  E:\KEILC51\C51\LIB\C51S.LIB (?C_INIT)
  E:\KEILC51\C51\LIB\C51S.LIB (?C?CLDPTR)
  E:\KEILC51\C51\LIB\C51S.LIB (?C?CLDOPTR)
  E:\KEILC51\C51\LIB\C51S.LIB (?C?LNEG)
  E:\KEILC51\C51\LIB\C51S.LIB (?C?SLCMP)


LINK MAP OF MODULE:  智能小车 (?C_STARTUP)


            TYPE    BASE      LENGTH    RELOCATION   SEGMENT NAME
            -----------------------------------------------------

            * * * * * * *   D A T A   M E M O R Y   * * * * * * *
            REG     0000H     0008H     ABSOLUTE     "REG BANK 0"
            DATA    0008H     0006H     UNIT         _DATA_GROUP_
            DATA    000EH     0003H     UNIT         ?DT?_UART4SENDSTR?________
                    0011H     000FH                  *** GAP ***
            BIT     0020H.0   0001H.1   UNIT         ?BI?________
                    0021H.1   0000H.7                *** GAP ***
            DATA    0022H     0025H     UNIT         ?DT?________
            IDATA   0047H     0001H     UNIT         ?STACK

            * * * * * * *   C O D E   M E M O R Y   * * * * * * *
            CODE    0000H     0003H     ABSOLUTE     
            CODE    0003H     0003H     ABSOLUTE     
            CODE    0006H     0015H     UNIT         ?PR?_DELAYMS?________
            CODE    001BH     0003H     ABSOLUTE     
            CODE    001EH     0001H     UNIT         ?PR?TM1_ISR?________
                    001FH     0004H                  *** GAP ***
            CODE    0023H     0003H     ABSOLUTE     
            CODE    0026H     001AH     UNIT         ?PR?UART4ISR?________
                    0040H     0003H                  *** GAP ***
            CODE    0043H     0003H     ABSOLUTE     
            CODE    0046H     0043H     UNIT         ?PR?FOLLOWLINE?________
                    0089H     0002H                  *** GAP ***
            CODE    008BH     0003H     ABSOLUTE     
                    008EH     0005H                  *** GAP ***
            CODE    0093H     0003H     ABSOLUTE     
            CODE    0096H     02CFH     UNIT         ?C?LIB_CODE
            CODE    0365H     008CH     UNIT         ?C_C51STARTUP
            CODE    03F1H     0080H     UNIT         ?PR?_SPEECH?________
            CODE    0471H     0078H     UNIT         ?PR?INT0_ISR?________
BL51 BANKED LINKER/LOCATER V6.22                                                      05/22/2026  11:34:56  PAGE 2


            CODE    04E9H     0073H     UNIT         ?PR?MAIN?________
            CODE    055CH     005AH     UNIT         ?PR?UART2ISR?________
            CODE    05B6H     003CH     UNIT         ?PR?_STATION?________
            CODE    05F2H     0039H     UNIT         ?PR?INIT?________
            CODE    062BH     0036H     UNIT         ?PR?CHECKRFID?________
            CODE    0661H     0036H     UNIT         ?CO?________
            CODE    0697H     0034H     UNIT         ?PR?UARTISR?________
            CODE    06CBH     0025H     UNIT         ?PR?_UART4SENDSTR?________
            CODE    06F0H     0025H     UNIT         ?PR?CHECKTRAFFICLIGHT?________
            CODE    0715H     0018H     UNIT         ?PR?UARTINIT?________
            CODE    072DH     0017H     UNIT         ?PR?UART3ISR?________
            CODE    0744H     0016H     UNIT         ?PR?ISREDLIGHT?________
            CODE    075AH     0015H     UNIT         ?PR?START?________
            CODE    076FH     0011H     UNIT         ?PR?TIMER1_INIT?________
            CODE    0780H     000FH     UNIT         ?PR?UART3_INIT?________
            CODE    078FH     000DH     UNIT         ?C_INITSEG
            CODE    079CH     0009H     UNIT         ?PR?QIANJIN?________
            CODE    07A5H     0009H     UNIT         ?PR?HOUTUI?________
            CODE    07AEH     0009H     UNIT         ?PR?ZUOZHUAN?________
            CODE    07B7H     0009H     UNIT         ?PR?YOUZHUAN?________
            CODE    07C0H     0009H     UNIT         ?PR?STOP?________
            CODE    07C9H     0009H     UNIT         ?PR?TM0_INIT?________
            CODE    07D2H     0008H     UNIT         ?PR?_UARTSEND?________
            CODE    07DAH     0008H     UNIT         ?PR?_UART2SEND?________
            CODE    07E2H     0008H     UNIT         ?PR?_UART3SEND?________
            CODE    07EAH     0008H     UNIT         ?PR?_UART4SEND?________



OVERLAY MAP OF MODULE:   智能小车 (?C_STARTUP)


SEGMENT                                  DATA_GROUP 
  +--> CALLED SEGMENT                  START    LENGTH
------------------------------------------------------
?C_C51STARTUP                          -----    -----
  +--> ?PR?MAIN?________
  +--> ?C_INITSEG

?PR?MAIN?________                      0008H    0002H
  +--> ?PR?INIT?________
  +--> ?CO?________
  +--> ?PR?_SPEECH?________
  +--> ?PR?START?________
  +--> ?PR?CHECKTRAFFICLIGHT?________
  +--> ?PR?CHECKRFID?________
  +--> ?PR?STOP?________
  +--> ?PR?FOLLOWLINE?________
  +--> ?PR?QIANJIN?________

?PR?INIT?________                      -----    -----
  +--> ?PR?TM0_INIT?________
  +--> ?PR?TIMER1_INIT?________
  +--> ?PR?UARTINIT?________
  +--> ?PR?UART3_INIT?________

?PR?_SPEECH?________                   000AH    0004H
BL51 BANKED LINKER/LOCATER V6.22                                                      05/22/2026  11:34:56  PAGE 3


  +--> ?CO?________
  +--> ?PR?_UART3SEND?________
  +--> ?PR?_DELAYMS?________

?PR?CHECKTRAFFICLIGHT?________         -----    -----
  +--> ?PR?ISREDLIGHT?________
  +--> ?PR?STOP?________
  +--> ?PR?_DELAYMS?________

?PR?ISREDLIGHT?________                -----    -----
  +--> ?PR?_DELAYMS?________

?PR?CHECKRFID?________                 -----    -----
  +--> ?PR?STOP?________
  +--> ?PR?_STATION?________
  +--> ?PR?_UART2SEND?________

?PR?_STATION?________                  -----    -----
  +--> ?CO?________
  +--> ?PR?_SPEECH?________

?PR?FOLLOWLINE?________                -----    -----
  +--> ?PR?ZUOZHUAN?________
  +--> ?PR?YOUZHUAN?________
  +--> ?PR?QIANJIN?________



SYMBOL TABLE OF MODULE:  智能小车 (?C_STARTUP)

  VALUE           TYPE          NAME
  ----------------------------------

  -------         MODULE        ?C_STARTUP
  C:0365H         SEGMENT       ?C_C51STARTUP
  I:0047H         SEGMENT       ?STACK
  C:0000H         PUBLIC        ?C_STARTUP
  D:00E0H         SYMBOL        ACC
  D:00F0H         SYMBOL        B
  D:0083H         SYMBOL        DPH
  D:0082H         SYMBOL        DPL
  N:0000H         SYMBOL        IBPSTACK
  N:0100H         SYMBOL        IBPSTACKTOP
  N:0080H         SYMBOL        IDATALEN
  C:0368H         SYMBOL        IDATALOOP
  N:0000H         SYMBOL        PBPSTACK
  N:0100H         SYMBOL        PBPSTACKTOP
  N:0000H         SYMBOL        PDATALEN
  N:0000H         SYMBOL        PDATASTART
  N:0000H         SYMBOL        PPAGE
  N:0000H         SYMBOL        PPAGEENABLE
  D:00A0H         SYMBOL        PPAGE_SFR
  D:0081H         SYMBOL        SP
  C:0365H         SYMBOL        STARTUP1
  N:0000H         SYMBOL        XBPSTACK
  N:0000H         SYMBOL        XBPSTACKTOP
  N:0000H         SYMBOL        XDATALEN
BL51 BANKED LINKER/LOCATER V6.22                                                      05/22/2026  11:34:56  PAGE 4


  N:0000H         SYMBOL        XDATASTART
  C:0000H         LINE#         126
  C:0365H         LINE#         133
  C:0367H         LINE#         134
  C:0368H         LINE#         135
  C:0369H         LINE#         136
  C:036BH         LINE#         185
  C:036EH         LINE#         196
  -------         ENDMOD        ?C_STARTUP

  -------         MODULE        ________
  C:0000H         SYMBOL        _ICE_DUMMY_
  D:0093H         PUBLIC        P0M1
  D:0092H         PUBLIC        P1M0
  D:0096H         PUBLIC        P2M0
  D:0091H         PUBLIC        P1M1
  D:0080H         PUBLIC        P0
  C:055CH         PUBLIC        Uart2Isr
  D:00B2H         PUBLIC        P3M0
  D:0095H         PUBLIC        P2M1
  D:0090H         PUBLIC        P1
  C:072DH         PUBLIC        Uart3Isr
  C:0046H         PUBLIC        FollowLine
  D:00B1H         PUBLIC        P3M1
  D:00A0H         PUBLIC        P2
  C:0026H         PUBLIC        Uart4Isr
  D:00CAH         PUBLIC        P5M0
  D:00B0H         PUBLIC        P3
  B:0020H.0       PUBLIC        rfidReleaseCmd
  D:00C9H         PUBLIC        P5M1
  D:00C0H         PUBLIC        P4
  D:00C8H         PUBLIC        P5
  D:00E8H         PUBLIC        P6
  B:00A8H.7       PUBLIC        EA
  D:00F8H         PUBLIC        P7
  C:062BH         PUBLIC        CheckRFID
  C:07B7H         PUBLIC        youzhuan
  C:07AEH         PUBLIC        zuozhuan
  D:0022H         PUBLIC        nBkm
  D:0023H         PUBLIC        table
  B:0090H.2       PUBLIC        DJL1
  D:00A2H         PUBLIC        P_SW1
  B:0090H.6       PUBLIC        DJL2
  D:00A8H         PUBLIC        IE
  C:075AH         PUBLIC        Start
  B:00A0H.2       PUBLIC        DJR1
  B:00C8H.5       PUBLIC        DJR2
  B:00B0H.3       PUBLIC        GM
  C:0692H         PUBLIC        head
  D:0027H         PUBLIC        BT
  B:00A0H.0       PUBLIC        Trig
  B:00A8H.4       PUBLIC        ES
  D:00B8H         PUBLIC        IP
  C:06CBH         PUBLIC        _Uart4SendStr
  B:0098H.0       PUBLIC        RI
  B:0098H.1       PUBLIC        TI
  C:06F0H         PUBLIC        CheckTrafficLight
BL51 BANKED LINKER/LOCATER V6.22                                                      05/22/2026  11:34:56  PAGE 5


  C:07A5H         PUBLIC        houtui
  C:04E9H         PUBLIC        main
  C:07D2H         PUBLIC        _UartSend
  C:0471H         PUBLIC        INT0_Isr
  C:076FH         PUBLIC        Timer1_Init
  D:0099H         PUBLIC        SBUF
  D:0028H         PUBLIC        traceDir
  D:0098H         PUBLIC        SCON
  C:0715H         PUBLIC        UartInit
  D:0089H         PUBLIC        TMOD
  D:0088H         PUBLIC        TCON
  C:05F2H         PUBLIC        init
  B:00C8H.4       PUBLIC        led
  D:0029H         PUBLIC        dat
  D:00AFH         PUBLIC        IE2
  D:008EH         PUBLIC        AUXR
  B:00A0H.6       PUBLIC        BUSY
  B:0020H.1       PUBLIC        busy
  C:0780H         PUBLIC        Uart3_Init
  C:07C9H         PUBLIC        TM0_Init
  C:07C0H         PUBLIC        stop
  D:002AH         PUBLIC        rptr
  B:0088H.7       PUBLIC        TF1
  D:008CH         PUBLIC        TH0
  B:0020H.2       PUBLIC        flag1
  D:002BH         PUBLIC        id
  B:00A8H.0       PUBLIC        EX0
  D:008DH         PUBLIC        TH1
  B:0088H.0       PUBLIC        IT0
  C:0697H         PUBLIC        UartIsr
  B:0020H.3       PUBLIC        flag2
  D:00D6H         PUBLIC        T2H
  B:0020H.4       PUBLIC        flag3
  D:002CH         PUBLIC        wptr
  D:00D4H         PUBLIC        T3H
  B:0020H.5       PUBLIC        flag4
  D:008AH         PUBLIC        TL0
  B:0020H.6       PUBLIC        flag5
  D:008BH         PUBLIC        TL1
  B:0020H.7       PUBLIC        flag6
  D:002DH         PUBLIC        S
  D:00D7H         PUBLIC        T2L
  D:00D5H         PUBLIC        T3L
  C:0744H         PUBLIC        IsRedLight
  B:0021H.0       PUBLIC        rfidWaitCmd
  B:0088H.4       PUBLIC        TR0
  B:0088H.6       PUBLIC        TR1
  C:03F1H         PUBLIC        _Speech
  C:07DAH         PUBLIC        _Uart2Send
  D:002FH         PUBLIC        lastRFID
  D:00D1H         PUBLIC        T4T3M
  C:07E2H         PUBLIC        _Uart3Send
  C:07EAH         PUBLIC        _Uart4Send
  C:001EH         PUBLIC        TM1_Isr
  D:009BH         PUBLIC        S2BUF
  D:00ADH         PUBLIC        S3BUF
  D:0085H         PUBLIC        S4BUF
BL51 BANKED LINKER/LOCATER V6.22                                                      05/22/2026  11:34:56  PAGE 6


  C:05B6H         PUBLIC        _Station
  D:009AH         PUBLIC        S2CON
  D:00ACH         PUBLIC        S3CON
  D:0084H         PUBLIC        S4CON
  B:00A0H.3       PUBLIC        HWL
  C:079CH         PUBLIC        qianjin
  B:00A0H.1       PUBLIC        HWR
  C:0006H         PUBLIC        _delayms
  B:00B0H.5       PUBLIC        HWZ
  D:00D0H         PUBLIC        PSW
  D:0030H         PUBLIC        buffer
  D:0094H         PUBLIC        P0M0
  -------         PROC          _DELAYMS
  D:0006H         SYMBOL        xms
  -------         DO            
  D:0005H         SYMBOL        j
  D:0006H         SYMBOL        i
  -------         ENDDO         
  C:0006H         LINE#         54
  C:0006H         LINE#         55
  C:0006H         LINE#         57
  C:000FH         LINE#         58
  C:001AH         LINE#         59
  -------         ENDPROC       _DELAYMS
  -------         PROC          QIANJIN
  C:079CH         LINE#         61
  C:079CH         LINE#         62
  C:079CH         LINE#         63
  C:079EH         LINE#         64
  C:07A0H         LINE#         65
  C:07A2H         LINE#         66
  C:07A4H         LINE#         67
  -------         ENDPROC       QIANJIN
  -------         PROC          HOUTUI
  C:07A5H         LINE#         69
  C:07A5H         LINE#         70
  C:07A5H         LINE#         71
  C:07A7H         LINE#         72
  C:07A9H         LINE#         73
  C:07ABH         LINE#         74
  C:07ADH         LINE#         75
  -------         ENDPROC       HOUTUI
  -------         PROC          ZUOZHUAN
  C:07AEH         LINE#         77
  C:07AEH         LINE#         78
  C:07AEH         LINE#         79
  C:07B0H         LINE#         80
  C:07B2H         LINE#         81
  C:07B4H         LINE#         82
  C:07B6H         LINE#         83
  -------         ENDPROC       ZUOZHUAN
  -------         PROC          YOUZHUAN
  C:07B7H         LINE#         86
  C:07B7H         LINE#         87
  C:07B7H         LINE#         88
  C:07B9H         LINE#         89
  C:07BBH         LINE#         90
BL51 BANKED LINKER/LOCATER V6.22                                                      05/22/2026  11:34:56  PAGE 7


  C:07BDH         LINE#         91
  C:07BFH         LINE#         92
  -------         ENDPROC       YOUZHUAN
  -------         PROC          STOP
  C:07C0H         LINE#         94
  C:07C0H         LINE#         95
  C:07C0H         LINE#         96
  C:07C2H         LINE#         97
  C:07C4H         LINE#         98
  C:07C6H         LINE#         99
  C:07C8H         LINE#         100
  -------         ENDPROC       STOP
  -------         PROC          ISREDLIGHT
  C:0744H         LINE#         102
  C:0744H         LINE#         103
  C:0744H         LINE#         104
  C:0747H         LINE#         105
  C:0747H         LINE#         106
  C:074EH         LINE#         107
  C:0751H         LINE#         108
  C:0751H         LINE#         109
  C:0756H         LINE#         110
  C:0756H         LINE#         111
  C:0756H         LINE#         112
  C:0759H         LINE#         113
  -------         ENDPROC       ISREDLIGHT
  -------         PROC          FOLLOWLINE
  C:0046H         LINE#         115
  C:0046H         LINE#         116
  C:0046H         LINE#         117
  C:004FH         LINE#         118
  C:004FH         LINE#         119
  C:004FH         LINE#         120
  C:004FH         LINE#         121
  C:0051H         LINE#         122
  C:0057H         LINE#         123
  C:0057H         LINE#         124
  C:005AH         LINE#         125
  C:005AH         LINE#         126
  C:005CH         LINE#         127
  C:0062H         LINE#         128
  C:0062H         LINE#         129
  C:0065H         LINE#         130
  C:0065H         LINE#         131
  C:0067H         LINE#         132
  C:0070H         LINE#         133
  C:0070H         LINE#         134
  C:0073H         LINE#         135
  C:0073H         LINE#         136
  C:0075H         LINE#         138
  C:0075H         LINE#         139
  C:007AH         LINE#         140
  C:007AH         LINE#         141
  C:007DH         LINE#         142
  C:007DH         LINE#         143
  C:0082H         LINE#         144
  C:0082H         LINE#         145
BL51 BANKED LINKER/LOCATER V6.22                                                      05/22/2026  11:34:56  PAGE 8


  C:0085H         LINE#         146
  C:0085H         LINE#         148
  C:0085H         LINE#         149
  C:0088H         LINE#         150
  C:0088H         LINE#         151
  C:0088H         LINE#         152
  -------         ENDPROC       FOLLOWLINE
  -------         PROC          TM0_INIT
  C:07C9H         LINE#         154
  C:07C9H         LINE#         155
  C:07C9H         LINE#         156
  C:07CCH         LINE#         157
  C:07CFH         LINE#         158
  C:07D1H         LINE#         161
  -------         ENDPROC       TM0_INIT
  -------         PROC          TIMER1_INIT
  C:076FH         LINE#         163
  C:076FH         LINE#         164
  C:076FH         LINE#         165
  C:0772H         LINE#         166
  C:0775H         LINE#         167
  C:0778H         LINE#         168
  C:077BH         LINE#         169
  C:077DH         LINE#         170
  C:077FH         LINE#         171
  -------         ENDPROC       TIMER1_INIT
  -------         PROC          START
  C:075AH         LINE#         174
  C:075AH         LINE#         175
  C:075AH         LINE#         176
  C:075CH         LINE#         177
  C:075EH         LINE#         178
  C:0760H         LINE#         179
  C:0762H         LINE#         180
  C:0764H         LINE#         181
  C:0766H         LINE#         182
  C:0768H         LINE#         183
  C:076AH         LINE#         184
  C:076CH         LINE#         185
  C:076EH         LINE#         186
  -------         ENDPROC       START
  -------         PROC          UART3_INIT
  C:0780H         LINE#         188
  C:0780H         LINE#         189
  C:0780H         LINE#         190
  C:0783H         LINE#         191
  C:0786H         LINE#         192
  C:0789H         LINE#         193
  C:078CH         LINE#         194
  C:078EH         LINE#         195
  -------         ENDPROC       UART3_INIT
  -------         PROC          UARTINIT
  C:0715H         LINE#         197
  C:0715H         LINE#         198
  C:0715H         LINE#         199
  C:0718H         LINE#         200
  C:071BH         LINE#         201
BL51 BANKED LINKER/LOCATER V6.22                                                      05/22/2026  11:34:56  PAGE 9


  C:071EH         LINE#         202
  C:0721H         LINE#         203
  C:0724H         LINE#         204
  C:0727H         LINE#         205
  C:072AH         LINE#         206
  C:072CH         LINE#         207
  -------         ENDPROC       UARTINIT
  -------         PROC          _UARTSEND
  D:0007H         SYMBOL        dat
  C:07D2H         LINE#         209
  C:07D2H         LINE#         210
  C:07D2H         LINE#         211
  C:07D5H         LINE#         212
  C:07D7H         LINE#         213
  C:07D9H         LINE#         214
  -------         ENDPROC       _UARTSEND
  -------         PROC          _UART2SEND
  D:0007H         SYMBOL        dat
  C:07DAH         LINE#         216
  C:07DAH         LINE#         217
  C:07DAH         LINE#         218
  C:07DDH         LINE#         219
  C:07DFH         LINE#         220
  C:07E1H         LINE#         221
  -------         ENDPROC       _UART2SEND
  -------         PROC          _UART3SEND
  D:0007H         SYMBOL        dat
  C:07E2H         LINE#         223
  C:07E2H         LINE#         224
  C:07E2H         LINE#         225
  C:07E5H         LINE#         226
  C:07E7H         LINE#         227
  C:07E9H         LINE#         228
  -------         ENDPROC       _UART3SEND
  -------         PROC          _UART4SEND
  D:0007H         SYMBOL        dat
  C:07EAH         LINE#         230
  C:07EAH         LINE#         231
  C:07EAH         LINE#         232
  C:07EDH         LINE#         233
  C:07EFH         LINE#         234
  C:07F1H         LINE#         235
  -------         ENDPROC       _UART4SEND
  -------         PROC          _UART4SENDSTR
  D:000EH         SYMBOL        p
  C:06CBH         LINE#         236
  C:06D1H         LINE#         237
  C:06D1H         LINE#         238
  C:06DCH         LINE#         239
  C:06DCH         LINE#         240
  C:06EDH         LINE#         241
  C:06EFH         LINE#         242
  -------         ENDPROC       _UART4SENDSTR
  -------         PROC          _SPEECH
  D:000AH         SYMBOL        buf
  -------         DO            
  D:0006H         SYMBOL        i
BL51 BANKED LINKER/LOCATER V6.22                                                      05/22/2026  11:34:56  PAGE 10


  D:0005H         SYMBOL        xor
  D:0004H         SYMBOL        ch
  D:000DH         SYMBOL        len
  -------         ENDDO         
  C:03F1H         LINE#         245
  C:03F7H         LINE#         246
  C:03F7H         LINE#         247
  C:03F9H         LINE#         248
  C:03FAH         LINE#         249
  C:03FBH         LINE#         250
  C:03FDH         LINE#         251
  C:0411H         LINE#         253
  C:0413H         LINE#         254
  C:0413H         LINE#         255
  C:0416H         LINE#         256
  C:0420H         LINE#         257
  C:0423H         LINE#         258
  C:042AH         LINE#         260
  C:0430H         LINE#         261
  C:0433H         LINE#         262
  C:0438H         LINE#         263
  C:043CH         LINE#         265
  C:0444H         LINE#         266
  C:0444H         LINE#         267
  C:0455H         LINE#         268
  C:0458H         LINE#         269
  C:045BH         LINE#         270
  C:0460H         LINE#         271
  C:0467H         LINE#         272
  C:046AH         LINE#         273
  -------         ENDPROC       _SPEECH
  -------         PROC          _STATION
  D:0007H         SYMBOL        id
  C:05B6H         LINE#         276
  C:05B6H         LINE#         277
  C:05B6H         LINE#         278
  C:05C8H         LINE#         279
  C:05C8H         LINE#         280
  C:05D0H         LINE#         281
  C:05D8H         LINE#         282
  C:05E0H         LINE#         283
  C:05E8H         LINE#         284
  C:05F1H         LINE#         285
  C:05F1H         LINE#         286
  C:05F1H         LINE#         287
  -------         ENDPROC       _STATION
  -------         PROC          CHECKRFID
  C:062BH         LINE#         289
  C:062BH         LINE#         290
  C:062BH         LINE#         292
  C:062EH         LINE#         293
  C:063CH         LINE#         294
  C:063CH         LINE#         295
  C:0645H         LINE#         296
  C:0645H         LINE#         297
  C:0648H         LINE#         298
  C:064BH         LINE#         299
BL51 BANKED LINKER/LOCATER V6.22                                                      05/22/2026  11:34:56  PAGE 11


  C:064DH         LINE#         300
  C:064FH         LINE#         301
  C:0654H         LINE#         302
  C:0659H         LINE#         304
  C:0659H         LINE#         305
  C:065CH         LINE#         306
  C:065DH         LINE#         308
  C:065DH         LINE#         309
  C:0660H         LINE#         310
  C:0660H         LINE#         311
  -------         ENDPROC       CHECKRFID
  -------         PROC          CHECKTRAFFICLIGHT
  C:06F0H         LINE#         313
  C:06F0H         LINE#         314
  C:06F0H         LINE#         315
  C:06F7H         LINE#         316
  C:06F7H         LINE#         317
  C:06FAH         LINE#         318
  C:0701H         LINE#         319
  C:0701H         LINE#         320
  C:0704H         LINE#         321
  C:070BH         LINE#         322
  C:070DH         LINE#         323
  C:0714H         LINE#         324
  C:0714H         LINE#         325
  -------         ENDPROC       CHECKTRAFFICLIGHT
  -------         PROC          INIT
  C:05F2H         LINE#         327
  C:05F2H         LINE#         328
  C:05F2H         LINE#         329
  C:05F5H         LINE#         330
  C:05F8H         LINE#         331
  C:05FBH         LINE#         332
  C:05FEH         LINE#         333
  C:0600H         LINE#         334
  C:0602H         LINE#         337
  C:0605H         LINE#         338
  C:0607H         LINE#         339
  C:0609H         LINE#         340
  C:060CH         LINE#         341
  C:0612H         LINE#         342
  C:0617H         LINE#         343
  C:061CH         LINE#         344
  C:0621H         LINE#         345
  C:0626H         LINE#         346
  C:0628H         LINE#         347
  C:062AH         LINE#         349
  -------         ENDPROC       INIT
  -------         PROC          MAIN
  -------         DO            
  D:0008H         SYMBOL        a
  -------         ENDDO         
  C:04E9H         LINE#         350
  C:04E9H         LINE#         351
  C:04E9H         LINE#         353
  C:04EEH         LINE#         354
  C:04F1H         LINE#         356
BL51 BANKED LINKER/LOCATER V6.22                                                      05/22/2026  11:34:56  PAGE 12


  C:04FAH         LINE#         357
  C:04FAH         LINE#         358
  C:04FAH         LINE#         360
  C:0502H         LINE#         361
  C:051AH         LINE#         363
  C:051DH         LINE#         364
  C:051FH         LINE#         366
  C:0522H         LINE#         367
  C:0525H         LINE#         368
  C:0528H         LINE#         369
  C:0528H         LINE#         370
  C:052AH         LINE#         371
  C:052CH         LINE#         372
  C:052CH         LINE#         373
  C:052FH         LINE#         374
  C:052FH         LINE#         375
  C:0532H         LINE#         376
  C:0534H         LINE#         377
  C:0534H         LINE#         378
  C:0537H         LINE#         380
  C:054CH         LINE#         381
  C:054CH         LINE#         382
  C:054FH         LINE#         383
  C:054FH         LINE#         385
  C:055AH         LINE#         386
  -------         ENDPROC       MAIN
  -------         PROC          INT0_ISR
  C:0471H         LINE#         389
  C:048EH         LINE#         391
  C:0490H         LINE#         392
  C:0492H         LINE#         393
  C:04A2H         LINE#         394
  C:04A5H         LINE#         395
  C:04A8H         LINE#         396
  C:04CCH         LINE#         397
  C:04CEH         LINE#         398
  -------         ENDPROC       INT0_ISR
  -------         PROC          TM1_ISR
  C:001EH         LINE#         400
  C:001EH         LINE#         403
  -------         ENDPROC       TM1_ISR
  -------         PROC          UARTISR
  C:0697H         LINE#         405
  C:06A2H         LINE#         407
  C:06A5H         LINE#         408
  C:06A5H         LINE#         409
  C:06A7H         LINE#         410
  C:06A9H         LINE#         411
  C:06A9H         LINE#         412
  C:06ACH         LINE#         413
  C:06ACH         LINE#         414
  C:06AEH         LINE#         415
  C:06B8H         LINE#         416
  C:06C2H         LINE#         417
  C:06C2H         LINE#         418
  -------         ENDPROC       UARTISR
  -------         PROC          UART2ISR
BL51 BANKED LINKER/LOCATER V6.22                                                      05/22/2026  11:34:56  PAGE 13


  -------         DO            
  D:0007H         SYMBOL        rxdat
  -------         ENDDO         
  C:055CH         LINE#         420
  C:0569H         LINE#         423
  C:056EH         LINE#         424
  C:056EH         LINE#         425
  C:0571H         LINE#         426
  C:0573H         LINE#         427
  C:0573H         LINE#         428
  C:0578H         LINE#         429
  C:0578H         LINE#         430
  C:057BH         LINE#         431
  C:057DH         LINE#         432
  C:0587H         LINE#         433
  C:0591H         LINE#         434
  C:0594H         LINE#         435
  C:0594H         LINE#         436
  C:05A6H         LINE#         437
  C:05A6H         LINE#         438
  C:05A8H         LINE#         439
  C:05A8H         LINE#         440
  C:05ABH         LINE#         441
  C:05ABH         LINE#         442
  C:05ABH         LINE#         443
  -------         ENDPROC       UART2ISR
  -------         PROC          UART3ISR
  C:072DH         LINE#         446
  C:072FH         LINE#         448
  C:0734H         LINE#         449
  C:0734H         LINE#         450
  C:0737H         LINE#         451
  C:0739H         LINE#         452
  C:0739H         LINE#         453
  C:073EH         LINE#         454
  C:073EH         LINE#         455
  C:0741H         LINE#         456
  C:0741H         LINE#         457
  -------         ENDPROC       UART3ISR
  -------         PROC          UART4ISR
  C:0026H         LINE#         459
  C:0028H         LINE#         461
  C:002DH         LINE#         462
  C:002DH         LINE#         463
  C:0030H         LINE#         464
  C:0032H         LINE#         465
  C:0032H         LINE#         466
  C:0037H         LINE#         467
  C:0037H         LINE#         468
  C:003AH         LINE#         469
  C:003DH         LINE#         470
  C:003DH         LINE#         471
  -------         ENDPROC       UART4ISR
  -------         ENDMOD        ________

  -------         MODULE        ?C?FPMUL
  C:0096H         PUBLIC        ?C?FPMUL
BL51 BANKED LINKER/LOCATER V6.22                                                      05/22/2026  11:34:56  PAGE 14


  -------         ENDMOD        ?C?FPMUL

  -------         MODULE        ?C?FPDIV
  C:019FH         PUBLIC        ?C?FPDIV
  -------         ENDMOD        ?C?FPDIV

  -------         MODULE        ?C?FCAST
  C:0246H         PUBLIC        ?C?FCASTC
  C:0241H         PUBLIC        ?C?FCASTI
  C:023CH         PUBLIC        ?C?FCASTL
  -------         ENDMOD        ?C?FCAST

  -------         MODULE        ?C?CASTF
  C:027AH         PUBLIC        ?C?CASTF
  -------         ENDMOD        ?C?CASTF

  -------         MODULE        ?C?CLDPTR
  C:02FBH         PUBLIC        ?C?CLDPTR
  -------         ENDMOD        ?C?CLDPTR

  -------         MODULE        ?C?CLDOPTR
  C:0314H         PUBLIC        ?C?CLDOPTR
  -------         ENDMOD        ?C?CLDOPTR

  -------         MODULE        ?C?LNEG
  C:0341H         PUBLIC        ?C?LNEG
  -------         ENDMOD        ?C?LNEG

  -------         MODULE        ?C?SLCMP
  C:034FH         PUBLIC        ?C?SLCMP
  -------         ENDMOD        ?C?SLCMP

*** WARNING L16: UNCALLED SEGMENT, IGNORED FOR OVERLAY PROCESS
    SEGMENT: ?PR?HOUTUI?________

*** WARNING L16: UNCALLED SEGMENT, IGNORED FOR OVERLAY PROCESS
    SEGMENT: ?PR?_UARTSEND?________

*** WARNING L16: UNCALLED SEGMENT, IGNORED FOR OVERLAY PROCESS
    SEGMENT: ?PR?_UART4SENDSTR?________

Program Size: data=56.1 xdata=0 code=2020
LINK/LOCATE RUN COMPLETE.  3 WARNING(S),  0 ERROR(S)
