BL51 BANKED LINKER/LOCATER V6.22.2.0                                                    05/22/2026  10:17:50  PAGE 1


BL51 BANKED LINKER/LOCATER V6.22.2.0, INVOKED BY:
C:\KEIL_V5\C51\BIN\BL51.EXE STARTUP.obj, 智能小车.obj TO 智能小车 RAMSIZE (256)


MEMORY MODEL: SMALL WITH FLOATING POINT ARITHMETIC


INPUT MODULES INCLUDED:
  STARTUP.obj (?C_STARTUP)
  智能小车.obj (________)
  C:\KEIL_V5\C51\LIB\C51FPS.LIB (?C?FPMUL)
  C:\KEIL_V5\C51\LIB\C51FPS.LIB (?C?FPDIV)
  C:\KEIL_V5\C51\LIB\C51FPS.LIB (?C?FCAST)
  C:\KEIL_V5\C51\LIB\C51FPS.LIB (?C?CASTF)
  C:\KEIL_V5\C51\LIB\C51FPS.LIB (?C?FPGETOPN)
  C:\KEIL_V5\C51\LIB\C51S.LIB (?C_INIT)
  C:\KEIL_V5\C51\LIB\C51S.LIB (?C?CLDPTR)
  C:\KEIL_V5\C51\LIB\C51S.LIB (?C?CLDOPTR)
  C:\KEIL_V5\C51\LIB\C51S.LIB (?C?LNEG)
  C:\KEIL_V5\C51\LIB\C51S.LIB (?C?SLCMP)


LINK MAP OF MODULE:  智能小车 (?C_STARTUP)


            TYPE    BASE      LENGTH    RELOCATION   SEGMENT NAME
            -----------------------------------------------------

            * * * * * * *   D A T A   M E M O R Y   * * * * * * *
            REG     0000H     0008H     ABSOLUTE     "REG BANK 0"
            DATA    0008H     0007H     UNIT         _DATA_GROUP_
            DATA    000FH     0003H     UNIT         ?DT?_UART4SENDSTR?________
                    0012H     000EH                  *** GAP ***
            BIT     0020H.0   0000H.7   UNIT         ?BI?________
                    0020H.7   0000H.1                *** GAP ***
            DATA    0021H     0022H     UNIT         ?DT?________
            IDATA   0043H     0001H     UNIT         ?STACK

            * * * * * * *   C O D E   M E M O R Y   * * * * * * *
            CODE    0000H     0003H     ABSOLUTE     
            CODE    0003H     0003H     ABSOLUTE     
                    0006H     0015H                  *** GAP ***
            CODE    001BH     0003H     ABSOLUTE     
                    001EH     0005H                  *** GAP ***
            CODE    0023H     0003H     ABSOLUTE     
                    0026H     001DH                  *** GAP ***
            CODE    0043H     0003H     ABSOLUTE     
                    0046H     0045H                  *** GAP ***
            CODE    008BH     0003H     ABSOLUTE     
                    008EH     0005H                  *** GAP ***
            CODE    0093H     0003H     ABSOLUTE     
                    0096H     076AH                  *** GAP ***
            CODE    0800H     02CFH     UNIT         ?C?LIB_CODE
            CODE    0ACFH     0090H     UNIT         ?PR?_SPEECH?________
            CODE    0B5FH     008CH     UNIT         ?C_C51STARTUP
            CODE    0BEBH     0087H     UNIT         ?PR?MAIN?________
            CODE    0C72H     0078H     UNIT         ?PR?INT0_ISR?________
            CODE    0CEAH     0051H     UNIT         ?PR?TM1_ISR?________
BL51 BANKED LINKER/LOCATER V6.22.2.0                                                  05/22/2026  10:17:50  PAGE 2


            CODE    0D3BH     0039H     UNIT         ?PR?INIT?________
            CODE    0D74H     0039H     UNIT         ?PR?UART2ISR?________
            CODE    0DADH     0038H     UNIT         ?PR?UARTISR?________
            CODE    0DE5H     0027H     UNIT         ?CO?________
            CODE    0E0CH     0025H     UNIT         ?PR?_UART4SENDSTR?________
            CODE    0E31H     0020H     UNIT         ?PR?_DELAYMS?________
            CODE    0E51H     001AH     UNIT         ?PR?UART4ISR?________
            CODE    0E6BH     0018H     UNIT         ?PR?UARTINIT?________
            CODE    0E83H     0017H     UNIT         ?PR?UART3ISR?________
            CODE    0E9AH     0015H     UNIT         ?PR?START?________
            CODE    0EAFH     0011H     UNIT         ?PR?TIMER1_INIT?________
            CODE    0EC0H     000FH     UNIT         ?PR?UART3_INIT?________
            CODE    0ECFH     0009H     UNIT         ?PR?QIANJIN?________
            CODE    0ED8H     0009H     UNIT         ?PR?HOUTUI?________
            CODE    0EE1H     0009H     UNIT         ?PR?ZUOZHUAN?________
            CODE    0EEAH     0009H     UNIT         ?PR?YOUZHUAN?________
            CODE    0EF3H     0009H     UNIT         ?PR?STOP?________
            CODE    0EFCH     0009H     UNIT         ?PR?TM0_INIT?________
            CODE    0F05H     0008H     UNIT         ?PR?_UARTSEND?________
            CODE    0F0DH     0008H     UNIT         ?PR?_UART2SEND?________
            CODE    0F15H     0008H     UNIT         ?PR?_UART3SEND?________
            CODE    0F1DH     0008H     UNIT         ?PR?_UART4SEND?________
            CODE    0F25H     0004H     UNIT         ?C_INITSEG



OVERLAY MAP OF MODULE:   智能小车 (?C_STARTUP)


SEGMENT                              DATA_GROUP 
  +--> CALLED SEGMENT              START    LENGTH
--------------------------------------------------
?C_C51STARTUP                      -----    -----
  +--> ?PR?MAIN?________
  +--> ?C_INITSEG

?PR?MAIN?________                  0008H    0002H
  +--> ?PR?INIT?________
  +--> ?PR?START?________
  +--> ?CO?________
  +--> ?PR?_SPEECH?________
  +--> ?PR?QIANJIN?________

?PR?INIT?________                  -----    -----
  +--> ?PR?TM0_INIT?________
  +--> ?PR?TIMER1_INIT?________
  +--> ?PR?UARTINIT?________
  +--> ?PR?UART3_INIT?________

?PR?_SPEECH?________               000AH    0005H
  +--> ?CO?________
  +--> ?PR?_UART3SEND?________
  +--> ?PR?_DELAYMS?________

*** NEW ROOT ***************************************************

?PR?TM1_ISR?________               -----    -----
BL51 BANKED LINKER/LOCATER V6.22.2.0                                                  05/22/2026  10:17:50  PAGE 3


  +--> ?PR?STOP?________
  +--> ?PR?ZUOZHUAN?________
  +--> ?PR?YOUZHUAN?________
  +--> ?PR?QIANJIN?________



SYMBOL TABLE OF MODULE:  智能小车 (?C_STARTUP)

  VALUE           TYPE          NAME
  ----------------------------------

  -------         MODULE        ?C_STARTUP
  C:0B5FH         SEGMENT       ?C_C51STARTUP
  I:0043H         SEGMENT       ?STACK
  C:0000H         PUBLIC        ?C_STARTUP
  D:00E0H         SYMBOL        ACC
  D:00F0H         SYMBOL        B
  D:0083H         SYMBOL        DPH
  D:0082H         SYMBOL        DPL
  N:0000H         SYMBOL        IBPSTACK
  N:0100H         SYMBOL        IBPSTACKTOP
  N:0080H         SYMBOL        IDATALEN
  C:0B62H         SYMBOL        IDATALOOP
  N:0000H         SYMBOL        PBPSTACK
  N:0100H         SYMBOL        PBPSTACKTOP
  N:0000H         SYMBOL        PDATALEN
  N:0000H         SYMBOL        PDATASTART
  N:0000H         SYMBOL        PPAGE
  N:0000H         SYMBOL        PPAGEENABLE
  D:00A0H         SYMBOL        PPAGE_SFR
  D:0081H         SYMBOL        SP
  C:0B5FH         SYMBOL        STARTUP1
  N:0000H         SYMBOL        XBPSTACK
  N:0000H         SYMBOL        XBPSTACKTOP
  N:0000H         SYMBOL        XDATALEN
  N:0000H         SYMBOL        XDATASTART
  C:0000H         LINE#         126
  C:0B5FH         LINE#         133
  C:0B61H         LINE#         134
  C:0B62H         LINE#         135
  C:0B63H         LINE#         136
  C:0B65H         LINE#         185
  C:0B68H         LINE#         196
  -------         ENDMOD        ?C_STARTUP

  -------         MODULE        ________
  C:0000H         SYMBOL        _ICE_DUMMY_
  D:0093H         PUBLIC        P0M1
  D:0092H         PUBLIC        P1M0
  D:0096H         PUBLIC        P2M0
  D:0091H         PUBLIC        P1M1
  D:0080H         PUBLIC        P0
  C:0D74H         PUBLIC        Uart2Isr
  D:00B2H         PUBLIC        P3M0
  D:0095H         PUBLIC        P2M1
  D:0090H         PUBLIC        P1
BL51 BANKED LINKER/LOCATER V6.22.2.0                                                  05/22/2026  10:17:50  PAGE 4


  C:0E83H         PUBLIC        Uart3Isr
  D:00B1H         PUBLIC        P3M1
  D:00A0H         PUBLIC        P2
  C:0E51H         PUBLIC        Uart4Isr
  D:00CAH         PUBLIC        P5M0
  D:00B0H         PUBLIC        P3
  D:00C9H         PUBLIC        P5M1
  D:00C0H         PUBLIC        P4
  D:00C8H         PUBLIC        P5
  D:00E8H         PUBLIC        P6
  B:00A8H.7       PUBLIC        EA
  D:00F8H         PUBLIC        P7
  C:0EEAH         PUBLIC        youzhuan
  C:0EE1H         PUBLIC        zuozhuan
  D:0021H         PUBLIC        nBkm
  D:0022H         PUBLIC        table
  B:0090H.2       PUBLIC        DJL1
  D:00A2H         PUBLIC        P_SW1
  B:0090H.6       PUBLIC        DJL2
  D:00A8H         PUBLIC        IE
  C:0E9AH         PUBLIC        Start
  B:00A0H.2       PUBLIC        DJR1
  B:00C8H.5       PUBLIC        DJR2
  B:00B0H.3       PUBLIC        GM
  C:0E07H         PUBLIC        head
  D:0026H         PUBLIC        BT
  B:00A0H.0       PUBLIC        Trig
  B:00A8H.4       PUBLIC        ES
  D:00B8H         PUBLIC        IP
  C:0E0CH         PUBLIC        _Uart4SendStr
  B:0098H.0       PUBLIC        RI
  B:0098H.1       PUBLIC        TI
  C:0ED8H         PUBLIC        houtui
  C:0BEBH         PUBLIC        main
  C:0F05H         PUBLIC        _UartSend
  C:0C72H         PUBLIC        INT0_Isr
  C:0EAFH         PUBLIC        Timer1_Init
  D:0099H         PUBLIC        SBUF
  D:0098H         PUBLIC        SCON
  C:0E6BH         PUBLIC        UartInit
  D:0089H         PUBLIC        TMOD
  D:0088H         PUBLIC        TCON
  C:0D3BH         PUBLIC        init
  B:00C8H.4       PUBLIC        led
  D:0027H         PUBLIC        dat
  D:00AFH         PUBLIC        IE2
  D:008EH         PUBLIC        AUXR
  B:00A0H.6       PUBLIC        BUSY
  B:0020H.0       PUBLIC        busy
  C:0EC0H         PUBLIC        Uart3_Init
  C:0EFCH         PUBLIC        TM0_Init
  C:0EF3H         PUBLIC        stop
  D:0028H         PUBLIC        rptr
  B:00A8H.3       PUBLIC        ET1
  B:0088H.7       PUBLIC        TF1
  D:008CH         PUBLIC        TH0
  B:0020H.1       PUBLIC        flag1
BL51 BANKED LINKER/LOCATER V6.22.2.0                                                  05/22/2026  10:17:50  PAGE 5


  B:00A8H.0       PUBLIC        EX0
  D:008DH         PUBLIC        TH1
  B:0088H.0       PUBLIC        IT0
  C:0DADH         PUBLIC        UartIsr
  B:0020H.2       PUBLIC        flag2
  D:00D6H         PUBLIC        T2H
  B:0020H.3       PUBLIC        flag3
  D:0029H         PUBLIC        wptr
  D:00D4H         PUBLIC        T3H
  B:0020H.4       PUBLIC        flag4
  D:008AH         PUBLIC        TL0
  B:0020H.5       PUBLIC        flag5
  D:008BH         PUBLIC        TL1
  B:0020H.6       PUBLIC        flag6
  D:002AH         PUBLIC        S
  D:00D7H         PUBLIC        T2L
  D:00D5H         PUBLIC        T3L
  B:0088H.4       PUBLIC        TR0
  B:0088H.6       PUBLIC        TR1
  C:0ACFH         PUBLIC        _Speech
  C:0F0DH         PUBLIC        _Uart2Send
  D:00D1H         PUBLIC        T4T3M
  C:0F15H         PUBLIC        _Uart3Send
  C:0F1DH         PUBLIC        _Uart4Send
  C:0CEAH         PUBLIC        TM1_Isr
  D:009BH         PUBLIC        S2BUF
  D:00ADH         PUBLIC        S3BUF
  D:0085H         PUBLIC        S4BUF
  D:009AH         PUBLIC        S2CON
  D:00ACH         PUBLIC        S3CON
  D:0084H         PUBLIC        S4CON
  B:00A0H.3       PUBLIC        HWL
  C:0ECFH         PUBLIC        qianjin
  B:00A0H.1       PUBLIC        HWR
  C:0E31H         PUBLIC        _delayms
  B:00B0H.5       PUBLIC        HWZ
  D:00D0H         PUBLIC        PSW
  D:002CH         PUBLIC        buffer
  D:0094H         PUBLIC        P0M0
  -------         PROC          _DELAYMS
  D:0006H         SYMBOL        xms
  -------         DO            
  D:0005H         SYMBOL        j
  D:0006H         SYMBOL        i
  -------         ENDDO         
  C:0E31H         LINE#         38
  C:0E31H         LINE#         39
  C:0E31H         LINE#         41
  C:0E3AH         LINE#         42
  C:0E50H         LINE#         43
  -------         ENDPROC       _DELAYMS
  -------         PROC          QIANJIN
  C:0ECFH         LINE#         44
  C:0ECFH         LINE#         45
  C:0ECFH         LINE#         46
  C:0ED1H         LINE#         47
  C:0ED3H         LINE#         48
BL51 BANKED LINKER/LOCATER V6.22.2.0                                                  05/22/2026  10:17:50  PAGE 6


  C:0ED5H         LINE#         49
  C:0ED7H         LINE#         50
  -------         ENDPROC       QIANJIN
  -------         PROC          HOUTUI
  C:0ED8H         LINE#         51
  C:0ED8H         LINE#         52
  C:0ED8H         LINE#         53
  C:0EDAH         LINE#         54
  C:0EDCH         LINE#         55
  C:0EDEH         LINE#         56
  C:0EE0H         LINE#         57
  -------         ENDPROC       HOUTUI
  -------         PROC          ZUOZHUAN
  C:0EE1H         LINE#         58
  C:0EE1H         LINE#         59
  C:0EE1H         LINE#         60
  C:0EE3H         LINE#         61
  C:0EE5H         LINE#         62
  C:0EE7H         LINE#         63
  C:0EE9H         LINE#         64
  -------         ENDPROC       ZUOZHUAN
  -------         PROC          YOUZHUAN
  C:0EEAH         LINE#         65
  C:0EEAH         LINE#         66
  C:0EEAH         LINE#         67
  C:0EECH         LINE#         68
  C:0EEEH         LINE#         69
  C:0EF0H         LINE#         70
  C:0EF2H         LINE#         71
  -------         ENDPROC       YOUZHUAN
  -------         PROC          STOP
  C:0EF3H         LINE#         72
  C:0EF3H         LINE#         73
  C:0EF3H         LINE#         74
  C:0EF5H         LINE#         75
  C:0EF7H         LINE#         76
  C:0EF9H         LINE#         77
  C:0EFBH         LINE#         78
  -------         ENDPROC       STOP
  -------         PROC          TM0_INIT
  C:0EFCH         LINE#         79
  C:0EFCH         LINE#         80
  C:0EFCH         LINE#         81
  C:0EFFH         LINE#         82
  C:0F02H         LINE#         83
  C:0F04H         LINE#         84
  -------         ENDPROC       TM0_INIT
  -------         PROC          TIMER1_INIT
  C:0EAFH         LINE#         85
  C:0EAFH         LINE#         86
  C:0EAFH         LINE#         87
  C:0EB2H         LINE#         88
  C:0EB5H         LINE#         89
  C:0EB8H         LINE#         90
  C:0EBBH         LINE#         91
  C:0EBDH         LINE#         92
  C:0EBFH         LINE#         93
BL51 BANKED LINKER/LOCATER V6.22.2.0                                                  05/22/2026  10:17:50  PAGE 7


  -------         ENDPROC       TIMER1_INIT
  -------         PROC          START
  C:0E9AH         LINE#         94
  C:0E9AH         LINE#         95
  C:0E9AH         LINE#         96
  C:0E9CH         LINE#         97
  C:0E9EH         LINE#         98
  C:0EA0H         LINE#         99
  C:0EA2H         LINE#         100
  C:0EA4H         LINE#         101
  C:0EA6H         LINE#         102
  C:0EA8H         LINE#         103
  C:0EAAH         LINE#         104
  C:0EACH         LINE#         105
  C:0EAEH         LINE#         106
  -------         ENDPROC       START
  -------         PROC          UART3_INIT
  C:0EC0H         LINE#         107
  C:0EC0H         LINE#         108
  C:0EC0H         LINE#         109
  C:0EC3H         LINE#         110
  C:0EC6H         LINE#         111
  C:0EC9H         LINE#         112
  C:0ECCH         LINE#         113
  C:0ECEH         LINE#         114
  -------         ENDPROC       UART3_INIT
  -------         PROC          UARTINIT
  C:0E6BH         LINE#         115
  C:0E6BH         LINE#         116
  C:0E6BH         LINE#         117
  C:0E6EH         LINE#         118
  C:0E71H         LINE#         119
  C:0E74H         LINE#         120
  C:0E77H         LINE#         121
  C:0E7AH         LINE#         122
  C:0E7DH         LINE#         123
  C:0E80H         LINE#         124
  C:0E82H         LINE#         125
  -------         ENDPROC       UARTINIT
  -------         PROC          _UARTSEND
  D:0007H         SYMBOL        dat
  C:0F05H         LINE#         126
  C:0F05H         LINE#         127
  C:0F05H         LINE#         128
  C:0F08H         LINE#         129
  C:0F0AH         LINE#         130
  C:0F0CH         LINE#         131
  -------         ENDPROC       _UARTSEND
  -------         PROC          _UART2SEND
  D:0007H         SYMBOL        dat
  C:0F0DH         LINE#         132
  C:0F0DH         LINE#         133
  C:0F0DH         LINE#         134
  C:0F10H         LINE#         135
  C:0F12H         LINE#         136
  C:0F14H         LINE#         137
  -------         ENDPROC       _UART2SEND
BL51 BANKED LINKER/LOCATER V6.22.2.0                                                  05/22/2026  10:17:50  PAGE 8


  -------         PROC          _UART3SEND
  D:0007H         SYMBOL        dat
  C:0F15H         LINE#         138
  C:0F15H         LINE#         139
  C:0F15H         LINE#         140
  C:0F18H         LINE#         141
  C:0F1AH         LINE#         142
  C:0F1CH         LINE#         143
  -------         ENDPROC       _UART3SEND
  -------         PROC          _UART4SEND
  D:0007H         SYMBOL        dat
  C:0F1DH         LINE#         144
  C:0F1DH         LINE#         145
  C:0F1DH         LINE#         146
  C:0F20H         LINE#         147
  C:0F22H         LINE#         148
  C:0F24H         LINE#         149
  -------         ENDPROC       _UART4SEND
  -------         PROC          _UART4SENDSTR
  D:000FH         SYMBOL        p
  C:0E0CH         LINE#         150
  C:0E12H         LINE#         151
  C:0E12H         LINE#         152
  C:0E1DH         LINE#         153
  C:0E1DH         LINE#         154
  C:0E2EH         LINE#         155
  C:0E30H         LINE#         156
  -------         ENDPROC       _UART4SENDSTR
  -------         PROC          _SPEECH
  D:000AH         SYMBOL        buf
  -------         DO            
  D:0006H         SYMBOL        i
  D:000DH         SYMBOL        xor
  D:0005H         SYMBOL        ch
  D:000EH         SYMBOL        len
  -------         ENDDO         
  C:0ACFH         LINE#         157
  C:0AD5H         LINE#         158
  C:0AD5H         LINE#         159
  C:0AD7H         LINE#         160
  C:0AD9H         LINE#         161
  C:0ADAH         LINE#         162
  C:0ADCH         LINE#         163
  C:0AF0H         LINE#         164
  C:0AFEH         LINE#         165
  C:0AFEH         LINE#         166
  C:0B03H         LINE#         167
  C:0B0DH         LINE#         168
  C:0B13H         LINE#         169
  C:0B1AH         LINE#         171
  C:0B20H         LINE#         172
  C:0B23H         LINE#         173
  C:0B27H         LINE#         174
  C:0B2AH         LINE#         175
  C:0B32H         LINE#         176
  C:0B32H         LINE#         177
  C:0B43H         LINE#         178
BL51 BANKED LINKER/LOCATER V6.22.2.0                                                  05/22/2026  10:17:50  PAGE 9


  C:0B46H         LINE#         179
  C:0B49H         LINE#         180
  C:0B4EH         LINE#         181
  C:0B55H         LINE#         182
  C:0B58H         LINE#         183
  -------         ENDPROC       _SPEECH
  -------         PROC          INIT
  C:0D3BH         LINE#         185
  C:0D3BH         LINE#         186
  C:0D3BH         LINE#         187
  C:0D3EH         LINE#         188
  C:0D41H         LINE#         189
  C:0D44H         LINE#         190
  C:0D47H         LINE#         191
  C:0D49H         LINE#         192
  C:0D4BH         LINE#         193
  C:0D4DH         LINE#         194
  C:0D4FH         LINE#         195
  C:0D52H         LINE#         196
  C:0D54H         LINE#         197
  C:0D56H         LINE#         198
  C:0D59H         LINE#         199
  C:0D5FH         LINE#         200
  C:0D64H         LINE#         201
  C:0D69H         LINE#         202
  C:0D6EH         LINE#         203
  C:0D73H         LINE#         204
  -------         ENDPROC       INIT
  -------         PROC          MAIN
  -------         DO            
  D:0008H         SYMBOL        a
  -------         ENDDO         
  C:0BEBH         LINE#         205
  C:0BEBH         LINE#         206
  C:0BEBH         LINE#         208
  C:0BEEH         LINE#         209
  C:0BEEH         LINE#         210
  C:0BEEH         LINE#         211
  C:0BF6H         LINE#         212
  C:0C0EH         LINE#         213
  C:0C11H         LINE#         214
  C:0C13H         LINE#         215
  C:0C23H         LINE#         216
  C:0C33H         LINE#         217
  C:0C43H         LINE#         218
  C:0C53H         LINE#         219
  C:0C64H         LINE#         220
  C:0C6FH         LINE#         221
  -------         ENDPROC       MAIN
  -------         PROC          INT0_ISR
  C:0C72H         LINE#         223
  C:0C8FH         LINE#         225
  C:0C91H         LINE#         226
  C:0C93H         LINE#         227
  C:0CA3H         LINE#         228
  C:0CA6H         LINE#         229
  C:0CA9H         LINE#         230
BL51 BANKED LINKER/LOCATER V6.22.2.0                                                  05/22/2026  10:17:50  PAGE 10


  C:0CCDH         LINE#         231
  C:0CCFH         LINE#         232
  -------         ENDPROC       INT0_ISR
  -------         PROC          TM1_ISR
  C:0CEAH         LINE#         233
  C:0CEAH         LINE#         235
  C:0CEDH         LINE#         236
  C:0CEDH         LINE#         237
  C:0CF0H         LINE#         238
  C:0CF1H         LINE#         240
  C:0CF1H         LINE#         241
  C:0CFCH         LINE#         242
  C:0D07H         LINE#         243
  C:0D12H         LINE#         244
  C:0D1DH         LINE#         245
  C:0D2AH         LINE#         246
  C:0D37H         LINE#         247
  C:0D3AH         LINE#         248
  C:0D3AH         LINE#         249
  -------         ENDPROC       TM1_ISR
  -------         PROC          UARTISR
  C:0DADH         LINE#         250
  C:0DB8H         LINE#         252
  C:0DBBH         LINE#         253
  C:0DBBH         LINE#         254
  C:0DBDH         LINE#         255
  C:0DBFH         LINE#         256
  C:0DBFH         LINE#         257
  C:0DC2H         LINE#         258
  C:0DC2H         LINE#         259
  C:0DC4H         LINE#         260
  C:0DCEH         LINE#         261
  C:0DDCH         LINE#         262
  C:0DDCH         LINE#         263
  -------         ENDPROC       UARTISR
  -------         PROC          UART2ISR
  C:0D74H         LINE#         264
  C:0D7FH         LINE#         266
  C:0D84H         LINE#         267
  C:0D84H         LINE#         268
  C:0D87H         LINE#         269
  C:0D89H         LINE#         270
  C:0D89H         LINE#         271
  C:0D8EH         LINE#         272
  C:0D8EH         LINE#         273
  C:0D91H         LINE#         274
  C:0D9BH         LINE#         275
  C:0DA4H         LINE#         276
  C:0DA4H         LINE#         277
  -------         ENDPROC       UART2ISR
  -------         PROC          UART3ISR
  C:0E83H         LINE#         278
  C:0E85H         LINE#         280
  C:0E8AH         LINE#         281
  C:0E8AH         LINE#         282
  C:0E8DH         LINE#         283
  C:0E8FH         LINE#         284
BL51 BANKED LINKER/LOCATER V6.22.2.0                                                  05/22/2026  10:17:50  PAGE 11


  C:0E8FH         LINE#         285
  C:0E94H         LINE#         286
  C:0E94H         LINE#         287
  C:0E97H         LINE#         288
  C:0E97H         LINE#         289
  -------         ENDPROC       UART3ISR
  -------         PROC          UART4ISR
  C:0E51H         LINE#         290
  C:0E53H         LINE#         292
  C:0E58H         LINE#         293
  C:0E58H         LINE#         294
  C:0E5BH         LINE#         295
  C:0E5DH         LINE#         296
  C:0E5DH         LINE#         297
  C:0E62H         LINE#         298
  C:0E62H         LINE#         299
  C:0E65H         LINE#         300
  C:0E68H         LINE#         301
  C:0E68H         LINE#         302
  -------         ENDPROC       UART4ISR
  -------         ENDMOD        ________

  -------         MODULE        ?C?FPMUL
  C:0800H         PUBLIC        ?C?FPMUL
  -------         ENDMOD        ?C?FPMUL

  -------         MODULE        ?C?FPDIV
  C:0909H         PUBLIC        ?C?FPDIV
  -------         ENDMOD        ?C?FPDIV

  -------         MODULE        ?C?FCAST
  C:09B0H         PUBLIC        ?C?FCASTC
  C:09ABH         PUBLIC        ?C?FCASTI
  C:09A6H         PUBLIC        ?C?FCASTL
  -------         ENDMOD        ?C?FCAST

  -------         MODULE        ?C?CASTF
  C:09E4H         PUBLIC        ?C?CASTF
  -------         ENDMOD        ?C?CASTF

  -------         MODULE        ?C?CLDPTR
  C:0A65H         PUBLIC        ?C?CLDPTR
  -------         ENDMOD        ?C?CLDPTR

  -------         MODULE        ?C?CLDOPTR
  C:0A7EH         PUBLIC        ?C?CLDOPTR
  -------         ENDMOD        ?C?CLDOPTR

  -------         MODULE        ?C?LNEG
  C:0AABH         PUBLIC        ?C?LNEG
  -------         ENDMOD        ?C?LNEG

  -------         MODULE        ?C?SLCMP
  C:0AB9H         PUBLIC        ?C?SLCMP
  -------         ENDMOD        ?C?SLCMP

*** WARNING L16: UNCALLED SEGMENT, IGNORED FOR OVERLAY PROCESS
BL51 BANKED LINKER/LOCATER V6.22.2.0                                                  05/22/2026  10:17:50  PAGE 12


    SEGMENT: ?PR?HOUTUI?________

*** WARNING L16: UNCALLED SEGMENT, IGNORED FOR OVERLAY PROCESS
    SEGMENT: ?PR?_UARTSEND?________

*** WARNING L16: UNCALLED SEGMENT, IGNORED FOR OVERLAY PROCESS
    SEGMENT: ?PR?_UART2SEND?________

*** WARNING L16: UNCALLED SEGMENT, IGNORED FOR OVERLAY PROCESS
    SEGMENT: ?PR?_UART4SENDSTR?________

******************************************************************************
* RESTRICTED VERSION WITH 0800H BYTE CODE SIZE LIMIT; USED: 03EEH BYTE (49%) *
******************************************************************************

Program Size: data=53.7 xdata=0 code=1854
LINK/LOCATE RUN COMPLETE.  4 WARNING(S),  0 ERROR(S)
