C51 COMPILER V9.54   ____                                                                  05/22/2026 15:48:09 PAGE 1   


C51 COMPILER V9.54, COMPILATION OF MODULE ____
OBJECT MODULE PLACED IN .\Objects\程序.obj
COMPILER INVOKED BY: D:\Keil5\C51\BIN\C51.EXE 程序.c OPTIMIZE(8,SPEED) BROWSE DEBUG OBJECTEXTEND PRINT(.\Listings\程序.l
                    -st) TABS(2) OBJECT(.\Objects\程序.obj)

line level    source

   1          /* 红绿灯显示板：STC15W408AS，晶振频率11.0592MHZ */
   2          /* 纯日间正常循环版（绿灯、红灯最后5秒均闪烁，黄灯正常闪烁） */
   3          #include "stc15.h"           
   4          #include "intrins.h"          
   5          
   6          #define uchar unsigned char  
   7          #define uint  unsigned int   
   8          
   9          sbit D1 = P5^4;             // 十位数码管段选
  10          sbit D2 = P5^5;             // 个位数码管段选
  11          sbit RR = P3^2;             // 红灯控制，低电平亮        
  12          sbit YY = P3^3;             // 黄灯控制，低电平亮 
  13          sbit GG = P3^4;             // 绿灯控制，低电平亮 
  14          
  15          uchar table[]={0xc0,0xf9,0xa4,0xb0,0x99,0x92,0x82,0xf8,0x80,0x90}; // 共阳段码
  16          
  17          uchar sec;                  
  18          uchar rsec=12, ysec=3, gsec=10;  
  19          
  20          #define STATE_GREEN   0     
  21          #define STATE_YELLOW  1     
  22          #define STATE_RED     2     
  23          uchar state;                
  24          
  25          bit flag = 0;               // 1秒标志
  26          bit half_flag = 0;          // 0.5秒标志
  27          bit yel_on = 0;             // 闪烁交替辅助标志
  28          
  29          void DelayMs(uint ms)
  30          {
  31   1          uint i,j;
  32   1          for(i=0;i<85;i++)        
  33   1              for(j=0;j<ms;j++);
  34   1      }
  35          
  36          void init()  
  37          {
  38   1          // STC15W 所有 I/O 口配置为准双向口
  39   1          P0M1 = 0x00; P0M0 = 0x00;   
  40   1          P1M1 = 0x00; P1M0 = 0x00;   
  41   1          P2M1 = 0x00; P2M0 = 0x00;   
  42   1          P3M1 = 0x00; P3M0 = 0x00;   
  43   1          P4M1 = 0x00; P4M0 = 0x00;   
  44   1          P5M1 = 0x00; P5M0 = 0x00;   
  45   1      
  46   1          // 定时器0定时10ms
  47   1          AUXR &= 0x7F;               
  48   1          TMOD &= 0xF0;               
  49   1          TL0 = 0x00; TH0 = 0xDC;     
  50   1          ET0 = 1; TR0 = 1;           
  51   1      }
  52          
  53          void display_day()
  54          {
C51 COMPILER V9.54   ____                                                                  05/22/2026 15:48:09 PAGE 2   

  55   1          D2 = 0; D1 = 1;             // 亮个位
  56   1          P1 = table[sec%10];          
  57   1          DelayMs(3); P1 = 0xFF;      // 消隐预防鬼影
  58   1          
  59   1          D2 = 1; D1 = 0;             // 亮十位
  60   1          P1 = table[sec/10];          
  61   1          DelayMs(3); P1 = 0xFF;      
  62   1      }
  63          
  64          void enter_day_mode()
  65          {
  66   1          state = STATE_GREEN;          
  67   1          sec = gsec;                   
  68   1          GG = 0; YY = 1; RR = 1;     // 开机默认亮绿灯
  69   1          yel_on = 0;
  70   1      }
  71          
  72          void change_state()
  73          {
  74   1          switch(state)
  75   1          {
  76   2              case STATE_GREEN:      
  77   2                  state = STATE_YELLOW;
  78   2                  sec = ysec;               
  79   2                  GG = 1; YY = 0; RR = 1;     // 绿灯完换黄灯
  80   2                  yel_on = 1;              
  81   2                  break;
  82   2                  
  83   2              case STATE_YELLOW:    
  84   2                  state = STATE_RED;
  85   2                  sec = rsec;               
  86   2                  GG = 1; YY = 1; RR = 0;     // 黄灯完换红灯
  87   2                  yel_on = 0;
  88   2                  break;
  89   2                  
  90   2              case STATE_RED:        
  91   2                  state = STATE_GREEN;
  92   2                  sec = gsec;               
  93   2                  GG = 0; YY = 1; RR = 1;     // 红灯完换绿灯
  94   2                  yel_on = 0;
  95   2                  break;
  96   2          }
  97   1      }
  98          
  99          void main()
 100          {   
 101   1          init();                     
 102   1          enter_day_mode();           
 103   1          
 104   1          EA = 1;                     
 105   1          
 106   1          while(1)
 107   1          {
 108   2              // 1. 刷新日间数码管显示
 109   2              display_day();            
 110   2      
 111   2              // 2. 0.5秒同步闪烁逻辑
 112   2              if(half_flag)
 113   2              {
 114   3                  half_flag = 0;            
 115   3                  yel_on = ~yel_on;
 116   3      
C51 COMPILER V9.54   ____                                                                  05/22/2026 15:48:09 PAGE 3   

 117   3                  if(state == STATE_YELLOW)
 118   3                  {
 119   4                      YY = yel_on ? 0 : 1;    // 黄灯状态下，0.5秒交替闪烁
 120   4                  }
 121   3                  else if(state == STATE_GREEN && sec <= 5)
 122   3                  {
 123   4                      GG = yel_on ? 0 : 1;    // 绿灯最后5秒，0.5秒交替闪烁
 124   4                  }
 125   3                  else if(state == STATE_RED && sec <= 5)
 126   3                  {
 127   4                      RR = yel_on ? 0 : 1;    // 红灯最后5秒，0.5秒交替闪烁
 128   4                  }
 129   3              }
 130   2              
 131   2              // 3. 1秒状态机计时事件
 132   2              if(flag)
 133   2              {
 134   3                  flag = 0;                 
 135   3                  if(sec == 0) 
 136   3                  {
 137   4                      change_state();  
 138   4                  }
 139   3              }
 140   2          }
 141   1      }
 142          
 143          // 定时器0中断服务：处理1秒递减与0.5秒闪烁基准
 144          void Timer0_isr() interrupt 1 
 145          {
 146   1          static uchar t100 = 0;            
 147   1          static uchar t50  = 0;            
 148   1          
 149   1          t100++; t50++;
 150   1          
 151   1          // 满1秒
 152   1          if(t100 >= 100)          
 153   1          {
 154   2              t100 = 0; flag = 1;          
 155   2              if(sec > 0) sec--;                     
 156   2          }
 157   1      
 158   1          // 满0.5秒
 159   1          if(t50 >= 50)            
 160   1          {
 161   2              t50 = 0; half_flag = 1;        
 162   2          }
 163   1      }


MODULE INFORMATION:   STATIC OVERLAYABLE
   CODE SIZE        =    333    ----
   CONSTANT SIZE    =   ----    ----
   XDATA SIZE       =   ----    ----
   PDATA SIZE       =   ----    ----
   DATA SIZE        =     17    ----
   IDATA SIZE       =   ----    ----
   BIT SIZE         =      3    ----
END OF MODULE INFORMATION.


C51 COMPILATION COMPLETE.  0 WARNING(S),  0 ERROR(S)
