C51 COMPILER V9.60.0.0   ____                                                              05/22/2026 09:45:27 PAGE 1   


C51 COMPILER V9.60.0.0, COMPILATION OF MODULE ____
OBJECT MODULE PLACED IN .\Objects\程序.obj
COMPILER INVOKED BY: D:\keil5\C51\BIN\C51.EXE 程序.c OPTIMIZE(8,SPEED) BROWSE DEBUG OBJECTEXTEND PRINT(.\Listings\程序.l
                    -st) TABS(2) OBJECT(.\Objects\程序.obj)

line level    source

   1          /*单片机STC15W408AS，晶振频率选择11.0592MHZ*/
   2          #include   "stc15.h"            //包含stc15w单片机头文件
   3          #include   "intrins.h"          //
   4          #define     uchar  unsigned char  //
   5          #define     uint   unsigned int   //
   6          //////////////////////////////////IO口控制定义  
   7          sbit     D1 = P5^4;             //控制十位数码管段选
   8          sbit     D2 = P5^5;             //控制个位数码管段选
   9          sbit     RR = P3^2;             //南通道红灯控制     低电平点亮        
  10          sbit     YY = P3^3;             //南通道黄灯控制     低电平点亮 
  11          sbit     GG = P3^4;             //南通道绿灯控制     低电平点亮 
  12          ///////////////////////////////////共阳极数码管显示段定义   P1口段选显示
  13          uchar  table[]={0xc0,0xf9,0xa4,0xb0,0x99,0x92,0x82,0xf8,0x80,0x90};//显示0-9段码(共阳)
  14          //////////////////////////////////变量定义
  15          uchar  sum;                         //串口接收计数
  16          uchar  pc_dat[10];            //串口接收数据存储数组
  17          uchar  sec;                         //当前倒计时秒数
  18          uchar  rsec=12,ysec=3,gsec=10;      //红灯12s、黄灯3s、绿灯10s
  19          
  20          // 交通灯状态定义
  21          #define  STATE_GREEN   0            //绿灯状态
  22          #define  STATE_YELLOW  1            //黄灯状态
  23          #define  STATE_RED     2            //红灯状态
  24          uchar  state;                       //当前交通灯状态
  25          
  26          bit    flag = 0;                    //1秒到标志位
  27          bit    half_flag = 0;               //0.5秒到标志位（用于黄灯闪烁）
  28          bit    night_mode = 0;              //夜间模式标志 0=日间正常循环 1=夜间黄灯常闪
  29          bit    yel_on = 0;                  //黄灯当前亮灭状态（用于闪烁控制）
  30          
  31          //////////////////////////////////延时函数               
  32          void DelayMs(uint ms)
  33          {
  34   1        uint i,j;
  35   1        for(i=0;i<85;i++)    
  36   1          for(j=0;j<ms;j++);
  37   1      }
  38          //////////////////////////////////串口发送单字节（单片机向PC十六进制通信）
  39          void uart_fa(uchar dat)
  40          {
  41   1         SBUF = dat ;
  42   1         while(!TI);
  43   1         TI = 0;
  44   1      }
  45          /////////////////////////////////IO口、定时器、串口通信波特率初始化
  46          void init()  
  47          {
  48   1         //////////////////////////////////////////IO口初始化
  49   1         P0M1 = 0x00;   P0M0 = 0x00;   //设置为准双向口
  50   1         P1M1 = 0x00;   P1M0 = 0x00;   //设置为准双向口
  51   1         P2M1 = 0x00;   P2M0 = 0x00;   //设置为准双向口
  52   1         P3M1 = 0x00;   P3M0 = 0x00;   //设置为准双向口
  53   1         P4M1 = 0x00;   P4M0 = 0x00;   //设置为准双向口
  54   1         P5M1 = 0x00;   P5M0 = 0x00;   //设置为准双向口
C51 COMPILER V9.60.0.0   ____                                                              05/22/2026 09:45:27 PAGE 2   

  55   1         /////////////////////////////////////////定时器T0   10ms@11.0592MHz
  56   1         AUXR &= 0x7F;                   //定时器时钟12T模式
  57   1         TMOD &= 0xF0;                   //设置定时器模式
  58   1         TL0 = 0x00;                   //设置定时初值
  59   1         TH0 = 0xDC;                     //设置定时初值
  60   1         ET0 = 1;                      //使能定时器T0中断
  61   1         TR0 = 1;                      //定时器0开始计时
  62   1         ///////////////////////////////定时器T2 串口通信波特率9600bps@11.0592MHz
  63   1         SCON = 0x50;                  //8位数据,可变波特率
  64   1         AUXR |= 0x01;                   //串口1选择定时器2为波特率发生器
  65   1         AUXR &= 0xFB;                   //定时器时钟12T模式
  66   1         T2L = 0xE8;                   //设置定时初值
  67   1         T2H = 0xFF;                   //设置定时初值
  68   1         AUXR |= 0x10;                   //定时器2开始计时   
  69   1         P_SW1 |= 0x40;                    //串口1切换到P3.6( RXD ) P3.7( TXD )
  70   1      }
  71          //////////////////////////////////数码管显示子程序（日间模式：倒计时数字）
  72          void display_day()
  73          {
  74   1        D2 = 0;D1 = 1;                //打开个位数码管关闭十位数码管
  75   1        P1=table[sec%10];             //显示个位数字
  76   1        DelayMs(3);                  
  77   1        
  78   1        D2 = 1;D1 = 0;                //关闭个位数码管打开十位数码管
  79   1        P1=table[sec/10];             //显示十位数字
  80   1        DelayMs(3);                  
  81   1      }
  82          
  83          //////////////////////////////////数码管显示子程序（夜间模式：显示"-."）
  84          void display_night()
  85          {
  86   1        // 个位显示小数点"."（共阳极：仅DP段亮，0x7F）
  87   1        D2 = 0;D1 = 1;
  88   1        P1 = 0x7F;                    //仅DP段点亮，显示小数点"."
  89   1        DelayMs(3);
  90   1        
  91   1        // 十位显示横杠"-"（共阳极：仅g段亮，0xBF）
  92   1        D2 = 1;D1 = 0;
  93   1        P1 = 0xBF;                    //仅g段点亮，显示横杠"-"
  94   1        DelayMs(3);
  95   1      }
  96          
  97          //////////////////////////////////进入夜间模式
  98          void enter_night_mode()
  99          {
 100   1        night_mode = 1;               //置夜间模式标志
 101   1        GG = 1;                       //关绿灯
 102   1        YY = 0;                       //开黄灯（初始亮）
 103   1        RR = 1;                       //关红灯
 104   1        yel_on = 1;                   //黄灯当前为亮
 105   1      }
 106          
 107          //////////////////////////////////进入日间模式
 108          void enter_day_mode()
 109          {
 110   1        night_mode = 0;               //清夜间模式标志
 111   1        state = STATE_GREEN;          //从绿灯状态开始
 112   1        sec = gsec;                   //加载绿灯倒计时
 113   1        GG = 0;                       //开绿灯（低电平点亮）
 114   1        YY = 1;                       //关黄灯
 115   1        RR = 1;                       //关红灯
 116   1        yel_on = 0;
C51 COMPILER V9.60.0.0   ____                                                              05/22/2026 09:45:27 PAGE 3   

 117   1      }
 118          
 119          //////////////////////////////////交通灯状态切换（日间模式用）
 120          void change_state()
 121          {
 122   1        switch(state)
 123   1        {
 124   2          case STATE_GREEN:             //绿灯结束→切换到黄灯
 125   2            state = STATE_YELLOW;
 126   2            sec = ysec;               //加载黄灯倒计时（3s）
 127   2            GG = 1;                   //关绿灯（高电平熄灭）
 128   2            YY = 0;                   //开黄灯（低电平点亮）
 129   2            RR = 1;                   //关红灯
 130   2            yel_on = 1;               //黄灯初始为亮
 131   2            break;
 132   2            
 133   2          case STATE_YELLOW:            //黄灯结束→切换到红灯
 134   2            state = STATE_RED;
 135   2            sec = rsec;               //加载红灯倒计时（12s）
 136   2            GG = 1;
 137   2            YY = 1;                   //关黄灯
 138   2            RR = 0;                   //开红灯
 139   2            yel_on = 0;
 140   2            break;
 141   2            
 142   2          case STATE_RED:               //红灯结束→切换到绿灯
 143   2            state = STATE_GREEN;
 144   2            sec = gsec;               //加载绿灯倒计时（10s）
 145   2            GG = 0;                   //开绿灯
 146   2            YY = 1;
 147   2            RR = 1;                   //关红灯
 148   2            yel_on = 0;
 149   2            break;
 150   2        }
 151   1      }
 152          
 153          //////////////////////////////////处理串口接收到的命令
 154          // 命令协议（共两种）：
 155          //   PC串口命令：0xA1(地址) 绿灯值 黄灯值 红灯值 0xDD(结束符)
 156          //   无线调度台命令：0xA5 命令码 数据1 数据2 0xDD
 157          //     命令码 0x01 = K1按下 → 日间模式（数据1=绿灯时长，数据2=红灯时长）
 158          //     命令码 0x02 = K2按下 → 夜间模式
 159          void process_cmd()
 160          {
 161   1        uchar i;
 162   1        
 163   1        if(pc_dat[4] != 0xDD) return;    //未收到完整命令则退出
 164   1        
 165   1        // PC串口命令（设置各灯时长并强制日间模式）
 166   1        if(pc_dat[0] == 0xA1)
 167   1        {
 168   2          gsec = pc_dat[1];             //更新绿灯秒数
 169   2          ysec = pc_dat[2];             //更新黄灯秒数
 170   2          rsec = pc_dat[3];             //更新红灯秒数
 171   2          enter_day_mode();             //恢复日间正常循环
 172   2        }
 173   1        // 无线调度台命令
 174   1        else if(pc_dat[0] == 0xA5)
 175   1        {
 176   2          switch(pc_dat[1])
 177   2          {
 178   3            case 0x01:                //K1：日间模式，携带红绿灯时长
C51 COMPILER V9.60.0.0   ____                                                              05/22/2026 09:45:27 PAGE 4   

 179   3              gsec = pc_dat[2];     //绿灯时长
 180   3              rsec = pc_dat[3];     //红灯时长
 181   3              enter_day_mode();
 182   3              break;
 183   3              
 184   3            case 0x02:                //K2：夜间模式
 185   3              enter_night_mode();
 186   3              break;
 187   3          }
 188   2        }
 189   1        
 190   1        // 清除命令缓冲，准备接收下一条
 191   1        for(i=0;i<5;i++) pc_dat[i] = 0;
 192   1      }
 193          
 194          //////////////////////////////////////////////主函数
 195          void main()
 196          {   
 197   1        init();                          //调用初始化函数
 198   1        
 199   1        // 默认日间模式：绿灯亮起
 200   1        enter_day_mode();
 201   1        
 202   1        ES = 1;                          //开串口中断
 203   1        EA = 1;                          //开总中断
 204   1        
 205   1        while(1)
 206   1        {
 207   2          //========== 数码管显示 ==========
 208   2          if(night_mode)
 209   2            display_night();          //夜间模式显示"-."
 210   2          else
 211   2            display_day();            //日间模式显示倒计时数字
 212   2          
 213   2          //========== 0.5秒事件处理（黄灯闪烁）==========
 214   2          if(half_flag)
 215   2          {
 216   3            half_flag = 0;            //清除0.5秒标志
 217   3            
 218   3            if(night_mode)
 219   3            {
 220   4              // 夜间模式：黄灯每0.5s翻转一次（亮0.5s灭0.5s循环）
 221   4              yel_on = ~yel_on;
 222   4              YY = yel_on ? 0 : 1;  //低电平点亮
 223   4            }
 224   3            else if(state == STATE_YELLOW)
 225   3            {
 226   4              // 日间模式黄灯阶段：闪烁3次（3秒内每0.5s翻转，共3个亮灭周期）
 227   4              yel_on = ~yel_on;
 228   4              YY = yel_on ? 0 : 1;
 229   4            }
 230   3          }
 231   2          
 232   2          //========== 1秒事件处理 ==========
 233   2          if(flag)
 234   2          {
 235   3            flag = 0;                 //清除1秒标志
 236   3            
 237   3            if(!night_mode)           //日间模式才走状态机
 238   3            {
 239   4              if(sec == 0)          //当前状态倒计时结束
 240   4              {
C51 COMPILER V9.60.0.0   ____                                                              05/22/2026 09:45:27 PAGE 5   

 241   5                change_state();   //切换到下一个交通灯状态
 242   5              }
 243   4            }
 244   3            
 245   3            // 检测是否有完整串口命令待处理
 246   3            if(pc_dat[4] == 0xDD)
 247   3            {
 248   4              process_cmd();        //处理串口命令
 249   4            }
 250   3          }
 251   2        }
 252   1      }
 253          
 254          //////////////////////////////////////////////定时器T0中断处理（10ms一次）
 255          void Timer0_isr() interrupt 1 
 256          {
 257   1        static uchar t100 = 0;            //1秒计数器（100×10ms=1s）
 258   1        static uchar t50  = 0;            //0.5秒计数器（50×10ms=0.5s）
 259   1        
 260   1        t100++;
 261   1        t50++;
 262   1        
 263   1        if(t100 == 100)                   //每10ms中断一次，10ms*100=1s
 264   1        {
 265   2          t100 = 0;                     //清零1秒计数
 266   2          flag = 1;                     //置位1秒标志
 267   2          
 268   2          if(!night_mode && sec > 0)    //日间模式且未到0
 269   2            sec--;                    //倒计时减1
 270   2        }
 271   1        
 272   1        if(t50 == 50)                     //50×10ms=0.5s
 273   1        {
 274   2          t50 = 0;                      //清零0.5秒计数
 275   2          half_flag = 1;                //置位0.5秒标志
 276   2        }
 277   1      }
 278          
 279          ///////////////////////////////////////////串口接收中断（接收PC/无线模块发来的十六进制指令）
 280          void Uart_1() interrupt 4
 281          {  
 282   1        if(RI)                       //等待接收指令是否接收完，接收完RI就置1
 283   1        {           
 284   2          RI = 0;                    //软件清零RI标志
 285   2          pc_dat[sum] = SBUF;          //将串口通信模块发来的指令存到pc_dat[]数组
 286   2          
 287   2          // 收到结束符0xDD时重置sum，为下次接收准备
 288   2          if(pc_dat[sum] == 0xDD)
 289   2          {
 290   3            sum = 0;                 //归零，等待主循环处理
 291   3          }
 292   2          else
 293   2          {
 294   3            sum++;
 295   3            if(sum >= 10) sum = 0;   //防止数组越界
 296   3          }
 297   2        } 
 298   1      }


MODULE INFORMATION:   STATIC OVERLAYABLE
   CODE SIZE        =    520    ----
C51 COMPILER V9.60.0.0   ____                                                              05/22/2026 09:45:27 PAGE 6   

   CONSTANT SIZE    =   ----    ----
   XDATA SIZE       =   ----    ----
   PDATA SIZE       =   ----    ----
   DATA SIZE        =     28    ----
   IDATA SIZE       =   ----    ----
   BIT SIZE         =      4    ----
END OF MODULE INFORMATION.


C51 COMPILATION COMPLETE.  0 WARNING(S),  0 ERROR(S)
