BL51 BANKED LINKER/LOCATER V6.22.2.0                                                    05/22/2026  09:45:27  PAGE 1


BL51 BANKED LINKER/LOCATER V6.22.2.0, INVOKED BY:
D:\KEIL5\C51\BIN\BL51.EXE .\Objects\STARTUP.obj, .\Objects\程序.obj TO .\Objects\程序 PRINT (.\Listings\程序.m51) RAMSIZ
>> E (256)


MEMORY MODEL: SMALL


INPUT MODULES INCLUDED:
  .\Objects\STARTUP.obj (?C_STARTUP)
  .\Objects\程序.obj (____)
  D:\KEIL5\C51\LIB\C51S.LIB (?C_INIT)


LINK MAP OF MODULE:  .\Objects\程序 (?C_STARTUP)


            TYPE    BASE      LENGTH    RELOCATION   SEGMENT NAME
            -----------------------------------------------------

            * * * * * * *   D A T A   M E M O R Y   * * * * * * *
            REG     0000H     0008H     ABSOLUTE     "REG BANK 0"
                    0008H     0018H                  *** GAP ***
            BIT     0020H.0   0000H.4   UNIT         ?BI?____
                    0020H.4   0000H.4                *** GAP ***
            DATA    0021H     001CH     UNIT         ?DT?____
            IDATA   003DH     0001H     UNIT         ?STACK

            * * * * * * *   C O D E   M E M O R Y   * * * * * * *
            CODE    0000H     0003H     ABSOLUTE     
                    0003H     0008H                  *** GAP ***
            CODE    000BH     0003H     ABSOLUTE     
                    000EH     0015H                  *** GAP ***
            CODE    0023H     0003H     ABSOLUTE     
                    0026H     07DAH                  *** GAP ***
            CODE    0800H     008CH     UNIT         ?C_C51STARTUP
            CODE    088CH     0055H     UNIT         ?PR?MAIN?____
            CODE    08E1H     0049H     UNIT         ?PR?PROCESS_CMD?____
            CODE    092AH     003EH     UNIT         ?PR?INIT?____
            CODE    0968H     003AH     UNIT         ?PR?UART_1?____
            CODE    09A2H     0039H     UNIT         ?PR?CHANGE_STATE?____
            CODE    09DBH     0031H     UNIT         ?PR?TIMER0_ISR?____
            CODE    0A0CH     002CH     UNIT         ?PR?DISPLAY_DAY?____
            CODE    0A38H     0024H     UNIT         ?C_INITSEG
            CODE    0A5CH     0020H     UNIT         ?PR?_DELAYMS?____
            CODE    0A7CH     0018H     UNIT         ?PR?DISPLAY_NIGHT?____
            CODE    0A94H     0011H     UNIT         ?PR?ENTER_DAY_MODE?____
            CODE    0AA5H     000BH     UNIT         ?PR?ENTER_NIGHT_MODE?____
            CODE    0AB0H     0008H     UNIT         ?PR?_UART_FA?____



OVERLAY MAP OF MODULE:   .\Objects\程序 (?C_STARTUP)


SEGMENT
  +--> CALLED SEGMENT
---------------------
BL51 BANKED LINKER/LOCATER V6.22.2.0                                                  05/22/2026  09:45:27  PAGE 2


?C_C51STARTUP
  +--> ?PR?MAIN?____
  +--> ?C_INITSEG

?PR?MAIN?____
  +--> ?PR?INIT?____
  +--> ?PR?ENTER_DAY_MODE?____
  +--> ?PR?DISPLAY_NIGHT?____
  +--> ?PR?DISPLAY_DAY?____
  +--> ?PR?CHANGE_STATE?____
  +--> ?PR?PROCESS_CMD?____

?PR?DISPLAY_NIGHT?____
  +--> ?PR?_DELAYMS?____

?PR?DISPLAY_DAY?____
  +--> ?PR?_DELAYMS?____

?PR?PROCESS_CMD?____
  +--> ?PR?ENTER_DAY_MODE?____
  +--> ?PR?ENTER_NIGHT_MODE?____



SYMBOL TABLE OF MODULE:  .\Objects\程序 (?C_STARTUP)

  VALUE           TYPE          NAME
  ----------------------------------

  -------         MODULE        ?C_STARTUP
  C:0800H         SEGMENT       ?C_C51STARTUP
  I:003DH         SEGMENT       ?STACK
  C:0000H         PUBLIC        ?C_STARTUP
  D:00E0H         SYMBOL        ACC
  D:00F0H         SYMBOL        B
  D:0083H         SYMBOL        DPH
  D:0082H         SYMBOL        DPL
  N:0000H         SYMBOL        IBPSTACK
  N:0100H         SYMBOL        IBPSTACKTOP
  N:0080H         SYMBOL        IDATALEN
  C:0803H         SYMBOL        IDATALOOP
  N:0000H         SYMBOL        PBPSTACK
  N:0100H         SYMBOL        PBPSTACKTOP
  N:0000H         SYMBOL        PDATALEN
  N:0000H         SYMBOL        PDATASTART
  N:0000H         SYMBOL        PPAGE
  N:0000H         SYMBOL        PPAGEENABLE
  D:00A0H         SYMBOL        PPAGE_SFR
  D:0081H         SYMBOL        SP
  C:0800H         SYMBOL        STARTUP1
  N:0000H         SYMBOL        XBPSTACK
  N:0000H         SYMBOL        XBPSTACKTOP
  N:0000H         SYMBOL        XDATALEN
  N:0000H         SYMBOL        XDATASTART
  C:0000H         LINE#         126
  C:0800H         LINE#         133
  C:0802H         LINE#         134
BL51 BANKED LINKER/LOCATER V6.22.2.0                                                  05/22/2026  09:45:27  PAGE 3


  C:0803H         LINE#         135
  C:0804H         LINE#         136
  C:0806H         LINE#         185
  C:0809H         LINE#         196
  -------         ENDMOD        ?C_STARTUP

  -------         MODULE        ____
  C:0000H         SYMBOL        _ICE_DUMMY_
  D:0093H         PUBLIC        P0M1
  D:0092H         PUBLIC        P1M0
  D:0096H         PUBLIC        P2M0
  D:0091H         PUBLIC        P1M1
  D:0080H         PUBLIC        P0
  D:00B2H         PUBLIC        P3M0
  D:0095H         PUBLIC        P2M1
  D:0090H         PUBLIC        P1
  D:00B4H         PUBLIC        P4M0
  D:00B1H         PUBLIC        P3M1
  D:00A0H         PUBLIC        P2
  D:00CAH         PUBLIC        P5M0
  D:00B3H         PUBLIC        P4M1
  D:00B0H         PUBLIC        P3
  D:00C9H         PUBLIC        P5M1
  D:00C0H         PUBLIC        P4
  D:00C8H         PUBLIC        P5
  D:00E8H         PUBLIC        P6
  B:00A8H.7       PUBLIC        EA
  D:00F8H         PUBLIC        P7
  B:0020H.0       PUBLIC        yel_on
  D:0023H         PUBLIC        table
  D:00A2H         PUBLIC        P_SW1
  B:00B0H.4       PUBLIC        GG
  D:00A8H         PUBLIC        IE
  B:00A8H.4       PUBLIC        ES
  D:00B8H         PUBLIC        IP
  C:08E1H         PUBLIC        process_cmd
  B:0020H.1       PUBLIC        half_flag
  C:0A0CH         PUBLIC        display_day
  B:0098H.0       PUBLIC        RI
  B:0020H.2       PUBLIC        flag
  B:0098H.1       PUBLIC        TI
  D:002DH         PUBLIC        state
  D:002EH         PUBLIC        gsec
  B:00B0H.2       PUBLIC        RR
  D:00D8H         PUBLIC        CCON
  B:0020H.3       PUBLIC        night_mode
  C:088CH         PUBLIC        main
  C:0AA5H         PUBLIC        enter_night_mode
  C:0968H         PUBLIC        Uart_1
  D:002FH         PUBLIC        rsec
  D:0099H         PUBLIC        SBUF
  B:00B0H.3       PUBLIC        YY
  C:0A5CH         PUBLIC        _DelayMs
  D:0098H         PUBLIC        SCON
  D:0089H         PUBLIC        TMOD
  D:0088H         PUBLIC        TCON
  C:092AH         PUBLIC        init
BL51 BANKED LINKER/LOCATER V6.22.2.0                                                  05/22/2026  09:45:27  PAGE 4


  D:0030H         PUBLIC        ysec
  D:0031H         PUBLIC        sec
  D:008EH         PUBLIC        AUXR
  C:0A94H         PUBLIC        enter_day_mode
  B:00A8H.1       PUBLIC        ET0
  D:008CH         PUBLIC        TH0
  D:00D6H         PUBLIC        T2H
  D:008AH         PUBLIC        TL0
  D:00D7H         PUBLIC        T2L
  D:0032H         PUBLIC        sum
  B:0088H.4       PUBLIC        TR0
  C:09DBH         PUBLIC        Timer0_isr
  C:0AB0H         PUBLIC        _uart_fa
  C:09A2H         PUBLIC        change_state
  D:0033H         PUBLIC        pc_dat
  B:00C8H.4       PUBLIC        D1
  B:00C8H.5       PUBLIC        D2
  C:0A7CH         PUBLIC        display_night
  D:00D0H         PUBLIC        PSW
  D:0094H         PUBLIC        P0M0
  -------         PROC          _DELAYMS
  D:0006H         SYMBOL        ms
  -------         DO            
  D:0004H         SYMBOL        i
  D:0002H         SYMBOL        j
  -------         ENDDO         
  C:0A5CH         LINE#         32
  C:0A5CH         LINE#         33
  C:0A5CH         LINE#         35
  C:0A5FH         LINE#         36
  C:0A7BH         LINE#         37
  -------         ENDPROC       _DELAYMS
  -------         PROC          _UART_FA
  D:0007H         SYMBOL        dat
  C:0AB0H         LINE#         39
  C:0AB0H         LINE#         40
  C:0AB0H         LINE#         41
  C:0AB2H         LINE#         42
  C:0AB5H         LINE#         43
  C:0AB7H         LINE#         44
  -------         ENDPROC       _UART_FA
  -------         PROC          INIT
  C:092AH         LINE#         46
  C:092AH         LINE#         47
  C:092AH         LINE#         49
  C:092FH         LINE#         50
  C:0933H         LINE#         51
  C:0937H         LINE#         52
  C:093BH         LINE#         53
  C:093FH         LINE#         54
  C:0943H         LINE#         56
  C:0946H         LINE#         57
  C:0949H         LINE#         58
  C:094BH         LINE#         59
  C:094EH         LINE#         60
  C:0950H         LINE#         61
  C:0952H         LINE#         63
BL51 BANKED LINKER/LOCATER V6.22.2.0                                                  05/22/2026  09:45:27  PAGE 5


  C:0955H         LINE#         64
  C:0958H         LINE#         65
  C:095BH         LINE#         66
  C:095EH         LINE#         67
  C:0961H         LINE#         68
  C:0964H         LINE#         69
  C:0967H         LINE#         70
  -------         ENDPROC       INIT
  -------         PROC          DISPLAY_DAY
  C:0A0CH         LINE#         72
  C:0A0CH         LINE#         73
  C:0A0CH         LINE#         74
  C:0A10H         LINE#         75
  C:0A1EH         LINE#         76
  C:0A25H         LINE#         78
  C:0A29H         LINE#         79
  C:0A35H         LINE#         80
  -------         ENDPROC       DISPLAY_DAY
  -------         PROC          DISPLAY_NIGHT
  C:0A7CH         LINE#         84
  C:0A7CH         LINE#         85
  C:0A7CH         LINE#         87
  C:0A80H         LINE#         88
  C:0A83H         LINE#         89
  C:0A8AH         LINE#         92
  C:0A8EH         LINE#         93
  C:0A91H         LINE#         94
  -------         ENDPROC       DISPLAY_NIGHT
  -------         PROC          ENTER_NIGHT_MODE
  C:0AA5H         LINE#         98
  C:0AA5H         LINE#         99
  C:0AA5H         LINE#         100
  C:0AA7H         LINE#         101
  C:0AA9H         LINE#         102
  C:0AABH         LINE#         103
  C:0AADH         LINE#         104
  C:0AAFH         LINE#         105
  -------         ENDPROC       ENTER_NIGHT_MODE
  -------         PROC          ENTER_DAY_MODE
  C:0A94H         LINE#         108
  C:0A94H         LINE#         109
  C:0A94H         LINE#         110
  C:0A96H         LINE#         111
  C:0A99H         LINE#         112
  C:0A9CH         LINE#         113
  C:0A9EH         LINE#         114
  C:0AA0H         LINE#         115
  C:0AA2H         LINE#         116
  C:0AA4H         LINE#         117
  -------         ENDPROC       ENTER_DAY_MODE
  -------         PROC          CHANGE_STATE
  C:09A2H         LINE#         120
  C:09A2H         LINE#         121
  C:09A2H         LINE#         122
  C:09AEH         LINE#         123
  C:09AEH         LINE#         124
  C:09AEH         LINE#         125
BL51 BANKED LINKER/LOCATER V6.22.2.0                                                  05/22/2026  09:45:27  PAGE 6


  C:09B1H         LINE#         126
  C:09B4H         LINE#         127
  C:09B6H         LINE#         128
  C:09B8H         LINE#         129
  C:09BAH         LINE#         130
  C:09BCH         LINE#         131
  C:09BDH         LINE#         133
  C:09BDH         LINE#         134
  C:09C0H         LINE#         135
  C:09C3H         LINE#         136
  C:09C5H         LINE#         137
  C:09C7H         LINE#         138
  C:09C9H         LINE#         139
  C:09CBH         LINE#         140
  C:09CCH         LINE#         142
  C:09CCH         LINE#         143
  C:09CFH         LINE#         144
  C:09D2H         LINE#         145
  C:09D4H         LINE#         146
  C:09D6H         LINE#         147
  C:09D8H         LINE#         148
  C:09DAH         LINE#         149
  C:09DAH         LINE#         150
  C:09DAH         LINE#         151
  -------         ENDPROC       CHANGE_STATE
  -------         PROC          PROCESS_CMD
  -------         DO            
  D:0007H         SYMBOL        i
  -------         ENDDO         
  C:08E1H         LINE#         159
  C:08E1H         LINE#         160
  C:08E1H         LINE#         163
  C:08E7H         LINE#         166
  C:08EFH         LINE#         167
  C:08EFH         LINE#         168
  C:08F2H         LINE#         169
  C:08F5H         LINE#         170
  C:08F5H         LINE#         171
  C:08F5H         LINE#         172
  C:08F7H         LINE#         174
  C:08FDH         LINE#         175
  C:08FDH         LINE#         176
  C:0906H         LINE#         177
  C:0906H         LINE#         178
  C:0906H         LINE#         179
  C:0909H         LINE#         180
  C:090CH         LINE#         181
  C:090FH         LINE#         182
  C:0911H         LINE#         184
  C:0911H         LINE#         185
  C:0914H         LINE#         186
  C:0914H         LINE#         187
  C:0914H         LINE#         188
  C:0914H         LINE#         191
  C:0929H         LINE#         192
  -------         ENDPROC       PROCESS_CMD
  -------         PROC          MAIN
BL51 BANKED LINKER/LOCATER V6.22.2.0                                                  05/22/2026  09:45:27  PAGE 7


  C:088CH         LINE#         195
  C:088CH         LINE#         196
  C:088CH         LINE#         197
  C:088FH         LINE#         200
  C:0892H         LINE#         202
  C:0894H         LINE#         203
  C:0896H         LINE#         205
  C:0896H         LINE#         206
  C:0896H         LINE#         208
  C:0899H         LINE#         209
  C:089EH         LINE#         211
  C:08A1H         LINE#         214
  C:08A4H         LINE#         215
  C:08A4H         LINE#         216
  C:08A6H         LINE#         218
  C:08A9H         LINE#         219
  C:08A9H         LINE#         221
  C:08ABH         LINE#         222
  C:08B4H         LINE#         223
  C:08B6H         LINE#         224
  C:08BCH         LINE#         225
  C:08BCH         LINE#         227
  C:08BEH         LINE#         228
  C:08C7H         LINE#         229
  C:08C7H         LINE#         230
  C:08C7H         LINE#         233
  C:08CAH         LINE#         234
  C:08CAH         LINE#         235
  C:08CCH         LINE#         237
  C:08CFH         LINE#         238
  C:08CFH         LINE#         239
  C:08D3H         LINE#         240
  C:08D3H         LINE#         241
  C:08D6H         LINE#         242
  C:08D6H         LINE#         243
  C:08D6H         LINE#         246
  C:08DCH         LINE#         247
  C:08DCH         LINE#         248
  C:08DFH         LINE#         249
  C:08DFH         LINE#         250
  C:08DFH         LINE#         251
  -------         ENDPROC       MAIN
  -------         PROC          TIMER0_ISR
  -------         DO            
  D:0021H         SYMBOL        t100
  D:0022H         SYMBOL        t50
  -------         ENDDO         
  C:09DBH         LINE#         255
  C:09DFH         LINE#         260
  C:09E1H         LINE#         261
  C:09E3H         LINE#         263
  C:09E9H         LINE#         264
  C:09E9H         LINE#         265
  C:09EBH         LINE#         266
  C:09EDH         LINE#         268
  C:09FBH         LINE#         269
  C:09FDH         LINE#         270
BL51 BANKED LINKER/LOCATER V6.22.2.0                                                  05/22/2026  09:45:27  PAGE 8


  C:09FDH         LINE#         272
  C:0A03H         LINE#         273
  C:0A03H         LINE#         274
  C:0A05H         LINE#         275
  C:0A07H         LINE#         276
  C:0A07H         LINE#         277
  -------         ENDPROC       TIMER0_ISR
  -------         PROC          UART_1
  C:0968H         LINE#         280
  C:0971H         LINE#         282
  C:0974H         LINE#         283
  C:0974H         LINE#         284
  C:0976H         LINE#         285
  C:097DH         LINE#         288
  C:0987H         LINE#         289
  C:0987H         LINE#         290
  C:0989H         LINE#         291
  C:098BH         LINE#         293
  C:098BH         LINE#         294
  C:098DH         LINE#         295
  C:099BH         LINE#         296
  C:099BH         LINE#         297
  C:099BH         LINE#         298
  -------         ENDPROC       UART_1
  -------         ENDMOD        ____

*** WARNING L16: UNCALLED SEGMENT, IGNORED FOR OVERLAY PROCESS
    SEGMENT: ?PR?_UART_FA?____

******************************************************************************
* RESTRICTED VERSION WITH 0800H BYTE CODE SIZE LIMIT; USED: 0240H BYTE (28%) *
******************************************************************************

Program Size: data=37.4 xdata=0 code=705
LINK/LOCATE RUN COMPLETE.  1 WARNING(S),  0 ERROR(S)
